Archive member included to satisfy reference by file (symbol)

app/libapp.a(pwm.c.obj)       (--whole-archive)
zephyr/libzephyr.a(crc32_sw.c.obj)
                              (--whole-archive)
zephyr/libzephyr.a(crc16_sw.c.obj)
                              (--whole-archive)
zephyr/libzephyr.a(crc8_sw.c.obj)
                              (--whole-archive)
zephyr/libzephyr.a(crc7_sw.c.obj)
                              (--whole-archive)
zephyr/libzephyr.a(dec.c.obj)
                              (--whole-archive)
zephyr/libzephyr.a(fdtable.c.obj)
                              (--whole-archive)
zephyr/libzephyr.a(hex.c.obj)
                              (--whole-archive)
zephyr/libzephyr.a(mempool.c.obj)
                              (--whole-archive)
zephyr/libzephyr.a(rb.c.obj)  (--whole-archive)
zephyr/libzephyr.a(sem.c.obj)
                              (--whole-archive)
zephyr/libzephyr.a(thread_entry.c.obj)
                              (--whole-archive)
zephyr/libzephyr.a(timeutil.c.obj)
                              (--whole-archive)
zephyr/libzephyr.a(work_q.c.obj)
                              (--whole-archive)
zephyr/libzephyr.a(printk.c.obj)
                              (--whole-archive)
zephyr/libzephyr.a(configs.c.obj)
                              (--whole-archive)
zephyr/libzephyr.a(soc.c.obj)
                              (--whole-archive)
zephyr/libzephyr.a(arm_mpu_regions.c.obj)
                              (--whole-archive)
zephyr/libzephyr.a(stm32cube_hal.c.obj)
                              (--whole-archive)
zephyr/libzephyr.a(uart_console.c.obj)
                              (--whole-archive)
zephyr/libzephyr.a(exti_stm32.c.obj)
                              (--whole-archive)
zephyr/libzephyr.a(clock_stm32_ll_common.c.obj)
                              (--whole-archive)
zephyr/libzephyr.a(clock_stm32f2_f4_f7.c.obj)
                              (--whole-archive)
zephyr/libzephyr.a(pinmux_stm32.c.obj)
                              (--whole-archive)
zephyr/libzephyr.a(sys_clock_init.c.obj)
                              (--whole-archive)
zephyr/libzephyr.a(cortex_m_systick.c.obj)
                              (--whole-archive)
zephyr/arch/common/libarch__common.a(isr_tables.c.obj)
                              (--whole-archive)
zephyr/arch/common/libarch__common.a(sw_isr_common.c.obj)
                              (--whole-archive)
zephyr/arch/arch/arm/core/libarch__arm__core.a(exc_exit.S.obj)
                              (--whole-archive)
zephyr/arch/arch/arm/core/libarch__arm__core.a(swap.c.obj)
                              (--whole-archive)
zephyr/arch/arch/arm/core/libarch__arm__core.a(swap_helper.S.obj)
                              (--whole-archive)
zephyr/arch/arch/arm/core/libarch__arm__core.a(irq_manage.c.obj)
                              (--whole-archive)
zephyr/arch/arch/arm/core/libarch__arm__core.a(thread.c.obj)
                              (--whole-archive)
zephyr/arch/arch/arm/core/libarch__arm__core.a(cpu_idle.S.obj)
                              (--whole-archive)
zephyr/arch/arch/arm/core/libarch__arm__core.a(fault_s.S.obj)
                              (--whole-archive)
zephyr/arch/arch/arm/core/libarch__arm__core.a(fatal.c.obj)
                              (--whole-archive)
zephyr/arch/arch/arm/core/libarch__arm__core.a(nmi.c.obj)
                              (--whole-archive)
zephyr/arch/arch/arm/core/libarch__arm__core.a(nmi_on_reset.S.obj)
                              (--whole-archive)
zephyr/arch/arch/arm/core/libarch__arm__core.a(prep_c.c.obj)
                              (--whole-archive)
zephyr/arch/arch/arm/core/libarch__arm__core.a(isr_wrapper.S.obj)
                              (--whole-archive)
zephyr/arch/arch/arm/core/cortex_m/libarch__arm__core__cortex_m.a(vector_table.S.obj)
                              (--whole-archive)
zephyr/arch/arch/arm/core/cortex_m/libarch__arm__core__cortex_m.a(reset.S.obj)
                              (--whole-archive)
zephyr/arch/arch/arm/core/cortex_m/libarch__arm__core__cortex_m.a(fault.c.obj)
                              (--whole-archive)
zephyr/arch/arch/arm/core/cortex_m/libarch__arm__core__cortex_m.a(scb.c.obj)
                              (--whole-archive)
zephyr/arch/arch/arm/core/cortex_m/libarch__arm__core__cortex_m.a(irq_init.c.obj)
                              (--whole-archive)
zephyr/arch/arch/arm/core/cortex_m/libarch__arm__core__cortex_m.a(thread_abort.c.obj)
                              (--whole-archive)
zephyr/arch/arch/arm/core/cortex_m/mpu/libarch__arm__core__cortex_m__mpu.a(arm_core_mpu.c.obj)
                              (--whole-archive)
zephyr/arch/arch/arm/core/cortex_m/mpu/libarch__arm__core__cortex_m__mpu.a(arm_mpu.c.obj)
                              (--whole-archive)
zephyr/lib/libc/newlib/liblib__libc__newlib.a(libc-hooks.c.obj)
                              (--whole-archive)
zephyr/lib/posix/liblib__posix.a(pthread_common.c.obj)
                              (--whole-archive)
[...]
Memory Configuration

Name             Origin             Length             Attributes
FLASH            0x0000000008000000 0x0000000000080000 xr
SRAM             0x0000000020000000 0x0000000000020000 xw
IDT_LIST         0x0000000020020000 0x0000000000000800 xw
*default*        0x0000000000000000 0xffffffffffffffff

Linker script and memory map

LOAD zephyr/CMakeFiles/zephyr_final.dir/misc/empty_file.c.obj
LOAD zephyr/CMakeFiles/zephyr_final.dir/isr_tables.c.obj
                0x0000000000000020                _region_min_align = 0x20

.rel.plt        0x0000000008000000        0x0
 *(SORT_BY_ALIGNMENT(.rel.plt))
                [!provide]                        PROVIDE (__rel_iplt_start = .)
 *(SORT_BY_ALIGNMENT(.rel.iplt))
 .rel.iplt      0x0000000008000000        0x0 zephyr/CMakeFiles/zephyr_final.dir/isr_tables.c.obj
                [!provide]                        PROVIDE (__rel_iplt_end = .)

.rela.plt       0x0000000000000000        0x0
 *(SORT_BY_ALIGNMENT(.rela.plt))
                [!provide]                        PROVIDE (__rela_iplt_start = .)
 *(SORT_BY_ALIGNMENT(.rela.iplt))
                [!provide]                        PROVIDE (__rela_iplt_end = .)

.rel.dyn
 *(SORT_BY_ALIGNMENT(.rel.*))

.rela.dyn
 *(SORT_BY_ALIGNMENT(.rela.*))

/DISCARD/
 *(SORT_BY_ALIGNMENT(.plt))
 *(SORT_BY_ALIGNMENT(.iplt))
 *(SORT_BY_ALIGNMENT(.got.plt))
 *(SORT_BY_ALIGNMENT(.igot.plt))
 *(SORT_BY_ALIGNMENT(.got))
 *(SORT_BY_ALIGNMENT(.igot))
 *(SORT_BY_ALIGNMENT(.irq_info))
 *(SORT_BY_ALIGNMENT(.intList))
 *(SORT_BY_ALIGNMENT(.note.GNU-stack))
                0x0000000008000000                _image_rom_start = 0x8000000

text            0x0000000008000000      0x1c4
                0x0000000000000000                . = 0x0
                0x0000000008000000                _vector_start = .
 *(SORT_BY_ALIGNMENT(.exc_vector_table))
 *(SORT_BY_ALIGNMENT(.exc_vector_table.*))
 .exc_vector_table._vector_table_section
                0x0000000008000000       0x40 zephyr/arch/arch/arm/core/cortex_m/libarch__arm__core__cortex_m.a(vector_table.S.obj)
                0x0000000008000000                _vector_table
 *(SORT_BY_ALIGNMENT(.gnu.linkonce.irq_vector_table))
 .gnu.linkonce.irq_vector_table
                0x0000000008000040      0x184 zephyr/CMakeFiles/zephyr_final.dir/isr_tables.c.obj
                0x0000000008000040                _irq_vector_table
 *(SORT_BY_ALIGNMENT(.vectors))
 *(SORT_BY_ALIGNMENT(.openocd_dbg))
 *(SORT_BY_ALIGNMENT(.openocd_dbg.*))
                0x00000000080001c4                _vector_end = .

_TEXT_SECTION_NAME_2
                0x00000000080001d0     0x745e
                0x00000000080001d0                _image_text_start = .
 *(SORT_BY_ALIGNMENT(.text))
 .text          0x00000000080001d0       0xa0 /home/mmo/zephyr/arm-zephyr-eabi/arm-zephyr-eabi/lib/thumb/v7e-m+fp/hard/libc.a(lib_a-memchr.o)
                0x00000000080001d0                memchr
 .text          0x0000000008000270       0xa0 /home/mmo/zephyr/arm-zephyr-eabi/arm-zephyr-eabi/lib/thumb/v7e-m+fp/hard/libm.a(lib_a-s_cos.o)
                0x0000000008000270                cos
 .text          0x0000000008000310       0xa8 /home/mmo/zephyr/arm-zephyr-eabi/arm-zephyr-eabi/lib/thumb/v7e-m+fp/hard/libm.a(lib_a-s_sin.o)
                0x0000000008000310                sin
 .text          0x00000000080003b8      0x3e8 /home/mmo/zephyr/arm-zephyr-eabi/arm-zephyr-eabi/lib/thumb/v7e-m+fp/hard/libm.a(lib_a-e_rem_pio2.o)
                0x00000000080003b8                __ieee754_rem_pio2
 .text          0x00000000080007a0      0x18c /home/mmo/zephyr/arm-zephyr-eabi/arm-zephyr-eabi/lib/thumb/v7e-m+fp/hard/libm.a(lib_a-k_cos.o)
                0x00000000080007a0                __kernel_cos
 *fill*         0x000000000800092c        0x4 
 .text          0x0000000008000930      0x670 /home/mmo/zephyr/arm-zephyr-eabi/arm-zephyr-eabi/lib/thumb/v7e-m+fp/hard/libm.a(lib_a-k_rem_pio2.o)
                0x0000000008000930                __kernel_rem_pio2
 .text          0x0000000008000fa0      0x174 /home/mmo/zephyr/arm-zephyr-eabi/arm-zephyr-eabi/lib/thumb/v7e-m+fp/hard/libm.a(lib_a-k_sin.o)
                0x0000000008000fa0                __kernel_sin
 *fill*         0x0000000008001114        0x4 
 .text          0x0000000008001118      0x100 /home/mmo/zephyr/arm-zephyr-eabi/arm-zephyr-eabi/lib/thumb/v7e-m+fp/hard/libm.a(lib_a-s_floor.o)
                0x0000000008001118                floor
 .text          0x0000000008001218      0x10c /home/mmo/zephyr/arm-zephyr-eabi/arm-zephyr-eabi/lib/thumb/v7e-m+fp/hard/libm.a(lib_a-s_scalbn.o)
                0x0000000008001218                scalbn
 *fill*         0x0000000008001324        0x4 
 .text          0x0000000008001328      0xc60 /home/mmo/zephyr/arm-zephyr-eabi/arm-zephyr-eabi/lib/thumb/v7e-m+fp/hard/libc.a(lib_a-dtoa.o)
                0x000000000800143a                _dtoa_r
 .text          0x0000000008001f88      0x378 /home/mmo/zephyr/arm-zephyr-eabi/bin/../lib/gcc/arm-zephyr-eabi/8.3.0/thumb/v7e-m+fp/hard/libgcc.a(_arm_addsubdf3.o)
                0x0000000008001f88                __aeabi_drsub
                0x0000000008001f90                __aeabi_dsub
                0x0000000008001f90                __subdf3
                0x0000000008001f94                __adddf3
                0x0000000008001f94                __aeabi_dadd
                0x000000000800220c                __aeabi_ui2d
                0x000000000800220c                __floatunsidf
                0x000000000800222c                __floatsidf
                0x000000000800222c                __aeabi_i2d
                0x0000000008002250                __extendsfdf2
                0x0000000008002250                __aeabi_f2d
                0x0000000008002294                __aeabi_ul2d
                0x0000000008002294                __floatundidf
                0x00000000080022a4                __floatdidf
                0x00000000080022a4                __aeabi_l2d
 .text          0x0000000008002300      0x424 /home/mmo/zephyr/arm-zephyr-eabi/bin/../lib/gcc/arm-zephyr-eabi/8.3.0/thumb/v7e-m+fp/hard/libgcc.a(_arm_muldivdf3.o)
                0x0000000008002300                __aeabi_dmul
                0x0000000008002300                __muldf3
                0x0000000008002554                __aeabi_ddiv
                0x0000000008002554                __divdf3
 .text          0x0000000008002724      0x110 /home/mmo/zephyr/arm-zephyr-eabi/bin/../lib/gcc/arm-zephyr-eabi/8.3.0/thumb/v7e-m+fp/hard/libgcc.a(_arm_cmpdf2.o)
                0x0000000008002724                __gtdf2
                0x0000000008002724                __gedf2
                0x000000000800272c                __ltdf2
                0x000000000800272c                __ledf2
                0x0000000008002734                __cmpdf2
                0x0000000008002734                __eqdf2
                0x0000000008002734                __nedf2
                0x00000000080027b0                __aeabi_cdrcmple
                0x00000000080027c0                __aeabi_cdcmple
                0x00000000080027c0                __aeabi_cdcmpeq
                0x00000000080027d0                __aeabi_dcmpeq
                0x00000000080027e4                __aeabi_dcmplt
                0x00000000080027f8                __aeabi_dcmple
                0x000000000800280c                __aeabi_dcmpge
                0x0000000008002820                __aeabi_dcmpgt
 .text          0x0000000008002834       0xa0 /home/mmo/zephyr/arm-zephyr-eabi/bin/../lib/gcc/arm-zephyr-eabi/8.3.0/thumb/v7e-m+fp/hard/libgcc.a(_arm_truncdfsf2.o)
                0x0000000008002834                __aeabi_d2f
                0x0000000008002834                __truncdfsf2
 .text          0x00000000080028d4      0x574 /home/mmo/zephyr/arm-zephyr-eabi/arm-zephyr-eabi/lib/thumb/v7e-m+fp/hard/libc.a(lib_a-nano-vfprintf_float.o)
                0x00000000080028d4                __cvt
                0x000000000800298e                __exponent
                0x00000000080029f2                _printf_float
 .text          0x0000000008002e48      0x314 /home/mmo/zephyr/arm-zephyr-eabi/arm-zephyr-eabi/lib/thumb/v7e-m+fp/hard/libc.a(lib_a-nano-vfprintf_i.o)
                0x0000000008002e48                _printf_common
                0x0000000008002f32                _printf_i
 .text          0x000000000800315c       0x40 /home/mmo/zephyr/arm-zephyr-eabi/arm-zephyr-eabi/lib/thumb/v7e-m+fp/hard/libc.a(lib_a-printf.o)
                0x000000000800315c                _printf_r
                0x000000000800315c                _iprintf_r
                0x0000000008003178                printf
                0x0000000008003178                iprintf
 .text          0x000000000800319c       0x14 /home/mmo/zephyr/arm-zephyr-eabi/arm-zephyr-eabi/lib/thumb/v7e-m+fp/hard/libc.a(lib_a-localeconv.o)
                0x000000000800319c                __localeconv_l
                0x00000000080031a0                _localeconv_r
                0x00000000080031a8                localeconv
 .text          0x00000000080031b0      0x7d4 /home/mmo/zephyr/arm-zephyr-eabi/arm-zephyr-eabi/lib/thumb/v7e-m+fp/hard/libc.a(lib_a-mprec.o)
                0x00000000080031b0                _Balloc
                0x00000000080031fa                _Bfree
                0x000000000800320c                __multadd
                0x0000000008003282                __s2b
                0x00000000080032fe                __hi0bits
                0x000000000800333e                __lo0bits
                0x000000000800339e                __i2b
                0x00000000080033b0                __multiply
                0x00000000080034d0                __pow5mult
                0x0000000008003550                __lshift
                0x00000000080035f6                __mcmp
                0x000000000800362a                __mdiff
                0x00000000080036e4                __ulp
                0x0000000008003730                __b2d
                0x00000000080037d0                __d2b
                0x000000000800386c                __ratio
                0x00000000080038d2                _mprec_log10
                0x000000000800390c                __copybits
                0x0000000008003940                __any_on
 .text          0x0000000008003984       0xac /home/mmo/zephyr/arm-zephyr-eabi/arm-zephyr-eabi/lib/thumb/v7e-m+fp/hard/libc.a(lib_a-nano-mallocr.o)
                0x0000000008003984                _malloc_r
 .text          0x0000000008003a30      0x270 /home/mmo/zephyr/arm-zephyr-eabi/arm-zephyr-eabi/lib/thumb/v7e-m+fp/hard/libc.a(lib_a-nano-vfprintf.o)
                0x0000000008003a5e                __sfputs_r
                0x0000000008003a82                __sprint_r
                0x0000000008003a9c                _vfiprintf_r
                0x0000000008003a9c                _vfprintf_r
                0x0000000008003c8c                vfiprintf
                0x0000000008003c8c                vfprintf
 .text          0x0000000008003ca0       0x20 /home/mmo/zephyr/arm-zephyr-eabi/arm-zephyr-eabi/lib/thumb/v7e-m+fp/hard/libc.a(lib_a-sbrkr.o)
                0x0000000008003ca0                _sbrk_r
 .text          0x0000000008003cc0       0x8c /home/mmo/zephyr/arm-zephyr-eabi/arm-zephyr-eabi/lib/thumb/v7e-m+fp/hard/libc.a(lib_a-wbuf.o)
                0x0000000008003cc0                __swbuf_r
                0x0000000008003d3a                __swbuf
 .text          0x0000000008003d4c       0xb0 /home/mmo/zephyr/arm-zephyr-eabi/arm-zephyr-eabi/lib/thumb/v7e-m+fp/hard/libc.a(lib_a-wsetup.o)
                0x0000000008003d4c                __swsetup_r
 .text          0x0000000008003dfc      0x164 /home/mmo/zephyr/arm-zephyr-eabi/arm-zephyr-eabi/lib/thumb/v7e-m+fp/hard/libc.a(lib_a-fflush.o)
                0x0000000008003dfc                __sflush_r
                0x0000000008003f18                _fflush_r
                0x0000000008003f3c                fflush
 .text          0x0000000008003f60      0x148 /home/mmo/zephyr/arm-zephyr-eabi/arm-zephyr-eabi/lib/thumb/v7e-m+fp/hard/libc.a(lib_a-findfp.o)
                0x0000000008003fa8                _cleanup_r
                0x0000000008003fb4                __sfmoreglue
                0x0000000008003fe0                _cleanup
                0x0000000008003fec                __sinit
                0x0000000008004030                __sfp
 .text          0x00000000080040a8      0x2a0 /home/mmo/zephyr/arm-zephyr-eabi/arm-zephyr-eabi/lib/thumb/v7e-m+fp/hard/libc.a(lib_a-fvwrite.o)
                0x00000000080040a8                __sfvwrite_r
 .text          0x0000000008004348       0xd8 /home/mmo/zephyr/arm-zephyr-eabi/arm-zephyr-eabi/lib/thumb/v7e-m+fp/hard/libc.a(lib_a-makebuf.o)
                0x0000000008004348                __swhatbuf_r
                0x000000000800439e                __smakebuf_r
 .text          0x0000000008004420       0x38 /home/mmo/zephyr/arm-zephyr-eabi/arm-zephyr-eabi/lib/thumb/v7e-m+fp/hard/libc.a(lib_a-mbtowc_r.o)
                0x0000000008004420                _mbtowc_r
                0x0000000008004434                __ascii_mbtowc
 .text          0x0000000008004458       0x9c /home/mmo/zephyr/arm-zephyr-eabi/arm-zephyr-eabi/lib/thumb/v7e-m+fp/hard/libc.a(lib_a-nano-freer.o)
                0x0000000008004458                _free_r
 .text          0x00000000080044f4       0x30 /home/mmo/zephyr/arm-zephyr-eabi/arm-zephyr-eabi/lib/thumb/v7e-m+fp/hard/libc.a(lib_a-wctomb_r.o)
                0x00000000080044f4                _wctomb_r
                0x0000000008004508                __ascii_wctomb
 .text          0x0000000008004524       0x24 /home/mmo/zephyr/arm-zephyr-eabi/arm-zephyr-eabi/lib/thumb/v7e-m+fp/hard/libc.a(lib_a-writer.o)
                0x0000000008004524                _write_r
 .text          0x0000000008004548       0x20 /home/mmo/zephyr/arm-zephyr-eabi/arm-zephyr-eabi/lib/thumb/v7e-m+fp/hard/libc.a(lib_a-closer.o)
                0x0000000008004548                _close_r
 .text          0x0000000008004568       0x24 /home/mmo/zephyr/arm-zephyr-eabi/arm-zephyr-eabi/lib/thumb/v7e-m+fp/hard/libc.a(lib_a-fstatr.o)
                0x0000000008004568                _fstat_r
 .text          0x000000000800458c       0x20 /home/mmo/zephyr/arm-zephyr-eabi/arm-zephyr-eabi/lib/thumb/v7e-m+fp/hard/libc.a(lib_a-isattyr.o)
                0x000000000800458c                _isatty_r
 .text          0x00000000080045ac       0x24 /home/mmo/zephyr/arm-zephyr-eabi/arm-zephyr-eabi/lib/thumb/v7e-m+fp/hard/libc.a(lib_a-lseekr.o)
                0x00000000080045ac                _lseek_r
 .text          0x00000000080045d0       0x24 /home/mmo/zephyr/arm-zephyr-eabi/arm-zephyr-eabi/lib/thumb/v7e-m+fp/hard/libc.a(lib_a-readr.o)
                0x00000000080045d0                _read_r
 .text          0x00000000080045f4       0x2c /home/mmo/zephyr/arm-zephyr-eabi/bin/../lib/gcc/arm-zephyr-eabi/8.3.0/thumb/v7e-m+fp/hard/libgcc.a(_arm_unorddf2.o)
                0x00000000080045f4                __aeabi_dcmpun
                0x00000000080045f4                __unorddf2
 .text          0x0000000008004620       0x50 /home/mmo/zephyr/arm-zephyr-eabi/bin/../lib/gcc/arm-zephyr-eabi/8.3.0/thumb/v7e-m+fp/hard/libgcc.a(_arm_fixdfsi.o)
                0x0000000008004620                __fixdfsi
                0x0000000008004620                __aeabi_d2iz
 .text          0x0000000008004670       0x12 /home/mmo/zephyr/arm-zephyr-eabi/arm-zephyr-eabi/lib/thumb/v7e-m+fp/hard/libm.a(lib_a-s_fabs.o)
                0x0000000008004670                fabs
 .text          0x0000000008004682       0x1c /home/mmo/zephyr/arm-zephyr-eabi/arm-zephyr-eabi/lib/thumb/v7e-m+fp/hard/libc.a(lib_a-memcpy-stub.o)
                0x0000000008004682                memcpy
 .text          0x000000000800469e       0x10 /home/mmo/zephyr/arm-zephyr-eabi/arm-zephyr-eabi/lib/thumb/v7e-m+fp/hard/libc.a(lib_a-memset.o)
                0x000000000800469e                memset
 .text          0x00000000080046ae       0x14 /home/mmo/zephyr/arm-zephyr-eabi/arm-zephyr-eabi/lib/thumb/v7e-m+fp/hard/libc.a(lib_a-strcmp.o)
                0x00000000080046ae                strcmp
 .text          0x00000000080046c2       0x10 /home/mmo/zephyr/arm-zephyr-eabi/arm-zephyr-eabi/lib/thumb/v7e-m+fp/hard/libc.a(lib_a-strlen.o)
                0x00000000080046c2                strlen
 .text          0x00000000080046d2       0x1c /home/mmo/zephyr/arm-zephyr-eabi/arm-zephyr-eabi/lib/thumb/v7e-m+fp/hard/libc.a(lib_a-nano-callocr.o)
                0x00000000080046d2                _calloc_r
 .text          0x00000000080046ee       0x74 /home/mmo/zephyr/arm-zephyr-eabi/arm-zephyr-eabi/lib/thumb/v7e-m+fp/hard/libc.a(lib_a-fwalk.o)
                0x00000000080046ee                _fwalk
                0x0000000008004726                _fwalk_reent
 .text          0x0000000008004762       0x34 /home/mmo/zephyr/arm-zephyr-eabi/arm-zephyr-eabi/lib/thumb/v7e-m+fp/hard/libc.a(lib_a-memmove.o)
                0x0000000008004762                memmove
 .text          0x0000000008004796        0x4 /home/mmo/zephyr/arm-zephyr-eabi/arm-zephyr-eabi/lib/thumb/v7e-m+fp/hard/libc.a(lib_a-mlock.o)
                0x0000000008004796                __malloc_lock
                0x0000000008004798                __malloc_unlock
 .text          0x000000000800479a       0x4c /home/mmo/zephyr/arm-zephyr-eabi/arm-zephyr-eabi/lib/thumb/v7e-m+fp/hard/libc.a(lib_a-nano-reallocr.o)
                0x000000000800479a                _realloc_r
 .text          0x00000000080047e6       0x8a /home/mmo/zephyr/arm-zephyr-eabi/arm-zephyr-eabi/lib/thumb/v7e-m+fp/hard/libc.a(lib_a-stdio.o)
                0x00000000080047e6                __sread
                0x0000000008004808                __seofread
                0x000000000800480c                __swrite
                0x0000000008004844                __sseek
                0x0000000008004868                __sclose
 .text          0x0000000008004870       0x10 /home/mmo/zephyr/arm-zephyr-eabi/arm-zephyr-eabi/lib/thumb/v7e-m+fp/hard/libc.a(lib_a-nano-msizer.o)
                0x0000000008004870                _malloc_usable_size_r
 *(SORT_BY_ALIGNMENT(.text.*))
 .text.translation
                0x0000000008004880      0x124 app/libapp.a(pwm.c.obj)
                0x0000000008004880                translation
 *fill*         0x00000000080049a4        0x4 
 .text.main     0x00000000080049a8       0x6c app/libapp.a(pwm.c.obj)
                0x00000000080049a8                main
 .text.char_out
                0x0000000008004a14       0x10 zephyr/libzephyr.a(printk.c.obj)
 .text._printk_dec_ulong
                0x0000000008004a24       0x98 zephyr/libzephyr.a(printk.c.obj)
 .text.__printk_hook_install
                0x0000000008004abc        0xc zephyr/libzephyr.a(printk.c.obj)
                0x0000000008004abc                __printk_hook_install
 .text.vprintk  0x0000000008004ac8       0x1c zephyr/libzephyr.a(printk.c.obj)
                0x0000000008004ac8                vprintk
 .text.st_stm32f4_init
                0x0000000008004ae4       0x2c zephyr/libzephyr.a(soc.c.obj)
 .text.console_out
                0x0000000008004b10       0x28 zephyr/libzephyr.a(uart_console.c.obj)
 .text.uart_console_hook_install
                0x0000000008004b38       0x18 zephyr/libzephyr.a(uart_console.c.obj)
                0x0000000008004b38                uart_console_hook_install
 .text.uart_console_init
                0x0000000008004b50       0x1c zephyr/libzephyr.a(uart_console.c.obj)
 .text.__stm32_exti_isr
                0x0000000008004b6c       0x40 zephyr/libzephyr.a(exti_stm32.c.obj)
 .text.stm32_exti_enable
                0x0000000008004bac       0x30 zephyr/libzephyr.a(exti_stm32.c.obj)
                0x0000000008004bac                stm32_exti_enable
 .text.stm32_exti_disable
                0x0000000008004bdc       0x18 zephyr/libzephyr.a(exti_stm32.c.obj)
                0x0000000008004bdc                stm32_exti_disable
 .text.stm32_exti_trigger
                0x0000000008004bf4       0x30 zephyr/libzephyr.a(exti_stm32.c.obj)
                0x0000000008004bf4                stm32_exti_trigger
 .text.stm32_exti_set_callback
                0x0000000008004c24       0x24 zephyr/libzephyr.a(exti_stm32.c.obj)
                0x0000000008004c24                stm32_exti_set_callback
 .text.stm32_exti_unset_callback
                0x0000000008004c48       0x18 zephyr/libzephyr.a(exti_stm32.c.obj)
                0x0000000008004c48                stm32_exti_unset_callback
 .text.stm32_clock_control_on
                0x0000000008004c60       0x70 zephyr/libzephyr.a(clock_stm32_ll_common.c.obj)
 .text.stm32_clock_control_off
                0x0000000008004cd0       0x54 zephyr/libzephyr.a(clock_stm32_ll_common.c.obj)
 .text.stm32_clock_control_get_subsys_rate
                0x0000000008004d24       0x24 zephyr/libzephyr.a(clock_stm32_ll_common.c.obj)
 .text.stm32_clock_control_init
                0x0000000008004d48       0x84 zephyr/libzephyr.a(clock_stm32_ll_common.c.obj)
 .text.config_enable_default_clocks
                0x0000000008004dcc       0x20 zephyr/libzephyr.a(clock_stm32f2_f4_f7.c.obj)
                0x0000000008004dcc                config_enable_default_clocks
 .text.z_pinmux_stm32_set
                0x0000000008004dec       0x5c zephyr/libzephyr.a(pinmux_stm32.c.obj)
                0x0000000008004dec                z_pinmux_stm32_set
 .text.stm32_setup_pins
                0x0000000008004e48       0x30 zephyr/libzephyr.a(pinmux_stm32.c.obj)
                0x0000000008004e48                stm32_setup_pins
 .text.elapsed  0x0000000008004e78       0x4c zephyr/libzephyr.a(cortex_m_systick.c.obj)
 .text.z_clock_isr
                0x0000000008004ec4       0x50 zephyr/libzephyr.a(cortex_m_systick.c.obj)
                0x0000000008004ec4                z_clock_isr
 .text.z_clock_driver_init
                0x0000000008004f14       0x38 zephyr/libzephyr.a(cortex_m_systick.c.obj)
                0x0000000008004f14                z_clock_driver_init
 .text.z_clock_set_timeout
                0x0000000008004f4c       0xa4 zephyr/libzephyr.a(cortex_m_systick.c.obj)
                0x0000000008004f4c                z_clock_set_timeout
 .text.z_clock_elapsed
                0x0000000008004ff0       0x3c zephyr/libzephyr.a(cortex_m_systick.c.obj)
                0x0000000008004ff0                z_clock_elapsed
 .text._HandlerModeExit
                0x000000000800502c       0x1c zephyr/arch/arch/arm/core/libarch__arm__core.a(exc_exit.S.obj)
                0x000000000800502c                z_arm_exc_exit
                0x000000000800502c                z_arm_int_exit
 .text.arch_swap
                0x0000000008005048       0x34 zephyr/arch/arch/arm/core/libarch__arm__core.a(swap.c.obj)
                0x0000000008005048                arch_swap
 .text.z_arm_pendsv
                0x000000000800507c       0xb0 zephyr/arch/arch/arm/core/libarch__arm__core.a(swap_helper.S.obj)
                0x000000000800507c                z_arm_pendsv
 .text.z_arm_svc
                0x000000000800512c       0x20 zephyr/arch/arch/arm/core/libarch__arm__core.a(swap_helper.S.obj)
                0x000000000800512c                z_arm_svc
 .text.arch_irq_enable
                0x000000000800514c       0x20 zephyr/arch/arch/arm/core/libarch__arm__core.a(irq_manage.c.obj)
                0x000000000800514c                arch_irq_enable
 .text.z_arm_irq_priority_set
                0x000000000800516c       0x30 zephyr/arch/arch/arm/core/libarch__arm__core.a(irq_manage.c.obj)
                0x000000000800516c                z_arm_irq_priority_set
 .text.arch_new_thread
                0x000000000800519c       0x48 zephyr/arch/arch/arm/core/libarch__arm__core.a(thread.c.obj)
                0x000000000800519c                arch_new_thread
 .text.arch_switch_to_main_thread
                0x00000000080051e4       0x54 zephyr/arch/arch/arm/core/libarch__arm__core.a(thread.c.obj)
                0x00000000080051e4                arch_switch_to_main_thread
 .text.z_arm_cpu_idle_init
                0x0000000008005238        0xc zephyr/arch/arch/arm/core/libarch__arm__core.a(cpu_idle.S.obj)
                0x0000000008005238                z_arm_cpu_idle_init
 .text.arch_cpu_idle
                0x0000000008005244        0xc zephyr/arch/arch/arm/core/libarch__arm__core.a(cpu_idle.S.obj)
                0x0000000008005244                arch_cpu_idle
 .text.__fault  0x0000000008005250       0x14 zephyr/arch/arch/arm/core/libarch__arm__core.a(fault_s.S.obj)
                0x0000000008005250                z_arm_bus_fault
                0x0000000008005250                z_arm_usage_fault
                0x0000000008005250                z_arm_mpu_fault
                0x0000000008005250                z_arm_reserved
                0x0000000008005250                z_arm_debug_monitor
                0x0000000008005250                z_arm_hard_fault
 .text.z_SysNmiOnReset
                0x0000000008005264        0x8 zephyr/arch/arch/arm/core/libarch__arm__core.a(nmi_on_reset.S.obj)
                0x0000000008005264                z_SysNmiOnReset
 .text.z_arm_prep_c
                0x000000000800526c       0x50 zephyr/arch/arch/arm/core/libarch__arm__core.a(prep_c.c.obj)
                0x000000000800526c                z_arm_prep_c
 .text._isr_wrapper
                0x00000000080052bc       0x28 zephyr/arch/arch/arm/core/libarch__arm__core.a(isr_wrapper.S.obj)
                0x00000000080052bc                _isr_wrapper
 .text._reset_section
                0x00000000080052e4       0x2c zephyr/arch/arch/arm/core/cortex_m/libarch__arm__core__cortex_m.a(reset.S.obj)
                0x00000000080052e4                z_arm_reset
                0x00000000080052e4                __start
 .text.mem_manage_fault.isra.2
                0x0000000008005310       0x38 zephyr/arch/arch/arm/core/cortex_m/libarch__arm__core__cortex_m.a(fault.c.obj)
 .text.bus_fault.isra.3
                0x0000000008005348       0x3c zephyr/arch/arch/arm/core/cortex_m/libarch__arm__core__cortex_m.a(fault.c.obj)
 .text.usage_fault.isra.4
                0x0000000008005384       0x24 zephyr/arch/arch/arm/core/cortex_m/libarch__arm__core__cortex_m.a(fault.c.obj)
 .text.z_arm_fault
                0x00000000080053a8       0xe8 zephyr/arch/arch/arm/core/cortex_m/libarch__arm__core__cortex_m.a(fault.c.obj)
                0x00000000080053a8                z_arm_fault
 .text.z_arm_fault_init
                0x0000000008005490       0x10 zephyr/arch/arch/arm/core/cortex_m/libarch__arm__core__cortex_m.a(fault.c.obj)
                0x0000000008005490                z_arm_fault_init
 .text.z_arm_int_lib_init
                0x00000000080054a0       0x18 zephyr/arch/arch/arm/core/cortex_m/libarch__arm__core__cortex_m.a(irq_init.c.obj)
                0x00000000080054a0                z_arm_int_lib_init
 .text.z_impl_k_thread_abort
                0x00000000080054b8       0x4c zephyr/arch/arch/arm/core/cortex_m/libarch__arm__core__cortex_m.a(thread_abort.c.obj)
                0x00000000080054b8                z_impl_k_thread_abort
 .text.z_arm_configure_static_mpu_regions
                0x0000000008005504       0x38 zephyr/arch/arch/arm/core/cortex_m/mpu/libarch__arm__core__cortex_m__mpu.a(arm_core_mpu.c.obj)
                0x0000000008005504                z_arm_configure_static_mpu_regions
 .text.mpu_configure_regions
                0x000000000800553c       0x88 zephyr/arch/arch/arm/core/cortex_m/mpu/libarch__arm__core__cortex_m__mpu.a(arm_mpu.c.obj)
 .text.arm_core_mpu_enable
                0x00000000080055c4       0x14 zephyr/arch/arch/arm/core/cortex_m/mpu/libarch__arm__core__cortex_m__mpu.a(arm_mpu.c.obj)
                0x00000000080055c4                arm_core_mpu_enable
 .text.arm_core_mpu_disable
                0x00000000080055d8       0x10 zephyr/arch/arch/arm/core/cortex_m/mpu/libarch__arm__core__cortex_m__mpu.a(arm_mpu.c.obj)
                0x00000000080055d8                arm_core_mpu_disable
 .text.arm_mpu_init
                0x00000000080055e8       0x5c zephyr/arch/arch/arm/core/cortex_m/mpu/libarch__arm__core__cortex_m__mpu.a(arm_mpu.c.obj)
 .text.arm_core_mpu_configure_static_mpu_regions
                0x0000000008005644       0x14 zephyr/arch/arch/arm/core/cortex_m/mpu/libarch__arm__core__cortex_m__mpu.a(arm_mpu.c.obj)
                0x0000000008005644                arm_core_mpu_configure_static_mpu_regions
 .text.arm_core_mpu_configure_dynamic_mpu_regions
                0x0000000008005658       0x2c zephyr/arch/arch/arm/core/cortex_m/mpu/libarch__arm__core__cortex_m__mpu.a(arm_mpu.c.obj)
                0x0000000008005658                arm_core_mpu_configure_dynamic_mpu_regions
 .text.__stdout_hook_install
                0x0000000008005684        0xc zephyr/lib/libc/newlib/liblib__libc__newlib.a(libc-hooks.c.obj)
                0x0000000008005684                __stdout_hook_install
 .text.z_impl_zephyr_read_stdin
                0x0000000008005690       0x28 zephyr/lib/libc/newlib/liblib__libc__newlib.a(libc-hooks.c.obj)
                0x0000000008005690                z_impl_zephyr_read_stdin
 .text.z_impl_zephyr_write_stdout
                0x00000000080056b8       0x30 zephyr/lib/libc/newlib/liblib__libc__newlib.a(libc-hooks.c.obj)
                0x00000000080056b8                z_impl_zephyr_write_stdout
 .text._sbrk    0x00000000080056e8       0x40 zephyr/lib/libc/newlib/liblib__libc__newlib.a(libc-hooks.c.obj)
                0x00000000080056e8                _sbrk
                0x00000000080056e8                sbrk
 .text.pinmux_stm32_init
                0x0000000008005728       0x14 zephyr/boards/arm/nucleo_f446re/libboards__arm__nucleo_f446re.a(pinmux.c.obj)
 .text.gpio_stm32_init
                0x000000000800573c       0x24 zephyr/drivers/gpio/libdrivers__gpio.a(gpio_stm32.c.obj)
 .text.gpio_stm32_config
                0x0000000008005760      0x164 zephyr/drivers/gpio/libdrivers__gpio.a(gpio_stm32.c.obj)
 .text.pwm_stm32_pin_set
                0x00000000080058c4       0xf8 zephyr/drivers/pwm/libdrivers__pwm.a(pwm_stm32.c.obj)
 .text.pwm_stm32_init
                0x00000000080059bc       0x28 zephyr/drivers/pwm/libdrivers__pwm.a(pwm_stm32.c.obj)
 .text.uart_stm32_configure
                0x00000000080059e4      0x114 zephyr/drivers/serial/libdrivers__serial.a(uart_stm32.c.obj)
 .text.uart_stm32_init
                0x0000000008005af8       0x7c zephyr/drivers/serial/libdrivers__serial.a(uart_stm32.c.obj)
 .text.TIM_OC1_SetConfig
                0x0000000008005b74       0x64 modules/stm32/stm32cube/lib..__modules__hal__stm32__stm32cube.a(stm32f4xx_hal_tim.c.obj)
 .text.TIM_OC3_SetConfig
                0x0000000008005bd8       0x6c modules/stm32/stm32cube/lib..__modules__hal__stm32__stm32cube.a(stm32f4xx_hal_tim.c.obj)
 .text.TIM_OC4_SetConfig
                0x0000000008005c44       0x4c modules/stm32/stm32cube/lib..__modules__hal__stm32__stm32cube.a(stm32f4xx_hal_tim.c.obj)
 .text.TIM_Base_SetConfig
                0x0000000008005c90       0xcc modules/stm32/stm32cube/lib..__modules__hal__stm32__stm32cube.a(stm32f4xx_hal_tim.c.obj)
                0x0000000008005c90                TIM_Base_SetConfig
 .text.TIM_OC2_SetConfig
                0x0000000008005d5c       0x6c modules/stm32/stm32cube/lib..__modules__hal__stm32__stm32cube.a(stm32f4xx_hal_tim.c.obj)
                0x0000000008005d5c                TIM_OC2_SetConfig
 .text.HAL_TIM_OC_Start
                0x0000000008005dc8       0x40 modules/stm32/stm32cube/lib..__modules__hal__stm32__stm32cube.a(stm32f4xx_hal_tim.c.obj)
                0x0000000008005dc8                HAL_TIM_OC_Start
 .text.LL_RCC_PLL_ConfigDomain_SYS
                0x0000000008005e08       0x34 modules/stm32/stm32cube/lib..__modules__hal__stm32__stm32cube.a(stm32f4xx_ll_utils.c.obj)
 .text.UTILS_PLL_IsBusy
                0x0000000008005e3c       0x28 modules/stm32/stm32cube/lib..__modules__hal__stm32__stm32cube.a(stm32f4xx_ll_utils.c.obj)
 .text.UTILS_SetFlashLatency.part.0
                0x0000000008005e64      0x104 modules/stm32/stm32cube/lib..__modules__hal__stm32__stm32cube.a(stm32f4xx_ll_utils.c.obj)
 .text.UTILS_EnablePLLAndSwitchSystem
                0x0000000008005f68       0xa0 modules/stm32/stm32cube/lib..__modules__hal__stm32__stm32cube.a(stm32f4xx_ll_utils.c.obj)
 .text.LL_PLL_ConfigSystemClock_HSE
                0x0000000008006008       0x74 modules/stm32/stm32cube/lib..__modules__hal__stm32__stm32cube.a(stm32f4xx_ll_utils.c.obj)
                0x0000000008006008                LL_PLL_ConfigSystemClock_HSE
 .text.z_sys_device_do_config_level
                0x000000000800607c       0x2c zephyr/kernel/libkernel.a(device.c.obj)
                0x000000000800607c                z_sys_device_do_config_level
 .text.z_impl_device_get_binding
                0x00000000080060a8       0x4c zephyr/kernel/libkernel.a(device.c.obj)
                0x00000000080060a8                z_impl_device_get_binding
 .text.z_bss_zero
                0x00000000080060f4       0x14 zephyr/kernel/libkernel.a(init.c.obj)
                0x00000000080060f4                z_bss_zero
 .text.z_data_copy
                0x0000000008006108       0x34 zephyr/kernel/libkernel.a(init.c.obj)
                0x0000000008006108                z_data_copy
 .text.bg_thread_main
                0x000000000800613c       0x30 zephyr/kernel/libkernel.a(init.c.obj)
 .text.z_cstart
                0x000000000800616c      0x10c zephyr/kernel/libkernel.a(init.c.obj)
                0x000000000800616c                z_cstart
 .text.init_static_pools
                0x0000000008006278       0x28 zephyr/kernel/libkernel.a(mempool.c.obj)
                0x0000000008006278                init_static_pools
 .text.z_reset_time_slice
                0x00000000080062a0       0x2c zephyr/kernel/libkernel.a(sched.c.obj)
                0x00000000080062a0                z_reset_time_slice
 .text.k_sched_time_slice_set
                0x00000000080062cc       0x40 zephyr/kernel/libkernel.a(sched.c.obj)
                0x00000000080062cc                k_sched_time_slice_set
 .text.k_sched_lock
                0x000000000800630c       0x28 zephyr/kernel/libkernel.a(sched.c.obj)
                0x000000000800630c                k_sched_lock
 .text.z_priq_dumb_remove
                0x0000000008006334       0x2c zephyr/kernel/libkernel.a(sched.c.obj)
                0x0000000008006334                z_priq_dumb_remove
 .text.update_cache
                0x0000000008006360       0x3c zephyr/kernel/libkernel.a(sched.c.obj)
 .text.k_sched_unlock
                0x000000000800639c       0x38 zephyr/kernel/libkernel.a(sched.c.obj)
                0x000000000800639c                k_sched_unlock
 .text.z_add_thread_to_ready_q
                0x00000000080063d4       0x6c zephyr/kernel/libkernel.a(sched.c.obj)
                0x00000000080063d4                z_add_thread_to_ready_q
 .text.z_move_thread_to_end_of_prio_q
                0x0000000008006440       0x84 zephyr/kernel/libkernel.a(sched.c.obj)
                0x0000000008006440                z_move_thread_to_end_of_prio_q
 .text.z_time_slice
                0x00000000080064c4       0x6c zephyr/kernel/libkernel.a(sched.c.obj)
                0x00000000080064c4                z_time_slice
 .text.z_remove_thread_from_ready_q
                0x0000000008006530       0x4c zephyr/kernel/libkernel.a(sched.c.obj)
                0x0000000008006530                z_remove_thread_from_ready_q
 .text.pend     0x000000000800657c       0x74 zephyr/kernel/libkernel.a(sched.c.obj)
 .text.z_pend_curr
                0x00000000080065f0       0x28 zephyr/kernel/libkernel.a(sched.c.obj)
                0x00000000080065f0                z_pend_curr
 .text.z_sched_init
                0x0000000008006618       0x18 zephyr/kernel/libkernel.a(sched.c.obj)
                0x0000000008006618                z_sched_init
 .text.z_impl_k_current_get
                0x0000000008006630        0xc zephyr/kernel/libkernel.a(sched.c.obj)
                0x0000000008006630                z_impl_k_current_get
 .text.z_impl_k_sem_give
                0x000000000800663c       0x4c zephyr/kernel/libkernel.a(sem.c.obj)
                0x000000000800663c                z_impl_k_sem_give
 .text.z_impl_k_sem_take
                0x0000000008006688       0x4c zephyr/kernel/libkernel.a(sem.c.obj)
                0x0000000008006688                z_impl_k_sem_take
 .text.z_impl_k_thread_start
                0x00000000080066d4       0x48 zephyr/kernel/libkernel.a(thread.c.obj)
                0x00000000080066d4                z_impl_k_thread_start
 .text.z_setup_new_thread
                0x000000000800671c       0x30 zephyr/kernel/libkernel.a(thread.c.obj)
                0x000000000800671c                z_setup_new_thread
 .text.z_init_static_threads
                0x000000000800674c       0x90 zephyr/kernel/libkernel.a(thread.c.obj)
                0x000000000800674c                z_init_static_threads
 .text.elapsed  0x00000000080067dc       0x14 zephyr/kernel/libkernel.a(timeout.c.obj)
 .text.remove_timeout
                0x00000000080067f0       0x28 zephyr/kernel/libkernel.a(timeout.c.obj)
 .text.next_timeout
                0x0000000008006818       0x38 zephyr/kernel/libkernel.a(timeout.c.obj)
 .text.z_add_timeout
                0x0000000008006850       0x84 zephyr/kernel/libkernel.a(timeout.c.obj)
                0x0000000008006850                z_add_timeout
 .text.z_clock_announce
                0x00000000080068d4       0xac zephyr/kernel/libkernel.a(timeout.c.obj)
                0x00000000080068d4                z_clock_announce
 .text.z_sys_mem_pool_base_init
                0x0000000008006980       0x8c zephyr/libzephyr.a(mempool.c.obj)
                0x0000000008006980                z_sys_mem_pool_base_init
 .text.sys_sem_give
                0x0000000008006a0c        0xa zephyr/libzephyr.a(sem.c.obj)
                0x0000000008006a0c                sys_sem_give
 .text.sys_sem_take
                0x0000000008006a16       0x1e zephyr/libzephyr.a(sem.c.obj)
                0x0000000008006a16                sys_sem_take
 .text.z_thread_entry
                0x0000000008006a34       0x14 zephyr/libzephyr.a(thread_entry.c.obj)
                0x0000000008006a34                z_thread_entry
 .text.arch_printk_char_out
                0x0000000008006a48        0x4 zephyr/libzephyr.a(printk.c.obj)
                0x0000000008006a48                arch_printk_char_out
 .text.print_err
                0x0000000008006a4c       0x1c zephyr/libzephyr.a(printk.c.obj)
 .text.z_vprintk
                0x0000000008006a68      0x2e0 zephyr/libzephyr.a(printk.c.obj)
                0x0000000008006a68                z_vprintk
 .text.printk   0x0000000008006d48       0x1a zephyr/libzephyr.a(printk.c.obj)
                0x0000000008006d48                printk
 .text._ConfigAbsSyms
                0x0000000008006d62        0x2 zephyr/libzephyr.a(configs.c.obj)
                0x0000000008006d62                _ConfigAbsSyms
 .text.__stm32_exti_isr_0
                0x0000000008006d64        0xa zephyr/libzephyr.a(exti_stm32.c.obj)
 .text.__stm32_exti_isr_1
                0x0000000008006d6e        0xa zephyr/libzephyr.a(exti_stm32.c.obj)
 .text.__stm32_exti_isr_2
                0x0000000008006d78        0xa zephyr/libzephyr.a(exti_stm32.c.obj)
 .text.__stm32_exti_isr_3
                0x0000000008006d82        0xa zephyr/libzephyr.a(exti_stm32.c.obj)
 .text.__stm32_exti_isr_4
                0x0000000008006d8c        0xa zephyr/libzephyr.a(exti_stm32.c.obj)
 .text.__stm32_exti_isr_9_5
                0x0000000008006d96        0xa zephyr/libzephyr.a(exti_stm32.c.obj)
 .text.__stm32_exti_isr_15_10
                0x0000000008006da0        0xa zephyr/libzephyr.a(exti_stm32.c.obj)
 .text.__stm32_exti_isr_16
                0x0000000008006daa        0xa zephyr/libzephyr.a(exti_stm32.c.obj)
 .text.__stm32_exti_isr_18
                0x0000000008006db4        0xa zephyr/libzephyr.a(exti_stm32.c.obj)
 .text.__stm32_exti_isr_21
                0x0000000008006dbe        0xa zephyr/libzephyr.a(exti_stm32.c.obj)
 .text.__stm32_exti_isr_22
                0x0000000008006dc8        0xa zephyr/libzephyr.a(exti_stm32.c.obj)
 .text.stm32_exti_init
                0x0000000008006dd2       0x74 zephyr/libzephyr.a(exti_stm32.c.obj)
 .text.config_pll_init
                0x0000000008006e46       0x12 zephyr/libzephyr.a(clock_stm32f2_f4_f7.c.obj)
                0x0000000008006e46                config_pll_init
 .text.LL_RCC_MSI_Disable
                0x0000000008006e58        0x2 zephyr/libzephyr.a(clock_stm32f2_f4_f7.c.obj)
                0x0000000008006e58                LL_RCC_MSI_Disable
 .text.z_irq_spurious
                0x0000000008006e5a        0x4 zephyr/arch/arch/arm/core/libarch__arm__core.a(irq_manage.c.obj)
                0x0000000008006e5a                z_irq_spurious
 .text.z_arm_fatal_error
                0x0000000008006e5e        0x4 zephyr/arch/arch/arm/core/libarch__arm__core.a(fatal.c.obj)
                0x0000000008006e5e                z_arm_fatal_error
 .text.z_do_kernel_oops
                0x0000000008006e62        0x8 zephyr/arch/arch/arm/core/libarch__arm__core.a(fatal.c.obj)
                0x0000000008006e62                z_do_kernel_oops
 .text.z_arm_nmi
                0x0000000008006e6a        0xe zephyr/arch/arch/arm/core/libarch__arm__core.a(nmi.c.obj)
                0x0000000008006e6a                z_arm_nmi
 .text.z_arm_configure_dynamic_mpu_regions
                0x0000000008006e78       0x10 zephyr/arch/arch/arm/core/cortex_m/mpu/libarch__arm__core__cortex_m__mpu.a(arm_core_mpu.c.obj)
                0x0000000008006e78                z_arm_configure_dynamic_mpu_regions
 .text._stdout_hook_default
                0x0000000008006e88        0x6 zephyr/lib/libc/newlib/liblib__libc__newlib.a(libc-hooks.c.obj)
 .text._stdin_hook_default
                0x0000000008006e8e        0x4 zephyr/lib/libc/newlib/liblib__libc__newlib.a(libc-hooks.c.obj)
 .text._read    0x0000000008006e92        0x8 zephyr/lib/libc/newlib/liblib__libc__newlib.a(libc-hooks.c.obj)
                0x0000000008006e92                read
                0x0000000008006e92                _read
 .text._write   0x0000000008006e9a        0x8 zephyr/lib/libc/newlib/liblib__libc__newlib.a(libc-hooks.c.obj)
                0x0000000008006e9a                write
                0x0000000008006e9a                _write
 .text._close   0x0000000008006ea2        0x6 zephyr/lib/libc/newlib/liblib__libc__newlib.a(libc-hooks.c.obj)
                0x0000000008006ea2                close
                0x0000000008006ea2                _close
 .text._lseek   0x0000000008006ea8        0x4 zephyr/lib/libc/newlib/liblib__libc__newlib.a(libc-hooks.c.obj)
                0x0000000008006ea8                lseek
                0x0000000008006ea8                _lseek
 .text._isatty  0x0000000008006eac        0x4 zephyr/lib/libc/newlib/liblib__libc__newlib.a(libc-hooks.c.obj)
                0x0000000008006eac                isatty
                0x0000000008006eac                _isatty
 .text._fstat   0x0000000008006eb0        0xa zephyr/lib/libc/newlib/liblib__libc__newlib.a(libc-hooks.c.obj)
                0x0000000008006eb0                _fstat
                0x0000000008006eb0                fstat
 .text.gpio_stm32_isr
                0x0000000008006eba       0x30 zephyr/drivers/gpio/libdrivers__gpio.a(gpio_stm32.c.obj)
 .text.gpio_stm32_write
                0x0000000008006eea       0x22 zephyr/drivers/gpio/libdrivers__gpio.a(gpio_stm32.c.obj)
 .text.gpio_stm32_read
                0x0000000008006f0c       0x1e zephyr/drivers/gpio/libdrivers__gpio.a(gpio_stm32.c.obj)
 .text.gpio_stm32_manage_callback
                0x0000000008006f2a       0x56 zephyr/drivers/gpio/libdrivers__gpio.a(gpio_stm32.c.obj)
 .text.gpio_stm32_enable_callback
                0x0000000008006f80       0x1a zephyr/drivers/gpio/libdrivers__gpio.a(gpio_stm32.c.obj)
 .text.gpio_stm32_disable_callback
                0x0000000008006f9a       0x1c zephyr/drivers/gpio/libdrivers__gpio.a(gpio_stm32.c.obj)
 .text.gpio_stm32_flags_to_conf
                0x0000000008006fb6       0x3a zephyr/drivers/gpio/libdrivers__gpio.a(gpio_stm32.c.obj)
                0x0000000008006fb6                gpio_stm32_flags_to_conf
 .text.gpio_stm32_configure
                0x0000000008006ff0      0x106 zephyr/drivers/gpio/libdrivers__gpio.a(gpio_stm32.c.obj)
                0x0000000008006ff0                gpio_stm32_configure
 .text.pwm_stm32_get_cycles_per_sec
                0x00000000080070f6       0x3c zephyr/drivers/pwm/libdrivers__pwm.a(pwm_stm32.c.obj)
 .text.LL_USART_ClearFlag_PE
                0x0000000008007132       0x12 zephyr/drivers/serial/libdrivers__serial.a(uart_stm32.c.obj)
 .text.uart_stm32_poll_in
                0x0000000008007144       0x26 zephyr/drivers/serial/libdrivers__serial.a(uart_stm32.c.obj)
 .text.uart_stm32_poll_out
                0x000000000800716a       0x16 zephyr/drivers/serial/libdrivers__serial.a(uart_stm32.c.obj)
 .text.uart_stm32_err_check
                0x0000000008007180       0x4a zephyr/drivers/serial/libdrivers__serial.a(uart_stm32.c.obj)
 .text.uart_stm32_set_baudrate
                0x00000000080071ca       0x42 zephyr/drivers/serial/libdrivers__serial.a(uart_stm32.c.obj)
 .text.uart_stm32_config_get
                0x000000000800720c       0x6c zephyr/drivers/serial/libdrivers__serial.a(uart_stm32.c.obj)
 .text.HAL_TIM_PWM_MspInit
                0x0000000008007278        0x2 modules/stm32/stm32cube/lib..__modules__hal__stm32__stm32cube.a(stm32f4xx_hal_tim.c.obj)
                0x0000000008007278                HAL_TIM_PWM_MspInit
 .text.HAL_TIM_PWM_Init
                0x000000000800727a       0x34 modules/stm32/stm32cube/lib..__modules__hal__stm32__stm32cube.a(stm32f4xx_hal_tim.c.obj)
                0x000000000800727a                HAL_TIM_PWM_Init
 .text.HAL_TIM_PWM_ConfigChannel
                0x00000000080072ae       0xc4 modules/stm32/stm32cube/lib..__modules__hal__stm32__stm32cube.a(stm32f4xx_hal_tim.c.obj)
                0x00000000080072ae                HAL_TIM_PWM_ConfigChannel
 .text.TIM_CCxChannelCmd
                0x0000000008007372       0x1c modules/stm32/stm32cube/lib..__modules__hal__stm32__stm32cube.a(stm32f4xx_hal_tim.c.obj)
                0x0000000008007372                TIM_CCxChannelCmd
 .text.HAL_TIM_PWM_Start
                0x000000000800738e        0x4 modules/stm32/stm32cube/lib..__modules__hal__stm32__stm32cube.a(stm32f4xx_hal_tim.c.obj)
                0x000000000800738e                HAL_TIM_PWM_Start
 .text.arch_system_halt
                0x0000000008007392       0x12 zephyr/kernel/libkernel.a(fatal.c.obj)
                0x0000000008007392                arch_system_halt
 .text.k_sys_fatal_error_handler
                0x00000000080073a4        0x6 zephyr/kernel/libkernel.a(fatal.c.obj)
                0x00000000080073a4                k_sys_fatal_error_handler
 .text.z_fatal_error
                0x00000000080073aa       0x1e zephyr/kernel/libkernel.a(fatal.c.obj)
                0x00000000080073aa                z_fatal_error
 .text.z_is_thread_ready
                0x00000000080073c8       0x12 zephyr/kernel/libkernel.a(sched.c.obj)
 .text.z_unpend_thread_no_timeout
                0x00000000080073da       0x32 zephyr/kernel/libkernel.a(sched.c.obj)
                0x00000000080073da                z_unpend_thread_no_timeout
 .text.z_reschedule
                0x000000000800740c       0x16 zephyr/kernel/libkernel.a(sched.c.obj)
                0x000000000800740c                z_reschedule
 .text.z_reschedule_irqlock
                0x0000000008007422       0x18 zephyr/kernel/libkernel.a(sched.c.obj)
                0x0000000008007422                z_reschedule_irqlock
 .text.z_reschedule_unlocked
                0x000000000800743a       0x14 zephyr/kernel/libkernel.a(sched.c.obj)
 .text.z_priq_dumb_best
                0x000000000800744e        0xc zephyr/kernel/libkernel.a(sched.c.obj)
                0x000000000800744e                z_priq_dumb_best
 .text.z_thread_timeout
                0x000000000800745a       0x62 zephyr/kernel/libkernel.a(sched.c.obj)
                0x000000000800745a                z_thread_timeout
 .text.z_unpend_first_thread
                0x00000000080074bc       0x5a zephyr/kernel/libkernel.a(sched.c.obj)
                0x00000000080074bc                z_unpend_first_thread
 .text.z_is_thread_ready
                0x0000000008007516       0x12 zephyr/kernel/libkernel.a(thread.c.obj)
 .text.z_new_thread_init
                0x0000000008007528       0x1e zephyr/kernel/libkernel.a(thread.c.obj)
                0x0000000008007528                z_new_thread_init
 .text.z_thread_single_abort
                0x0000000008007546       0x3e zephyr/kernel/libkernel.a(thread.c.obj)
                0x0000000008007546                z_thread_single_abort
 .text.z_abort_timeout
                0x0000000008007584       0x2c zephyr/kernel/libkernel.a(timeout.c.obj)
                0x0000000008007584                z_abort_timeout
 .text.z_get_next_timeout_expiry
                0x00000000080075b0       0x20 zephyr/kernel/libkernel.a(timeout.c.obj)
                0x00000000080075b0                z_get_next_timeout_expiry
 .text.z_set_timeout_expiry
                0x00000000080075d0       0x34 zephyr/kernel/libkernel.a(timeout.c.obj)
                0x00000000080075d0                z_set_timeout_expiry
 .text.idle     0x0000000008007604       0x28 zephyr/kernel/libkernel.a(idle.c.obj)
                0x0000000008007604                idle
 .text._OffsetAbsSyms
                0x000000000800762c        0x2 zephyr/CMakeFiles/offsets.dir/arch/arm/core/offsets/offsets.c.obj
                0x000000000800762c                _OffsetAbsSyms
 *(SORT_BY_ALIGNMENT(.gnu.linkonce.t.*))
 *(SORT_BY_ALIGNMENT(.glue_7t))
 .glue_7t       0x000000000800762e        0x0 linker stubs
 *(SORT_BY_ALIGNMENT(.glue_7))
 .glue_7        0x000000000800762e        0x0 linker stubs
 *(SORT_BY_ALIGNMENT(.vfp11_veneer))
 .vfp11_veneer  0x000000000800762e        0x0 linker stubs
 *(SORT_BY_ALIGNMENT(.v4_bx))
 .v4_bx         0x000000000800762e        0x0 linker stubs
                0x000000000800762e                _image_text_end = .

.ARM.exidx      0x000000000800762e        0x0
                0x000000000800762e                __exidx_start = .
 *(SORT_BY_ALIGNMENT(.ARM.exidx*) SORT_BY_ALIGNMENT(gnu.linkonce.armexidx.*))
                0x000000000800762e                __exidx_end = .
                0x000000000800762e                _image_rodata_start = .

sw_isr_table    0x0000000008007630      0x308
                0x0000000008007630                . = ALIGN (0x0)
 *(SORT_BY_ALIGNMENT(.gnu.linkonce.sw_isr_table))
 .gnu.linkonce.sw_isr_table
                0x0000000008007630      0x308 zephyr/CMakeFiles/zephyr_final.dir/isr_tables.c.obj
                0x0000000008007630                _sw_isr_table

app_shmem_regions
                0x0000000008007938        0x0
                0x0000000008007938                __app_shmem_regions_start = .
 *(SORT_BY_NAME(SORT_BY_ALIGNMENT(.app_regions.*)))
                0x0000000008007938                __app_shmem_regions_end = .

devconfig       0x0000000008007938       0xa8
                0x0000000008007938                __devconfig_start = .
 *(SORT_BY_ALIGNMENT(.devconfig.*))
 .devconfig.init
                0x0000000008007938        0xc zephyr/libzephyr.a(soc.c.obj)
 .devconfig.init
                0x0000000008007944        0xc zephyr/libzephyr.a(uart_console.c.obj)
 .devconfig.init
                0x0000000008007950        0xc zephyr/libzephyr.a(exti_stm32.c.obj)
 .devconfig.init
                0x000000000800795c        0xc zephyr/libzephyr.a(clock_stm32_ll_common.c.obj)
 .devconfig.init
                0x0000000008007968        0xc zephyr/libzephyr.a(sys_clock_init.c.obj)
 .devconfig.init
                0x0000000008007974        0xc zephyr/arch/arch/arm/core/cortex_m/mpu/libarch__arm__core__cortex_m__mpu.a(arm_mpu.c.obj)
 .devconfig.init
                0x0000000008007980        0xc zephyr/boards/arm/nucleo_f446re/libboards__arm__nucleo_f446re.a(pinmux.c.obj)
 .devconfig.init
                0x000000000800798c       0x30 zephyr/drivers/gpio/libdrivers__gpio.a(gpio_stm32.c.obj)
 .devconfig.init
                0x00000000080079bc        0xc zephyr/drivers/pwm/libdrivers__pwm.a(pwm_stm32.c.obj)
 .devconfig.init
                0x00000000080079c8        0xc zephyr/drivers/serial/libdrivers__serial.a(uart_stm32.c.obj)
 .devconfig.init
                0x00000000080079d4        0xc zephyr/kernel/libkernel.a(mempool.c.obj)
 *(SORT_BY_NAME(SORT_BY_ALIGNMENT(.devconfig*)))
                0x00000000080079e0                __devconfig_end = .

net_l2          0x00000000080079e0        0x0
                0x00000000080079e0                __net_l2_start = .
 *(SORT_BY_ALIGNMENT(.net_l2.init))
 *(SORT_BY_NAME(SORT_BY_ALIGNMENT(.net_l2.init*)))
                0x00000000080079e0                __net_l2_end = .

_bt_channels_area
                0x00000000080079e0        0x0
                0x00000000080079e0                _bt_l2cap_fixed_chan_list_start = .
 *(SORT_BY_NAME(SORT_BY_ALIGNMENT(._bt_l2cap_fixed_chan.static.*)))
                0x00000000080079e0                _bt_l2cap_fixed_chan_list_end = .

_bt_services_area
                0x00000000080079e0        0x0
                0x00000000080079e0                _bt_gatt_service_static_list_start = .
 *(SORT_BY_NAME(SORT_BY_ALIGNMENT(._bt_gatt_service_static.static.*)))
                0x00000000080079e0                _bt_gatt_service_static_list_end = .

log_const_sections
                0x00000000080079e0        0x0
                0x00000000080079e0                __log_const_start = .
 *(SORT_BY_NAME(SORT_BY_ALIGNMENT(.log_const_*)))
                0x00000000080079e0                __log_const_end = .

log_backends_sections
                0x00000000080079e0        0x0
                0x00000000080079e0                __log_backends_start = .
 *(SORT_BY_ALIGNMENT(._log_backend.*))
                0x00000000080079e0                __log_backends_end = .

shell_root_cmds_sections
                0x00000000080079e0        0x0
                0x00000000080079e0                __shell_root_cmds_start = .
 *(SORT_BY_NAME(SORT_BY_ALIGNMENT(.shell_root_cmd_*)))
                0x00000000080079e0                __shell_root_cmds_end = .

font_entry_sections
                0x00000000080079e0        0x0
                0x00000000080079e0                __font_entry_start = .
 *(SORT_BY_NAME(SORT_BY_ALIGNMENT(._cfb_font.*)))
                0x00000000080079e0                __font_entry_end = .

rodata          0x00000000080079e0      0x668
 *(SORT_BY_ALIGNMENT(.rodata))
 .rodata        0x00000000080079e0       0x50 /home/mmo/zephyr/arm-zephyr-eabi/arm-zephyr-eabi/lib/thumb/v7e-m+fp/hard/libm.a(lib_a-k_rem_pio2.o)
 .rodata        0x0000000008007a30      0x128 /home/mmo/zephyr/arm-zephyr-eabi/arm-zephyr-eabi/lib/thumb/v7e-m+fp/hard/libc.a(lib_a-mprec.o)
                0x0000000008007a40                __mprec_tens
                0x0000000008007b08                __mprec_tinytens
                0x0000000008007b30                __mprec_bigtens
 .rodata        0x0000000008007b58        0x8 zephyr/drivers/gpio/libdrivers__gpio.a(gpio_stm32.c.obj)
 .rodata        0x0000000008007b60      0x188 /home/mmo/zephyr/arm-zephyr-eabi/arm-zephyr-eabi/lib/thumb/v7e-m+fp/hard/libm.a(lib_a-e_rem_pio2.o)
 .rodata        0x0000000008007ce8        0x4 /home/mmo/zephyr/arm-zephyr-eabi/arm-zephyr-eabi/lib/thumb/v7e-m+fp/hard/libc.a(lib_a-impure.o)
                0x0000000008007ce8                _global_impure_ptr
 .rodata        0x0000000008007cec      0x101 /home/mmo/zephyr/arm-zephyr-eabi/arm-zephyr-eabi/lib/thumb/v7e-m+fp/hard/libc.a(lib_a-ctype_.o)
                0x0000000008007cec                _ctype_
 *(SORT_BY_ALIGNMENT(.rodata.*))
 *fill*         0x0000000008007ded        0x3 
 .rodata.mpu_config
                0x0000000008007df0        0x8 zephyr/libzephyr.a(arm_mpu_regions.c.obj)
                0x0000000008007df0                mpu_config
 .rodata.mpu_regions
                0x0000000008007df8       0x18 zephyr/libzephyr.a(arm_mpu_regions.c.obj)
 .rodata.ports_enable
                0x0000000008007e10       0x2c zephyr/libzephyr.a(pinmux_stm32.c.obj)
 .rodata.pinconf
                0x0000000008007e3c       0x18 zephyr/boards/arm/nucleo_f446re/libboards__arm__nucleo_f446re.a(pinmux.c.obj)
 .rodata.gpio_stm32_cfg_a
                0x0000000008007e54       0x10 zephyr/drivers/gpio/libdrivers__gpio.a(gpio_stm32.c.obj)
 .rodata.gpio_stm32_cfg_b
                0x0000000008007e64       0x10 zephyr/drivers/gpio/libdrivers__gpio.a(gpio_stm32.c.obj)
 .rodata.gpio_stm32_cfg_c
                0x0000000008007e74       0x10 zephyr/drivers/gpio/libdrivers__gpio.a(gpio_stm32.c.obj)
 .rodata.gpio_stm32_cfg_d
                0x0000000008007e84       0x10 zephyr/drivers/gpio/libdrivers__gpio.a(gpio_stm32.c.obj)
 .rodata.gpio_stm32_driver
                0x0000000008007e94       0x1c zephyr/drivers/gpio/libdrivers__gpio.a(gpio_stm32.c.obj)
 .rodata.pwm_stm32_dev_cfg_2
                0x0000000008007eb0        0xc zephyr/drivers/pwm/libdrivers__pwm.a(pwm_stm32.c.obj)
 .rodata.pwm_stm32_drv_api_funcs
                0x0000000008007ebc        0x8 zephyr/drivers/pwm/libdrivers__pwm.a(pwm_stm32.c.obj)
 .rodata.uart_stm32_cfg_USART_2
                0x0000000008007ec4       0x14 zephyr/drivers/serial/libdrivers__serial.a(uart_stm32.c.obj)
 .rodata.uart_stm32_driver_api
                0x0000000008007ed8       0x14 zephyr/drivers/serial/libdrivers__serial.a(uart_stm32.c.obj)
 .rodata.config_levels.15623
                0x0000000008007eec       0x14 zephyr/kernel/libkernel.a(device.c.obj)
 .rodata._k_neg_eagain
                0x0000000008007f00        0x4 zephyr/kernel/libkernel.a(errno.c.obj)
                0x0000000008007f00                _k_neg_eagain
 .rodata.CSWTCH.17
                0x0000000008007f04        0x6 zephyr/drivers/serial/libdrivers__serial.a(uart_stm32.c.obj)
 .rodata.main.str1.1
                0x0000000008007f0a       0x19 app/libapp.a(pwm.c.obj)
                                         0x1f (size before relaxing)
 .rodata.translation.str1.1
                0x0000000008007f23        0x9 app/libapp.a(pwm.c.obj)
 .rodata.str1.1
                0x0000000008007f2c        0x9 zephyr/libzephyr.a(soc.c.obj)
                                          0x1 (size before relaxing)
 .rodata.str1.1
                0x0000000008007f2c        0xe zephyr/libzephyr.a(arm_mpu_regions.c.obj)
 .rodata.str1.1
                0x0000000008007f3a        0x1 zephyr/libzephyr.a(uart_console.c.obj)
 .rodata.uart_console_init.str1.1
                0x0000000008007f3a        0x7 zephyr/libzephyr.a(uart_console.c.obj)
 .rodata.exti_irq_table
                0x0000000008007f41       0x17 zephyr/libzephyr.a(exti_stm32.c.obj)
                0x0000000008007f41                exti_irq_table
 .rodata.str1.1
                0x0000000008007f58        0xb zephyr/libzephyr.a(exti_stm32.c.obj)
 .rodata.str1.1
                0x0000000008007f63        0x9 zephyr/libzephyr.a(clock_stm32_ll_common.c.obj)
 .rodata.z_pinmux_stm32_set.str1.1
                0x0000000008007f6c        0x9 zephyr/libzephyr.a(pinmux_stm32.c.obj)
 .rodata.str1.1
                0x0000000008007f6c        0xa zephyr/libzephyr.a(sys_clock_init.c.obj)
 .rodata.str1.1
                0x0000000008007f76        0x1 zephyr/arch/arch/arm/core/cortex_m/mpu/libarch__arm__core__cortex_m__mpu.a(arm_mpu.c.obj)
 .rodata.str1.1
                0x0000000008007f76        0x1 zephyr/boards/arm/nucleo_f446re/libboards__arm__nucleo_f446re.a(pinmux.c.obj)
 .rodata.gpio_stm32_init.str1.1
                0x0000000008007f76        0x9 zephyr/drivers/gpio/libdrivers__gpio.a(gpio_stm32.c.obj)
 .rodata.str1.1
                0x0000000008007f76       0x18 zephyr/drivers/gpio/libdrivers__gpio.a(gpio_stm32.c.obj)
 .rodata.pwm_stm32_init.str1.1
                0x0000000008007f8e        0x9 zephyr/drivers/pwm/libdrivers__pwm.a(pwm_stm32.c.obj)
 .rodata.str1.1
                0x0000000008007f8e        0x6 zephyr/drivers/pwm/libdrivers__pwm.a(pwm_stm32.c.obj)
 .rodata.str1.1
                0x0000000008007f94        0x7 zephyr/drivers/serial/libdrivers__serial.a(uart_stm32.c.obj)
 .rodata.uart_stm32_init.str1.1
                0x0000000008007f94        0x9 zephyr/drivers/serial/libdrivers__serial.a(uart_stm32.c.obj)
 .rodata.AHBPrescTable
                0x0000000008007f94       0x10 modules/stm32/stm32cube/lib..__modules__hal__stm32__stm32cube.a(system_stm32f4xx.c.obj)
                0x0000000008007f94                AHBPrescTable
 .rodata.bg_thread_main.str1.1
                0x0000000008007fa4       0x42 zephyr/kernel/libkernel.a(init.c.obj)
 .rodata.z_cstart.str1.1
                0x0000000008007fe6        0xa zephyr/kernel/libkernel.a(init.c.obj)
 .rodata.str1.1
                0x0000000008007ff0        0x1 zephyr/kernel/libkernel.a(mempool.c.obj)
 .rodata.str1.1
                0x0000000008007ff0       0x10 /home/mmo/zephyr/arm-zephyr-eabi/arm-zephyr-eabi/lib/thumb/v7e-m+fp/hard/libc.a(lib_a-nano-vfprintf_float.o)
                                         0x12 (size before relaxing)
 .rodata.str1.1
                0x0000000008008000       0x22 /home/mmo/zephyr/arm-zephyr-eabi/arm-zephyr-eabi/lib/thumb/v7e-m+fp/hard/libc.a(lib_a-nano-vfprintf_i.o)
 .rodata.str1.1
                0x0000000008008022        0xd /home/mmo/zephyr/arm-zephyr-eabi/arm-zephyr-eabi/lib/thumb/v7e-m+fp/hard/libc.a(lib_a-dtoa.o)
                                          0xf (size before relaxing)
 .rodata.str1.1
                0x000000000800802f       0x11 /home/mmo/zephyr/arm-zephyr-eabi/arm-zephyr-eabi/lib/thumb/v7e-m+fp/hard/libc.a(lib_a-nano-vfprintf.o)
 .rodata.str1.1
                0x0000000008008040        0x8 /home/mmo/zephyr/arm-zephyr-eabi/arm-zephyr-eabi/lib/thumb/v7e-m+fp/hard/libc.a(lib_a-locale.o)
                                          0xb (size before relaxing)
 *(SORT_BY_ALIGNMENT(.gnu.linkonce.r.*))
                0x0000000008008048                . = ALIGN (0x4)
                0x0000000008008048                _image_rodata_end = .
                0x0000000008008060                . = ALIGN (_region_min_align)
                0x0000000008010000                . = ALIGN ((0x1 << LOG2CEIL ((_image_rodata_end - _image_rom_start))))
                0x0000000008010000                _image_rom_end = .
                0x0000000020000000                . = 0x20000000
                0x0000000020000000                . = ALIGN (_region_min_align)
                0x0000000020000000                _image_ram_start = .

.ramfunc        0x0000000020000000        0x0 load address 0x0000000008008048
                0x0000000020000000                . = ALIGN (_region_min_align)
                0x0000000020000000                . = ALIGN ((0x1 << LOG2CEIL (_ramfunc_ram_size)))
                0x0000000020000000                _ramfunc_ram_start = .
 *(SORT_BY_ALIGNMENT(.ramfunc))
 *(SORT_BY_ALIGNMENT(.ramfunc.*))
                0x0000000020000000                . = ALIGN (_region_min_align)
                0x0000000020000000                . = ALIGN ((0x1 << LOG2CEIL (_ramfunc_ram_size)))
                0x0000000020000000                _ramfunc_ram_end = .
                0x0000000000000000                _ramfunc_ram_size = (_ramfunc_ram_end - _ramfunc_ram_start)
                0x0000000008008048                _ramfunc_rom_start = LOADADDR (.ramfunc)

bss             0x0000000020000000      0x300
                0x0000000020000000                . = ALIGN (0x4)
                0x0000000020000000                __bss_start = .
                0x0000000020000000                __kernel_ram_start = .
 *(SORT_BY_ALIGNMENT(.bss))
 .bss           0x0000000020000000        0x8 /home/mmo/zephyr/arm-zephyr-eabi/arm-zephyr-eabi/lib/thumb/v7e-m+fp/hard/libc.a(lib_a-nano-mallocr.o)
                0x0000000020000000                __malloc_free_list
                0x0000000020000004                __malloc_sbrk_start
 *(SORT_BY_ALIGNMENT(.bss.*))
 .bss.curr_tick
                0x0000000020000008        0x8 zephyr/kernel/libkernel.a(timeout.c.obj)
 .bss.uart_console_dev
                0x0000000020000010        0x4 zephyr/libzephyr.a(uart_console.c.obj)
 .bss.exti_data
                0x0000000020000014       0xb8 zephyr/libzephyr.a(exti_stm32.c.obj)
 .bss.announced_cycles
                0x00000000200000cc        0x4 zephyr/libzephyr.a(cortex_m_systick.c.obj)
 .bss.cycle_count
                0x00000000200000d0        0x4 zephyr/libzephyr.a(cortex_m_systick.c.obj)
 .bss.last_load
                0x00000000200000d4        0x4 zephyr/libzephyr.a(cortex_m_systick.c.obj)
 .bss.overflow_cyc
                0x00000000200000d8        0x4 zephyr/libzephyr.a(cortex_m_systick.c.obj)
 .bss.heap_sz   0x00000000200000dc        0x4 zephyr/lib/libc/newlib/liblib__libc__newlib.a(libc-hooks.c.obj)
 .bss.gpio_stm32_data_a
                0x00000000200000e0        0xc zephyr/drivers/gpio/libdrivers__gpio.a(gpio_stm32.c.obj)
 .bss.gpio_stm32_data_b
                0x00000000200000ec        0xc zephyr/drivers/gpio/libdrivers__gpio.a(gpio_stm32.c.obj)
 .bss.gpio_stm32_data_c
                0x00000000200000f8        0xc zephyr/drivers/gpio/libdrivers__gpio.a(gpio_stm32.c.obj)
 .bss.gpio_stm32_data_d
                0x0000000020000104        0xc zephyr/drivers/gpio/libdrivers__gpio.a(gpio_stm32.c.obj)
 .bss.pwm_stm32_dev_data_2
                0x0000000020000110       0x48 zephyr/drivers/pwm/libdrivers__pwm.a(pwm_stm32.c.obj)
 .bss.z_idle_thread
                0x0000000020000158       0xb0 zephyr/kernel/libkernel.a(init.c.obj)
                0x0000000020000158                z_idle_thread
 .bss.z_main_thread
                0x0000000020000208       0xb0 zephyr/kernel/libkernel.a(init.c.obj)
                0x0000000020000208                z_main_thread
 .bss._kernel   0x00000000200002b8       0x30 zephyr/kernel/libkernel.a(sched.c.obj)
                0x00000000200002b8                _kernel
 .bss.pending_current
                0x00000000200002e8        0x4 zephyr/kernel/libkernel.a(sched.c.obj)
 .bss.slice_max_prio
                0x00000000200002ec        0x4 zephyr/kernel/libkernel.a(sched.c.obj)
 .bss.slice_time
                0x00000000200002f0        0x4 zephyr/kernel/libkernel.a(sched.c.obj)
 .bss.announce_remaining
                0x00000000200002f4        0x4 zephyr/kernel/libkernel.a(timeout.c.obj)
 .bss.static_regions_num
                0x00000000200002f8        0x1 zephyr/arch/arch/arm/core/cortex_m/mpu/libarch__arm__core__cortex_m__mpu.a(arm_mpu.c.obj)
 .bss.lock      0x00000000200002f9        0x0 zephyr/kernel/libkernel.a(sem.c.obj)
 .bss.lock      0x00000000200002f9        0x0 zephyr/kernel/libkernel.a(thread.c.obj)
 *(SORT_BY_ALIGNMENT(COMMON))
 *fill*         0x00000000200002f9        0x3 
 COMMON         0x00000000200002fc        0x4 /home/mmo/zephyr/arm-zephyr-eabi/arm-zephyr-eabi/lib/thumb/v7e-m+fp/hard/libc.a(lib_a-reent.o)
                0x00000000200002fc                errno
 *(SORT_BY_ALIGNMENT(.kernel_bss.*))
                0x0000000020000300                __bss_end = ALIGN (0x4)

noinit          0x0000000020000300      0xd40
 *(SORT_BY_ALIGNMENT(.noinit))
 *(SORT_BY_ALIGNMENT(.noinit.*))
 .noinit."ZEPHYR_BASE/kernel/init.c".3
                0x0000000020000300      0x400 zephyr/kernel/libkernel.a(init.c.obj)
                0x0000000020000300                z_main_stack
 .noinit."ZEPHYR_BASE/kernel/init.c".4
                0x0000000020000700      0x140 zephyr/kernel/libkernel.a(init.c.obj)
                0x0000000020000700                z_idle_stack
 .noinit."ZEPHYR_BASE/kernel/init.c".5
                0x0000000020000840      0x800 zephyr/kernel/libkernel.a(init.c.obj)
                0x0000000020000840                _interrupt_stack
 *(SORT_BY_ALIGNMENT(.kernel_noinit.*))

datas           0x0000000020001040      0x44c load address 0x0000000008008048
                0x0000000020001040                __data_ram_start = .
 *(SORT_BY_ALIGNMENT(.data))
 .data          0x0000000020001040      0x290 /home/mmo/zephyr/arm-zephyr-eabi/arm-zephyr-eabi/lib/thumb/v7e-m+fp/hard/libc.a(lib_a-impure.o)
                0x0000000020001040                _impure_ptr
 .data          0x00000000200012d0      0x16c /home/mmo/zephyr/arm-zephyr-eabi/arm-zephyr-eabi/lib/thumb/v7e-m+fp/hard/libc.a(lib_a-locale.o)
                0x00000000200012d0                __global_locale
 *(SORT_BY_ALIGNMENT(.data.*))
 *fill*         0x000000002000143c        0x4 
 .data.absolut_pos
                0x0000000020001440       0x18 app/libapp.a(pwm.c.obj)
                0x0000000020001440                absolut_pos
 .data._char_out
                0x0000000020001458        0x4 zephyr/libzephyr.a(printk.c.obj)
                0x0000000020001458                _char_out
 .data.stm32_clock_control_api
                0x000000002000145c       0x14 zephyr/libzephyr.a(clock_stm32_ll_common.c.obj)
 .data._stdin_hook
                0x0000000020001470        0x4 zephyr/lib/libc/newlib/liblib__libc__newlib.a(libc-hooks.c.obj)
 .data._stdout_hook
                0x0000000020001474        0x4 zephyr/lib/libc/newlib/liblib__libc__newlib.a(libc-hooks.c.obj)
 .data.uart_stm32_data_USART_2
                0x0000000020001478        0x8 zephyr/drivers/serial/libdrivers__serial.a(uart_stm32.c.obj)
 .data.SystemCoreClock
                0x0000000020001480        0x4 modules/stm32/stm32cube/lib..__modules__hal__stm32__stm32cube.a(system_stm32f4xx.c.obj)
                0x0000000020001480                SystemCoreClock
 .data.timeout_list
                0x0000000020001484        0x8 zephyr/kernel/libkernel.a(timeout.c.obj)
 *(SORT_BY_ALIGNMENT(.kernel.*))
                0x0000000008008048                __data_rom_start = LOADADDR (datas)

initlevel       0x000000002000148c       0xa8 load address 0x0000000008008494
                0x000000002000148c                __device_init_start = .
                0x000000002000148c                __device_PRE_KERNEL_1_start = .
 *(SORT_BY_NAME(SORT_BY_ALIGNMENT(.init_PRE_KERNEL_1[0-9])))
 .init_PRE_KERNEL_10
                0x000000002000148c        0xc zephyr/libzephyr.a(soc.c.obj)
 .init_PRE_KERNEL_11
                0x0000000020001498        0xc zephyr/libzephyr.a(clock_stm32_ll_common.c.obj)
 .init_PRE_KERNEL_12
                0x00000000200014a4        0xc zephyr/boards/arm/nucleo_f446re/libboards__arm__nucleo_f446re.a(pinmux.c.obj)
 *(SORT_BY_NAME(SORT_BY_ALIGNMENT(.init_PRE_KERNEL_1[1-9][0-9])))
 .init_PRE_KERNEL_130
                0x00000000200014b0        0xc zephyr/kernel/libkernel.a(mempool.c.obj)
 .init_PRE_KERNEL_140
                0x00000000200014bc        0xc zephyr/arch/arch/arm/core/cortex_m/mpu/libarch__arm__core__cortex_m__mpu.a(arm_mpu.c.obj)
 .init_PRE_KERNEL_150
                0x00000000200014c8        0xc zephyr/libzephyr.a(exti_stm32.c.obj)
 .init_PRE_KERNEL_150
                0x00000000200014d4        0xc zephyr/drivers/serial/libdrivers__serial.a(uart_stm32.c.obj)
 .init_PRE_KERNEL_160
                0x00000000200014e0        0xc zephyr/libzephyr.a(uart_console.c.obj)
                0x00000000200014ec                __device_PRE_KERNEL_2_start = .
 *(SORT_BY_NAME(SORT_BY_ALIGNMENT(.init_PRE_KERNEL_2[0-9])))
 .init_PRE_KERNEL_20
                0x00000000200014ec        0xc zephyr/libzephyr.a(sys_clock_init.c.obj)
 *(SORT_BY_NAME(SORT_BY_ALIGNMENT(.init_PRE_KERNEL_2[1-9][0-9])))
                0x00000000200014f8                __device_POST_KERNEL_start = .
 *(SORT_BY_NAME(SORT_BY_ALIGNMENT(.init_POST_KERNEL[0-9])))
 *(SORT_BY_NAME(SORT_BY_ALIGNMENT(.init_POST_KERNEL[1-9][0-9])))
 .init_POST_KERNEL40
                0x00000000200014f8       0x30 zephyr/drivers/gpio/libdrivers__gpio.a(gpio_stm32.c.obj)
 .init_POST_KERNEL50
                0x0000000020001528        0xc zephyr/drivers/pwm/libdrivers__pwm.a(pwm_stm32.c.obj)
                0x0000000020001534                __device_APPLICATION_start = .
 *(SORT_BY_NAME(SORT_BY_ALIGNMENT(.init_APPLICATION[0-9])))
 *(SORT_BY_NAME(SORT_BY_ALIGNMENT(.init_APPLICATION[1-9][0-9])))
                0x0000000020001534                __device_init_end = .

initlevel_error
                0x000000002000148c        0x0
 *(SORT_BY_NAME(SORT_BY_ALIGNMENT(.init_[_A-Z0-9]*)))
                0x0000000000000001                ASSERT ((SIZEOF (initlevel_error) == 0x0), Undefined initialization levels used.)

initshell       0x0000000020001534        0x0 load address 0x000000000800853c
                0x0000000020001534                __shell_module_start = .
 *(SORT_BY_ALIGNMENT(.shell_module_*))
                0x0000000020001534                __shell_module_end = .
                0x0000000020001534                __shell_cmd_start = .
 *(SORT_BY_ALIGNMENT(.shell_cmd_*))
                0x0000000020001534                __shell_cmd_end = .

log_dynamic_sections
                0x0000000020001534        0x0 load address 0x000000000800853c
                0x0000000020001534                __log_dynamic_start = .
 *(SORT_BY_NAME(SORT_BY_ALIGNMENT(.log_dynamic_*)))
                0x0000000020001534                __log_dynamic_end = .

_static_thread_area
                0x0000000020001534        0x0 load address 0x000000000800853c
                0x0000000020001534                __static_thread_data_list_start = .
 *(SORT_BY_NAME(SORT_BY_ALIGNMENT(.__static_thread_data.static.*)))
                0x0000000020001534                __static_thread_data_list_end = .

_k_timer_area   0x0000000020001534        0x0 load address 0x000000000800853c
                0x0000000020001534                _k_timer_list_start = .
 *(SORT_BY_ALIGNMENT(._k_timer.static.*))
                0x0000000020001534                _k_timer_list_end = .

_k_mem_slab_area
                0x0000000020001534        0x0 load address 0x000000000800853c
                0x0000000020001534                _k_mem_slab_list_start = .
 *(SORT_BY_ALIGNMENT(._k_mem_slab.static.*))
                0x0000000020001534                _k_mem_slab_list_end = .

_k_mem_pool_area
                0x0000000020001534        0x0 load address 0x000000000800853c
                0x0000000020001534                _k_mem_pool_list_start = .
 *(SORT_BY_ALIGNMENT(._k_mem_pool.static.*))
                0x0000000020001534                _k_mem_pool_list_end = .

_k_sem_area     0x0000000020001534       0x10 load address 0x000000000800853c
                0x0000000020001534                _k_sem_list_start = .
 *(SORT_BY_ALIGNMENT(._k_sem.static.*))
 *(SORT_BY_ALIGNMENT(._sys_sem.static.*))
 ._sys_sem.static.heap_sem
                0x0000000020001534       0x10 zephyr/lib/libc/newlib/liblib__libc__newlib.a(libc-hooks.c.obj)
                0x0000000020001544                _k_sem_list_end = .

_k_mutex_area   0x0000000020001544       0x14 load address 0x000000000800854c
                0x0000000020001544                _k_mutex_list_start = .
 *(SORT_BY_ALIGNMENT(._k_mutex.static.*))
 ._k_mutex.static.fdtable_lock
                0x0000000020001544       0x14 zephyr/libzephyr.a(fdtable.c.obj)
                0x0000000020001558                _k_mutex_list_end = .

_k_queue_area   0x0000000020001558        0x0 load address 0x0000000008008560
                0x0000000020001558                _k_queue_list_start = .
 *(SORT_BY_ALIGNMENT(._k_queue.static.*))
 *(SORT_BY_ALIGNMENT(._k_fifo.static.*))
 *(SORT_BY_ALIGNMENT(._k_lifo.static.*))
                0x0000000020001558                _k_queue_list_end = .

_k_stack_area   0x0000000020001558        0x0 load address 0x0000000008008560
                0x0000000020001558                _k_stack_list_start = .
 *(SORT_BY_ALIGNMENT(._k_stack.static.*))
                0x0000000020001558                _k_stack_list_end = .

_k_msgq_area    0x0000000020001558        0x0 load address 0x0000000008008560
                0x0000000020001558                _k_msgq_list_start = .
 *(SORT_BY_ALIGNMENT(._k_msgq.static.*))
                0x0000000020001558                _k_msgq_list_end = .

_k_mbox_area    0x0000000020001558        0x0 load address 0x0000000008008560
                0x0000000020001558                _k_mbox_list_start = .
 *(SORT_BY_ALIGNMENT(._k_mbox.static.*))
                0x0000000020001558                _k_mbox_list_end = .

_k_pipe_area    0x0000000020001558        0x0 load address 0x0000000008008560
                0x0000000020001558                _k_pipe_list_start = .
 *(SORT_BY_ALIGNMENT(._k_pipe.static.*))
                0x0000000020001558                _k_pipe_list_end = .

_net_buf_pool_area
                0x0000000020001558        0x0 load address 0x0000000008008560
                0x0000000020001558                _net_buf_pool_list = .
 *(SORT_BY_NAME(SORT_BY_ALIGNMENT(._net_buf_pool.static.*)))

net_if          0x0000000020001558        0x0 load address 0x0000000008008560
                0x0000000020001558                __net_if_start = .
 *(SORT_BY_ALIGNMENT(.net_if.*))
 *(SORT_BY_NAME(SORT_BY_ALIGNMENT(.net_if.*)))
                0x0000000020001558                __net_if_end = .

net_if_dev      0x0000000020001558        0x0 load address 0x0000000008008560
                0x0000000020001558                __net_if_dev_start = .
 *(SORT_BY_ALIGNMENT(.net_if_dev.*))
 *(SORT_BY_NAME(SORT_BY_ALIGNMENT(.net_if_dev.*)))
                0x0000000020001558                __net_if_dev_end = .

net_l2_data     0x0000000020001558        0x0 load address 0x0000000008008560
                0x0000000020001558                __net_l2_data_start = .
 *(SORT_BY_ALIGNMENT(.net_l2.data))
 *(SORT_BY_NAME(SORT_BY_ALIGNMENT(.net_l2.data*)))
                0x0000000020001558                __net_l2_data_end = .

priv_stacks_noinit
                0x0000000020001558        0x0 load address 0x0000000008008560
                0x0000000020001558                z_priv_stacks_ram_start = .
 *(SORT_BY_ALIGNMENT(.priv_stacks.noinit))
                0x0000000020001558                z_priv_stacks_ram_end = .
                0x0000000020001558                __data_ram_end = .
                0x0000000020001558                _image_ram_end = .
                0x0000000020001558                _end = .
                0x0000000020020000                __kernel_ram_end = 0x20020000
                0x0000000000020000                __kernel_ram_size = (__kernel_ram_end - __kernel_ram_start)

.stab
 *(SORT_BY_ALIGNMENT(.stab))

.stabstr
 *(SORT_BY_ALIGNMENT(.stabstr))

.stab.excl
 *(SORT_BY_ALIGNMENT(.stab.excl))

.stab.exclstr
 *(SORT_BY_ALIGNMENT(.stab.exclstr))

.stab.index
 *(SORT_BY_ALIGNMENT(.stab.index))

.stab.indexstr
 *(SORT_BY_ALIGNMENT(.stab.indexstr))

.gnu.build.attributes
 *(SORT_BY_ALIGNMENT(.gnu.build.attributes) SORT_BY_ALIGNMENT(.gnu.build.attributes.*))

.comment        0x0000000000000000       0x2b
 *(SORT_BY_ALIGNMENT(.comment))
 .comment       0x0000000000000000       0x2b zephyr/CMakeFiles/zephyr_final.dir/isr_tables.c.obj
                                         0x2c (size before relaxing)
 .comment       0x000000000000002b       0x2c app/libapp.a(pwm.c.obj)
 .comment       0x000000000000002b       0x2c zephyr/libzephyr.a(fdtable.c.obj)
 .comment       0x000000000000002b       0x2c zephyr/libzephyr.a(mempool.c.obj)
 .comment       0x000000000000002b       0x2c zephyr/libzephyr.a(sem.c.obj)
 .comment       0x000000000000002b       0x2c zephyr/libzephyr.a(thread_entry.c.obj)
 .comment       0x000000000000002b       0x2c zephyr/libzephyr.a(printk.c.obj)
 .comment       0x000000000000002b       0x2c zephyr/libzephyr.a(configs.c.obj)
 .comment       0x000000000000002b       0x2c zephyr/libzephyr.a(soc.c.obj)
 .comment       0x000000000000002b       0x2c zephyr/libzephyr.a(arm_mpu_regions.c.obj)
 .comment       0x000000000000002b       0x2c zephyr/libzephyr.a(uart_console.c.obj)
 .comment       0x000000000000002b       0x2c zephyr/libzephyr.a(exti_stm32.c.obj)
 .comment       0x000000000000002b       0x2c zephyr/libzephyr.a(clock_stm32_ll_common.c.obj)
 .comment       0x000000000000002b       0x2c zephyr/libzephyr.a(clock_stm32f2_f4_f7.c.obj)
 .comment       0x000000000000002b       0x2c zephyr/libzephyr.a(pinmux_stm32.c.obj)
 .comment       0x000000000000002b       0x2c zephyr/libzephyr.a(sys_clock_init.c.obj)
 .comment       0x000000000000002b       0x2c zephyr/libzephyr.a(cortex_m_systick.c.obj)
 .comment       0x000000000000002b       0x2c zephyr/arch/common/libarch__common.a(isr_tables.c.obj)
 .comment       0x000000000000002b       0x2c zephyr/arch/arch/arm/core/libarch__arm__core.a(swap.c.obj)
 .comment       0x000000000000002b       0x2c zephyr/arch/arch/arm/core/libarch__arm__core.a(irq_manage.c.obj)
 .comment       0x000000000000002b       0x2c zephyr/arch/arch/arm/core/libarch__arm__core.a(thread.c.obj)
 .comment       0x000000000000002b       0x2c zephyr/arch/arch/arm/core/libarch__arm__core.a(fatal.c.obj)
 .comment       0x000000000000002b       0x2c zephyr/arch/arch/arm/core/libarch__arm__core.a(nmi.c.obj)
 .comment       0x000000000000002b       0x2c zephyr/arch/arch/arm/core/libarch__arm__core.a(prep_c.c.obj)
 .comment       0x000000000000002b       0x2c zephyr/arch/arch/arm/core/cortex_m/libarch__arm__core__cortex_m.a(fault.c.obj)
 .comment       0x000000000000002b       0x2c zephyr/arch/arch/arm/core/cortex_m/libarch__arm__core__cortex_m.a(irq_init.c.obj)
 .comment       0x000000000000002b       0x2c zephyr/arch/arch/arm/core/cortex_m/libarch__arm__core__cortex_m.a(thread_abort.c.obj)
 .comment       0x000000000000002b       0x2c zephyr/arch/arch/arm/core/cortex_m/mpu/libarch__arm__core__cortex_m__mpu.a(arm_core_mpu.c.obj)
 .comment       0x000000000000002b       0x2c zephyr/arch/arch/arm/core/cortex_m/mpu/libarch__arm__core__cortex_m__mpu.a(arm_mpu.c.obj)
 .comment       0x000000000000002b       0x2c zephyr/lib/libc/newlib/liblib__libc__newlib.a(libc-hooks.c.obj)
 .comment       0x000000000000002b       0x2c zephyr/boards/arm/nucleo_f446re/libboards__arm__nucleo_f446re.a(pinmux.c.obj)
 .comment       0x000000000000002b       0x2c zephyr/drivers/gpio/libdrivers__gpio.a(gpio_stm32.c.obj)
 .comment       0x000000000000002b       0x2c zephyr/drivers/pwm/libdrivers__pwm.a(pwm_stm32.c.obj)
 .comment       0x000000000000002b       0x2c zephyr/drivers/serial/libdrivers__serial.a(uart_stm32.c.obj)
 .comment       0x000000000000002b       0x2c modules/stm32/stm32cube/lib..__modules__hal__stm32__stm32cube.a(system_stm32f4xx.c.obj)
 .comment       0x000000000000002b       0x2c modules/stm32/stm32cube/lib..__modules__hal__stm32__stm32cube.a(stm32f4xx_hal_tim.c.obj)
 .comment       0x000000000000002b       0x2c modules/stm32/stm32cube/lib..__modules__hal__stm32__stm32cube.a(stm32f4xx_ll_utils.c.obj)
 .comment       0x000000000000002b       0x2c zephyr/kernel/libkernel.a(device.c.obj)
 .comment       0x000000000000002b       0x2c zephyr/kernel/libkernel.a(errno.c.obj)
 .comment       0x000000000000002b       0x2c zephyr/kernel/libkernel.a(fatal.c.obj)
 .comment       0x000000000000002b       0x2c zephyr/kernel/libkernel.a(init.c.obj)
 .comment       0x000000000000002b       0x2c zephyr/kernel/libkernel.a(mempool.c.obj)
 .comment       0x000000000000002b       0x2c zephyr/kernel/libkernel.a(sched.c.obj)
 .comment       0x000000000000002b       0x2c zephyr/kernel/libkernel.a(sem.c.obj)
 .comment       0x000000000000002b       0x2c zephyr/kernel/libkernel.a(thread.c.obj)
 .comment       0x000000000000002b       0x2c zephyr/kernel/libkernel.a(timeout.c.obj)
 .comment       0x000000000000002b       0x2c zephyr/kernel/libkernel.a(idle.c.obj)
 .comment       0x000000000000002b       0x2c zephyr/CMakeFiles/offsets.dir/arch/arm/core/offsets/offsets.c.obj
 .comment       0x000000000000002b       0x2c /home/mmo/zephyr/arm-zephyr-eabi/arm-zephyr-eabi/lib/thumb/v7e-m+fp/hard/libm.a(lib_a-s_cos.o)
 .comment       0x000000000000002b       0x2c /home/mmo/zephyr/arm-zephyr-eabi/arm-zephyr-eabi/lib/thumb/v7e-m+fp/hard/libm.a(lib_a-s_sin.o)
 .comment       0x000000000000002b       0x2c /home/mmo/zephyr/arm-zephyr-eabi/arm-zephyr-eabi/lib/thumb/v7e-m+fp/hard/libm.a(lib_a-e_rem_pio2.o)
 .comment       0x000000000000002b       0x2c /home/mmo/zephyr/arm-zephyr-eabi/arm-zephyr-eabi/lib/thumb/v7e-m+fp/hard/libm.a(lib_a-k_cos.o)
 .comment       0x000000000000002b       0x2c /home/mmo/zephyr/arm-zephyr-eabi/arm-zephyr-eabi/lib/thumb/v7e-m+fp/hard/libm.a(lib_a-k_rem_pio2.o)
 .comment       0x000000000000002b       0x2c /home/mmo/zephyr/arm-zephyr-eabi/arm-zephyr-eabi/lib/thumb/v7e-m+fp/hard/libm.a(lib_a-k_sin.o)
 .comment       0x000000000000002b       0x2c /home/mmo/zephyr/arm-zephyr-eabi/arm-zephyr-eabi/lib/thumb/v7e-m+fp/hard/libm.a(lib_a-s_fabs.o)
 .comment       0x000000000000002b       0x2c /home/mmo/zephyr/arm-zephyr-eabi/arm-zephyr-eabi/lib/thumb/v7e-m+fp/hard/libm.a(lib_a-s_floor.o)
 .comment       0x000000000000002b       0x2c /home/mmo/zephyr/arm-zephyr-eabi/arm-zephyr-eabi/lib/thumb/v7e-m+fp/hard/libm.a(lib_a-s_scalbn.o)
 .comment       0x000000000000002b       0x2c /home/mmo/zephyr/arm-zephyr-eabi/arm-zephyr-eabi/lib/thumb/v7e-m+fp/hard/libc.a(lib_a-memcpy-stub.o)
 .comment       0x000000000000002b       0x2c /home/mmo/zephyr/arm-zephyr-eabi/arm-zephyr-eabi/lib/thumb/v7e-m+fp/hard/libc.a(lib_a-memset.o)
 .comment       0x000000000000002b       0x2c /home/mmo/zephyr/arm-zephyr-eabi/arm-zephyr-eabi/lib/thumb/v7e-m+fp/hard/libc.a(lib_a-nano-vfprintf_float.o)
 .comment       0x000000000000002b       0x2c /home/mmo/zephyr/arm-zephyr-eabi/arm-zephyr-eabi/lib/thumb/v7e-m+fp/hard/libc.a(lib_a-nano-vfprintf_i.o)
 .comment       0x000000000000002b       0x2c /home/mmo/zephyr/arm-zephyr-eabi/arm-zephyr-eabi/lib/thumb/v7e-m+fp/hard/libc.a(lib_a-printf.o)
 .comment       0x000000000000002b       0x2c /home/mmo/zephyr/arm-zephyr-eabi/arm-zephyr-eabi/lib/thumb/v7e-m+fp/hard/libc.a(lib_a-dtoa.o)
 .comment       0x000000000000002b       0x2c /home/mmo/zephyr/arm-zephyr-eabi/arm-zephyr-eabi/lib/thumb/v7e-m+fp/hard/libc.a(lib_a-impure.o)
 .comment       0x000000000000002b       0x2c /home/mmo/zephyr/arm-zephyr-eabi/arm-zephyr-eabi/lib/thumb/v7e-m+fp/hard/libc.a(lib_a-localeconv.o)
 .comment       0x000000000000002b       0x2c /home/mmo/zephyr/arm-zephyr-eabi/arm-zephyr-eabi/lib/thumb/v7e-m+fp/hard/libc.a(lib_a-mprec.o)
 .comment       0x000000000000002b       0x2c /home/mmo/zephyr/arm-zephyr-eabi/arm-zephyr-eabi/lib/thumb/v7e-m+fp/hard/libc.a(lib_a-nano-callocr.o)
 .comment       0x000000000000002b       0x2c /home/mmo/zephyr/arm-zephyr-eabi/arm-zephyr-eabi/lib/thumb/v7e-m+fp/hard/libc.a(lib_a-nano-mallocr.o)
 .comment       0x000000000000002b       0x2c /home/mmo/zephyr/arm-zephyr-eabi/arm-zephyr-eabi/lib/thumb/v7e-m+fp/hard/libc.a(lib_a-nano-vfprintf.o)
 .comment       0x000000000000002b       0x2c /home/mmo/zephyr/arm-zephyr-eabi/arm-zephyr-eabi/lib/thumb/v7e-m+fp/hard/libc.a(lib_a-sbrkr.o)
 .comment       0x000000000000002b       0x2c /home/mmo/zephyr/arm-zephyr-eabi/arm-zephyr-eabi/lib/thumb/v7e-m+fp/hard/libc.a(lib_a-wbuf.o)
 .comment       0x000000000000002b       0x2c /home/mmo/zephyr/arm-zephyr-eabi/arm-zephyr-eabi/lib/thumb/v7e-m+fp/hard/libc.a(lib_a-wsetup.o)
 .comment       0x000000000000002b       0x2c /home/mmo/zephyr/arm-zephyr-eabi/arm-zephyr-eabi/lib/thumb/v7e-m+fp/hard/libc.a(lib_a-fflush.o)
 .comment       0x000000000000002b       0x2c /home/mmo/zephyr/arm-zephyr-eabi/arm-zephyr-eabi/lib/thumb/v7e-m+fp/hard/libc.a(lib_a-findfp.o)
 .comment       0x000000000000002b       0x2c /home/mmo/zephyr/arm-zephyr-eabi/arm-zephyr-eabi/lib/thumb/v7e-m+fp/hard/libc.a(lib_a-fvwrite.o)
 .comment       0x000000000000002b       0x2c /home/mmo/zephyr/arm-zephyr-eabi/arm-zephyr-eabi/lib/thumb/v7e-m+fp/hard/libc.a(lib_a-fwalk.o)
 .comment       0x000000000000002b       0x2c /home/mmo/zephyr/arm-zephyr-eabi/arm-zephyr-eabi/lib/thumb/v7e-m+fp/hard/libc.a(lib_a-locale.o)
 .comment       0x000000000000002b       0x2c /home/mmo/zephyr/arm-zephyr-eabi/arm-zephyr-eabi/lib/thumb/v7e-m+fp/hard/libc.a(lib_a-makebuf.o)
 .comment       0x000000000000002b       0x2c /home/mmo/zephyr/arm-zephyr-eabi/arm-zephyr-eabi/lib/thumb/v7e-m+fp/hard/libc.a(lib_a-mbtowc_r.o)
 .comment       0x000000000000002b       0x2c /home/mmo/zephyr/arm-zephyr-eabi/arm-zephyr-eabi/lib/thumb/v7e-m+fp/hard/libc.a(lib_a-memmove.o)
 .comment       0x000000000000002b       0x2c /home/mmo/zephyr/arm-zephyr-eabi/arm-zephyr-eabi/lib/thumb/v7e-m+fp/hard/libc.a(lib_a-mlock.o)
 .comment       0x000000000000002b       0x2c /home/mmo/zephyr/arm-zephyr-eabi/arm-zephyr-eabi/lib/thumb/v7e-m+fp/hard/libc.a(lib_a-nano-freer.o)
 .comment       0x000000000000002b       0x2c /home/mmo/zephyr/arm-zephyr-eabi/arm-zephyr-eabi/lib/thumb/v7e-m+fp/hard/libc.a(lib_a-nano-reallocr.o)
 .comment       0x000000000000002b       0x2c /home/mmo/zephyr/arm-zephyr-eabi/arm-zephyr-eabi/lib/thumb/v7e-m+fp/hard/libc.a(lib_a-reent.o)
 .comment       0x000000000000002b       0x2c /home/mmo/zephyr/arm-zephyr-eabi/arm-zephyr-eabi/lib/thumb/v7e-m+fp/hard/libc.a(lib_a-stdio.o)
 .comment       0x000000000000002b       0x2c /home/mmo/zephyr/arm-zephyr-eabi/arm-zephyr-eabi/lib/thumb/v7e-m+fp/hard/libc.a(lib_a-wctomb_r.o)
 .comment       0x000000000000002b       0x2c /home/mmo/zephyr/arm-zephyr-eabi/arm-zephyr-eabi/lib/thumb/v7e-m+fp/hard/libc.a(lib_a-writer.o)
 .comment       0x000000000000002b       0x2c /home/mmo/zephyr/arm-zephyr-eabi/arm-zephyr-eabi/lib/thumb/v7e-m+fp/hard/libc.a(lib_a-closer.o)
 .comment       0x000000000000002b       0x2c /home/mmo/zephyr/arm-zephyr-eabi/arm-zephyr-eabi/lib/thumb/v7e-m+fp/hard/libc.a(lib_a-ctype_.o)
 .comment       0x000000000000002b       0x2c /home/mmo/zephyr/arm-zephyr-eabi/arm-zephyr-eabi/lib/thumb/v7e-m+fp/hard/libc.a(lib_a-fstatr.o)
 .comment       0x000000000000002b       0x2c /home/mmo/zephyr/arm-zephyr-eabi/arm-zephyr-eabi/lib/thumb/v7e-m+fp/hard/libc.a(lib_a-isattyr.o)
 .comment       0x000000000000002b       0x2c /home/mmo/zephyr/arm-zephyr-eabi/arm-zephyr-eabi/lib/thumb/v7e-m+fp/hard/libc.a(lib_a-lseekr.o)
 .comment       0x000000000000002b       0x2c /home/mmo/zephyr/arm-zephyr-eabi/arm-zephyr-eabi/lib/thumb/v7e-m+fp/hard/libc.a(lib_a-nano-msizer.o)
 .comment       0x000000000000002b       0x2c /home/mmo/zephyr/arm-zephyr-eabi/arm-zephyr-eabi/lib/thumb/v7e-m+fp/hard/libc.a(lib_a-readr.o)

.debug
 *(SORT_BY_ALIGNMENT(.debug))

.line
 *(SORT_BY_ALIGNMENT(.line))

.debug_srcinfo
 *(SORT_BY_ALIGNMENT(.debug_srcinfo))

.debug_sfnames
 *(SORT_BY_ALIGNMENT(.debug_sfnames))

.debug_aranges  0x0000000000000000     0x1718
 *(SORT_BY_ALIGNMENT(.debug_aranges))
 .debug_aranges
                0x0000000000000000       0x20 zephyr/arch/arch/arm/core/libarch__arm__core.a(exc_exit.S.obj)
 .debug_aranges
                0x0000000000000020       0x28 zephyr/arch/arch/arm/core/libarch__arm__core.a(swap_helper.S.obj)
 .debug_aranges
                0x0000000000000048       0x30 zephyr/arch/arch/arm/core/libarch__arm__core.a(cpu_idle.S.obj)
 .debug_aranges
                0x0000000000000078       0x20 zephyr/arch/arch/arm/core/libarch__arm__core.a(fault_s.S.obj)
 .debug_aranges
                0x0000000000000098       0x20 zephyr/arch/arch/arm/core/libarch__arm__core.a(nmi_on_reset.S.obj)
 .debug_aranges
                0x00000000000000b8       0x20 zephyr/arch/arch/arm/core/libarch__arm__core.a(isr_wrapper.S.obj)
 .debug_aranges
                0x00000000000000d8       0x20 zephyr/arch/arch/arm/core/cortex_m/libarch__arm__core__cortex_m.a(reset.S.obj)
 .debug_aranges
                0x00000000000000f8       0x20 /home/mmo/zephyr/arm-zephyr-eabi/bin/../lib/gcc/arm-zephyr-eabi/8.3.0/thumb/v7e-m+fp/hard/libgcc.a(_arm_addsubdf3.o)
 .debug_aranges
                0x0000000000000118       0x20 /home/mmo/zephyr/arm-zephyr-eabi/bin/../lib/gcc/arm-zephyr-eabi/8.3.0/thumb/v7e-m+fp/hard/libgcc.a(_arm_muldivdf3.o)
 .debug_aranges
                0x0000000000000138       0x20 /home/mmo/zephyr/arm-zephyr-eabi/bin/../lib/gcc/arm-zephyr-eabi/8.3.0/thumb/v7e-m+fp/hard/libgcc.a(_arm_cmpdf2.o)
 .debug_aranges
                0x0000000000000158       0x20 /home/mmo/zephyr/arm-zephyr-eabi/bin/../lib/gcc/arm-zephyr-eabi/8.3.0/thumb/v7e-m+fp/hard/libgcc.a(_arm_truncdfsf2.o)
 .debug_aranges
                0x0000000000000178       0x20 /home/mmo/zephyr/arm-zephyr-eabi/arm-zephyr-eabi/lib/thumb/v7e-m+fp/hard/libc.a(lib_a-strcmp.o)
 .debug_aranges
                0x0000000000000198       0x20 /home/mmo/zephyr/arm-zephyr-eabi/arm-zephyr-eabi/lib/thumb/v7e-m+fp/hard/libc.a(lib_a-strlen.o)
 .debug_aranges
                0x00000000000001b8       0x20 /home/mmo/zephyr/arm-zephyr-eabi/arm-zephyr-eabi/lib/thumb/v7e-m+fp/hard/libc.a(lib_a-memchr.o)
 .debug_aranges
                0x00000000000001d8       0x20 /home/mmo/zephyr/arm-zephyr-eabi/bin/../lib/gcc/arm-zephyr-eabi/8.3.0/thumb/v7e-m+fp/hard/libgcc.a(_arm_unorddf2.o)
 .debug_aranges
                0x00000000000001f8       0x20 /home/mmo/zephyr/arm-zephyr-eabi/bin/../lib/gcc/arm-zephyr-eabi/8.3.0/thumb/v7e-m+fp/hard/libgcc.a(_arm_fixdfsi.o)
 .debug_aranges
                0x0000000000000218       0x18 zephyr/CMakeFiles/zephyr_final.dir/isr_tables.c.obj
 .debug_aranges
                0x0000000000000230       0x28 app/libapp.a(pwm.c.obj)
 .debug_aranges
                0x0000000000000258       0x50 zephyr/libzephyr.a(fdtable.c.obj)
 .debug_aranges
                0x00000000000002a8       0x68 zephyr/libzephyr.a(mempool.c.obj)
 .debug_aranges
                0x0000000000000310       0x38 zephyr/libzephyr.a(sem.c.obj)
 .debug_aranges
                0x0000000000000348       0x20 zephyr/libzephyr.a(thread_entry.c.obj)
 .debug_aranges
                0x0000000000000368       0x80 zephyr/libzephyr.a(printk.c.obj)
 .debug_aranges
                0x00000000000003e8       0x20 zephyr/libzephyr.a(configs.c.obj)
 .debug_aranges
                0x0000000000000408       0x20 zephyr/libzephyr.a(soc.c.obj)
 .debug_aranges
                0x0000000000000428       0x18 zephyr/libzephyr.a(arm_mpu_regions.c.obj)
 .debug_aranges
                0x0000000000000440       0x30 zephyr/libzephyr.a(uart_console.c.obj)
 .debug_aranges
                0x0000000000000470       0xa8 zephyr/libzephyr.a(exti_stm32.c.obj)
 .debug_aranges
                0x0000000000000518       0x38 zephyr/libzephyr.a(clock_stm32_ll_common.c.obj)
 .debug_aranges
                0x0000000000000550       0x30 zephyr/libzephyr.a(clock_stm32f2_f4_f7.c.obj)