Archive member included to satisfy reference by file (symbol)

app/libapp.a(motors_engine.c.obj)
                              (--whole-archive)
app/libapp.a(d_bot_main.c.obj)
                              (--whole-archive)
app/libapp.a(ir_sensors.c.obj)
                              (--whole-archive)
app/libapp.a(tcs3200.c.obj)   (--whole-archive)
app/libapp.a(usonic.c.obj)    (--whole-archive)
zephyr/libzephyr.a(crc32_sw.c.obj)
                              (--whole-archive)
zephyr/libzephyr.a(crc16_sw.c.obj)
                              (--whole-archive)
zephyr/libzephyr.a(crc8_sw.c.obj)
                              (--whole-archive)
zephyr/libzephyr.a(crc7_sw.c.obj)
                              (--whole-archive)
zephyr/libzephyr.a(dec.c.obj)
                              (--whole-archive)
zephyr/libzephyr.a(fdtable.c.obj)
                              (--whole-archive)
zephyr/libzephyr.a(hex.c.obj)
                              (--whole-archive)
zephyr/libzephyr.a(mempool.c.obj)
                              (--whole-archive)
zephyr/libzephyr.a(rb.c.obj)  (--whole-archive)
zephyr/libzephyr.a(sem.c.obj)
                              (--whole-archive)
zephyr/libzephyr.a(thread_entry.c.obj)
                              (--whole-archive)
zephyr/libzephyr.a(timeutil.c.obj)
                              (--whole-archive)
zephyr/libzephyr.a(work_q.c.obj)
                              (--whole-archive)
zephyr/libzephyr.a(printk.c.obj)
                              (--whole-archive)
zephyr/libzephyr.a(configs.c.obj)
                              (--whole-archive)
zephyr/libzephyr.a(soc.c.obj)
                              (--whole-archive)
zephyr/libzephyr.a(arm_mpu_regions.c.obj)
                              (--whole-archive)
zephyr/libzephyr.a(stm32cube_hal.c.obj)
                              (--whole-archive)
zephyr/libzephyr.a(uart_console.c.obj)
                              (--whole-archive)
zephyr/libzephyr.a(exti_stm32.c.obj)
                              (--whole-archive)
zephyr/libzephyr.a(clock_stm32_ll_common.c.obj)
                              (--whole-archive)
zephyr/libzephyr.a(clock_stm32f2_f4_f7.c.obj)
                              (--whole-archive)
zephyr/libzephyr.a(pinmux_stm32.c.obj)
                              (--whole-archive)
zephyr/libzephyr.a(sys_clock_init.c.obj)
                              (--whole-archive)
zephyr/libzephyr.a(cortex_m_systick.c.obj)
                              (--whole-archive)
zephyr/arch/common/libarch__common.a(isr_tables.c.obj)
                              (--whole-archive)
zephyr/arch/common/libarch__common.a(sw_isr_common.c.obj)
                              (--whole-archive)
zephyr/arch/arch/arm/core/libarch__arm__core.a(exc_exit.S.obj)
                              (--whole-archive)
zephyr/arch/arch/arm/core/libarch__arm__core.a(swap.c.obj)
                              (--whole-archive)
zephyr/arch/arch/arm/core/libarch__arm__core.a(swap_helper.S.obj)
                              (--whole-archive)
zephyr/arch/arch/arm/core/libarch__arm__core.a(irq_manage.c.obj)
                              (--whole-archive)
zephyr/arch/arch/arm/core/libarch__arm__core.a(thread.c.obj)
                              (--whole-archive)
zephyr/arch/arch/arm/core/libarch__arm__core.a(cpu_idle.S.obj)
                              (--whole-archive)
zephyr/arch/arch/arm/core/libarch__arm__core.a(fault_s.S.obj)
                              (--whole-archive)
zephyr/arch/arch/arm/core/libarch__arm__core.a(fatal.c.obj)
                              (--whole-archive)
zephyr/arch/arch/arm/core/libarch__arm__core.a(nmi.c.obj)
                              (--whole-archive)
zephyr/arch/arch/arm/core/libarch__arm__core.a(nmi_on_reset.S.obj)
                              (--whole-archive)
zephyr/arch/arch/arm/core/libarch__arm__core.a(prep_c.c.obj)
                              (--whole-archive)
zephyr/arch/arch/arm/core/libarch__arm__core.a(isr_wrapper.S.obj)
                              (--whole-archive)
zephyr/arch/arch/arm/core/cortex_m/libarch__arm__core__cortex_m.a(vector_table.S.obj)
                              (--whole-archive)
zephyr/arch/arch/arm/core/cortex_m/libarch__arm__core__cortex_m.a(reset.S.obj)
                              (--whole-archive)
zephyr/arch/arch/arm/core/cortex_m/libarch__arm__core__cortex_m.a(fault.c.obj)
                              (--whole-archive)
zephyr/arch/arch/arm/core/cortex_m/libarch__arm__core__cortex_m.a(scb.c.obj)
                              (--whole-archive)
zephyr/arch/arch/arm/core/cortex_m/libarch__arm__core__cortex_m.a(irq_init.c.obj)
                              (--whole-archive)
zephyr/arch/arch/arm/core/cortex_m/libarch__arm__core__cortex_m.a(thread_abort.c.obj)
                              (--whole-archive)
zephyr/arch/arch/arm/core/cortex_m/mpu/libarch__arm__core__cortex_m__mpu.a(arm_core_mpu.c.obj)
                              (--whole-archive)
[...]
Memory Configuration

Name             Origin             Length             Attributes
FLASH            0x0000000008000000 0x0000000000080000 xr
SRAM             0x0000000020000000 0x0000000000020000 xw
IDT_LIST         0x0000000020020000 0x0000000000000800 xw
*default*        0x0000000000000000 0xffffffffffffffff

Linker script and memory map

LOAD zephyr/CMakeFiles/zephyr_final.dir/misc/empty_file.c.obj
LOAD zephyr/CMakeFiles/zephyr_final.dir/isr_tables.c.obj
                0x0000000000000020                _region_min_align = 0x20

.rel.plt        0x0000000008000000        0x0
 *(SORT_BY_ALIGNMENT(.rel.plt))
                [!provide]                        PROVIDE (__rel_iplt_start = .)
 *(SORT_BY_ALIGNMENT(.rel.iplt))
 .rel.iplt      0x0000000008000000        0x0 zephyr/CMakeFiles/zephyr_final.dir/isr_tables.c.obj
                [!provide]                        PROVIDE (__rel_iplt_end = .)

.rela.plt       0x0000000000000000        0x0
 *(SORT_BY_ALIGNMENT(.rela.plt))
                [!provide]                        PROVIDE (__rela_iplt_start = .)
 *(SORT_BY_ALIGNMENT(.rela.iplt))
                [!provide]                        PROVIDE (__rela_iplt_end = .)

.rel.dyn
 *(SORT_BY_ALIGNMENT(.rel.*))

.rela.dyn
 *(SORT_BY_ALIGNMENT(.rela.*))

/DISCARD/
 *(SORT_BY_ALIGNMENT(.plt))
 *(SORT_BY_ALIGNMENT(.iplt))
 *(SORT_BY_ALIGNMENT(.got.plt))
 *(SORT_BY_ALIGNMENT(.igot.plt))
 *(SORT_BY_ALIGNMENT(.got))
 *(SORT_BY_ALIGNMENT(.igot))
 *(SORT_BY_ALIGNMENT(.irq_info))
 *(SORT_BY_ALIGNMENT(.intList))
 *(SORT_BY_ALIGNMENT(.note.GNU-stack))
                0x0000000008000000                _image_rom_start = 0x8000000

text            0x0000000008000000      0x1c4
                0x0000000000000000                . = 0x0
                0x0000000008000000                _vector_start = .
 *(SORT_BY_ALIGNMENT(.exc_vector_table))
 *(SORT_BY_ALIGNMENT(.exc_vector_table.*))
 .exc_vector_table._vector_table_section
                0x0000000008000000       0x40 zephyr/arch/arch/arm/core/cortex_m/libarch__arm__core__cortex_m.a(vector_table.S.obj)
                0x0000000008000000                _vector_table
 *(SORT_BY_ALIGNMENT(.gnu.linkonce.irq_vector_table))
 .gnu.linkonce.irq_vector_table
                0x0000000008000040      0x184 zephyr/CMakeFiles/zephyr_final.dir/isr_tables.c.obj
                0x0000000008000040                _irq_vector_table
 *(SORT_BY_ALIGNMENT(.vectors))
 *(SORT_BY_ALIGNMENT(.openocd_dbg))
 *(SORT_BY_ALIGNMENT(.openocd_dbg.*))
                0x00000000080001c4                _vector_end = .

_TEXT_SECTION_NAME_2
                0x00000000080001d0     0x6090
                0x00000000080001d0                _image_text_start = .
 *(SORT_BY_ALIGNMENT(.text))
 .text          0x00000000080001d0       0xa0 /home/mmo/zephyr/arm-zephyr-eabi/arm-zephyr-eabi/lib/thumb/v7e-m+fp/hard/libc.a(lib_a-memchr.o)
                0x00000000080001d0                memchr
 .text          0x0000000008000270      0xc60 /home/mmo/zephyr/arm-zephyr-eabi/arm-zephyr-eabi/lib/thumb/v7e-m+fp/hard/libc.a(lib_a-dtoa.o)
                0x0000000008000382                _dtoa_r
 .text          0x0000000008000ed0      0x378 /home/mmo/zephyr/arm-zephyr-eabi/bin/../lib/gcc/arm-zephyr-eabi/8.3.0/thumb/v7e-m+fp/hard/libgcc.a(_arm_addsubdf3.o)
                0x0000000008000ed0                __aeabi_drsub
                0x0000000008000ed8                __aeabi_dsub
                0x0000000008000ed8                __subdf3
                0x0000000008000edc                __adddf3
                0x0000000008000edc                __aeabi_dadd
                0x0000000008001154                __aeabi_ui2d
                0x0000000008001154                __floatunsidf
                0x0000000008001174                __floatsidf
                0x0000000008001174                __aeabi_i2d
                0x0000000008001198                __extendsfdf2
                0x0000000008001198                __aeabi_f2d
                0x00000000080011dc                __aeabi_ul2d
                0x00000000080011dc                __floatundidf
                0x00000000080011ec                __floatdidf
                0x00000000080011ec                __aeabi_l2d
 .text          0x0000000008001248      0x424 /home/mmo/zephyr/arm-zephyr-eabi/bin/../lib/gcc/arm-zephyr-eabi/8.3.0/thumb/v7e-m+fp/hard/libgcc.a(_arm_muldivdf3.o)
                0x0000000008001248                __aeabi_dmul
                0x0000000008001248                __muldf3
                0x000000000800149c                __aeabi_ddiv
                0x000000000800149c                __divdf3
 .text          0x000000000800166c      0x110 /home/mmo/zephyr/arm-zephyr-eabi/bin/../lib/gcc/arm-zephyr-eabi/8.3.0/thumb/v7e-m+fp/hard/libgcc.a(_arm_cmpdf2.o)
                0x000000000800166c                __gtdf2
                0x000000000800166c                __gedf2
                0x0000000008001674                __ltdf2
                0x0000000008001674                __ledf2
                0x000000000800167c                __cmpdf2
                0x000000000800167c                __eqdf2
                0x000000000800167c                __nedf2
                0x00000000080016f8                __aeabi_cdrcmple
                0x0000000008001708                __aeabi_cdcmple
                0x0000000008001708                __aeabi_cdcmpeq
                0x0000000008001718                __aeabi_dcmpeq
                0x000000000800172c                __aeabi_dcmplt
                0x0000000008001740                __aeabi_dcmple
                0x0000000008001754                __aeabi_dcmpge
                0x0000000008001768                __aeabi_dcmpgt
 .text          0x000000000800177c       0x30 /home/mmo/zephyr/arm-zephyr-eabi/bin/../lib/gcc/arm-zephyr-eabi/8.3.0/thumb/v7e-m+fp/hard/libgcc.a(_aeabi_uldivmod.o)
                0x000000000800177c                __aeabi_uldivmod
 .text          0x00000000080017ac        0x4 /home/mmo/zephyr/arm-zephyr-eabi/bin/../lib/gcc/arm-zephyr-eabi/8.3.0/thumb/v7e-m+fp/hard/libgcc.a(_dvmd_tls.o)
                0x00000000080017ac                __aeabi_ldiv0
                0x00000000080017ac                __aeabi_idiv0
 .text          0x00000000080017b0      0x574 /home/mmo/zephyr/arm-zephyr-eabi/arm-zephyr-eabi/lib/thumb/v7e-m+fp/hard/libc.a(lib_a-nano-vfprintf_float.o)
                0x00000000080017b0                __cvt
                0x000000000800186a                __exponent
                0x00000000080018ce                _printf_float
 .text          0x0000000008001d24      0x314 /home/mmo/zephyr/arm-zephyr-eabi/arm-zephyr-eabi/lib/thumb/v7e-m+fp/hard/libc.a(lib_a-nano-vfprintf_i.o)
                0x0000000008001d24                _printf_common
                0x0000000008001e0e                _printf_i
 .text          0x0000000008002038       0x14 /home/mmo/zephyr/arm-zephyr-eabi/arm-zephyr-eabi/lib/thumb/v7e-m+fp/hard/libc.a(lib_a-localeconv.o)
                0x0000000008002038                __localeconv_l
                0x000000000800203c                _localeconv_r
                0x0000000008002044                localeconv
 .text          0x000000000800204c      0x7d4 /home/mmo/zephyr/arm-zephyr-eabi/arm-zephyr-eabi/lib/thumb/v7e-m+fp/hard/libc.a(lib_a-mprec.o)
                0x000000000800204c                _Balloc
                0x0000000008002096                _Bfree
                0x00000000080020a8                __multadd
                0x000000000800211e                __s2b
                0x000000000800219a                __hi0bits
                0x00000000080021da                __lo0bits
                0x000000000800223a                __i2b
                0x000000000800224c                __multiply
                0x000000000800236c                __pow5mult
                0x00000000080023ec                __lshift
                0x0000000008002492                __mcmp
                0x00000000080024c6                __mdiff
                0x0000000008002580                __ulp
                0x00000000080025cc                __b2d
                0x000000000800266c                __d2b
                0x0000000008002708                __ratio
                0x000000000800276e                _mprec_log10
                0x00000000080027a8                __copybits
                0x00000000080027dc                __any_on
 .text          0x0000000008002820       0xac /home/mmo/zephyr/arm-zephyr-eabi/arm-zephyr-eabi/lib/thumb/v7e-m+fp/hard/libc.a(lib_a-nano-mallocr.o)
                0x0000000008002820                _malloc_r
 .text          0x00000000080028cc       0x20 /home/mmo/zephyr/arm-zephyr-eabi/arm-zephyr-eabi/lib/thumb/v7e-m+fp/hard/libc.a(lib_a-sbrkr.o)
                0x00000000080028cc                _sbrk_r
 .text          0x00000000080028ec       0x38 /home/mmo/zephyr/arm-zephyr-eabi/arm-zephyr-eabi/lib/thumb/v7e-m+fp/hard/libc.a(lib_a-mbtowc_r.o)
                0x00000000080028ec                _mbtowc_r
                0x0000000008002900                __ascii_mbtowc
 .text          0x0000000008002924       0x30 /home/mmo/zephyr/arm-zephyr-eabi/arm-zephyr-eabi/lib/thumb/v7e-m+fp/hard/libc.a(lib_a-wctomb_r.o)
                0x0000000008002924                _wctomb_r
                0x0000000008002938                __ascii_wctomb
 .text          0x0000000008002954       0x2c /home/mmo/zephyr/arm-zephyr-eabi/bin/../lib/gcc/arm-zephyr-eabi/8.3.0/thumb/v7e-m+fp/hard/libgcc.a(_arm_unorddf2.o)
                0x0000000008002954                __aeabi_dcmpun
                0x0000000008002954                __unorddf2
 .text          0x0000000008002980       0x50 /home/mmo/zephyr/arm-zephyr-eabi/bin/../lib/gcc/arm-zephyr-eabi/8.3.0/thumb/v7e-m+fp/hard/libgcc.a(_arm_fixdfsi.o)
                0x0000000008002980                __fixdfsi
                0x0000000008002980                __aeabi_d2iz
 .text          0x00000000080029d0      0x2b4 /home/mmo/zephyr/arm-zephyr-eabi/bin/../lib/gcc/arm-zephyr-eabi/8.3.0/thumb/v7e-m+fp/hard/libgcc.a(_udivmoddi4.o)
                0x00000000080029d0                __udivmoddi4
 .text          0x0000000008002c84       0x1c /home/mmo/zephyr/arm-zephyr-eabi/arm-zephyr-eabi/lib/thumb/v7e-m+fp/hard/libc.a(lib_a-memcpy-stub.o)
                0x0000000008002c84                memcpy
 .text          0x0000000008002ca0       0x10 /home/mmo/zephyr/arm-zephyr-eabi/arm-zephyr-eabi/lib/thumb/v7e-m+fp/hard/libc.a(lib_a-memset.o)
                0x0000000008002ca0                memset
 .text          0x0000000008002cb0       0x14 /home/mmo/zephyr/arm-zephyr-eabi/arm-zephyr-eabi/lib/thumb/v7e-m+fp/hard/libc.a(lib_a-strcmp.o)
                0x0000000008002cb0                strcmp
 .text          0x0000000008002cc4       0x10 /home/mmo/zephyr/arm-zephyr-eabi/arm-zephyr-eabi/lib/thumb/v7e-m+fp/hard/libc.a(lib_a-strlen.o)
                0x0000000008002cc4                strlen
 .text          0x0000000008002cd4       0x1c /home/mmo/zephyr/arm-zephyr-eabi/arm-zephyr-eabi/lib/thumb/v7e-m+fp/hard/libc.a(lib_a-nano-callocr.o)
                0x0000000008002cd4                _calloc_r
 .text          0x0000000008002cf0        0x4 /home/mmo/zephyr/arm-zephyr-eabi/arm-zephyr-eabi/lib/thumb/v7e-m+fp/hard/libc.a(lib_a-mlock.o)
                0x0000000008002cf0                __malloc_lock
                0x0000000008002cf2                __malloc_unlock
 *(SORT_BY_ALIGNMENT(.text.*))
 .text.pwm_pin_set_usec.constprop.0
                0x0000000008002cf4       0x8c app/libapp.a(motors_engine.c.obj)
 .text.motors_init
                0x0000000008002d80       0x70 app/libapp.a(motors_engine.c.obj)
                0x0000000008002d80                motors_init
 .text.speed    0x0000000008002df0       0x34 app/libapp.a(motors_engine.c.obj)
                0x0000000008002df0                speed
 .text.drive    0x0000000008002e24      0x124 app/libapp.a(motors_engine.c.obj)
                0x0000000008002e24                drive
 .text.wait_color_change
                0x0000000008002f48       0x24 app/libapp.a(d_bot_main.c.obj)
                0x0000000008002f48                wait_color_change
 .text.find_N   0x0000000008002f6c       0x98 app/libapp.a(d_bot_main.c.obj)
                0x0000000008002f6c                find_N
 .text.turn_right
                0x0000000008003004       0x30 app/libapp.a(d_bot_main.c.obj)
                0x0000000008003004                turn_right
 .text.main     0x0000000008003034       0x50 app/libapp.a(d_bot_main.c.obj)
                0x0000000008003034                main
 .text.ir_sensors_init
                0x0000000008003084       0x48 app/libapp.a(ir_sensors.c.obj)
                0x0000000008003084                ir_sensors_init
 .text.ir_sensor_left
                0x00000000080030cc       0x20 app/libapp.a(ir_sensors.c.obj)
                0x00000000080030cc                ir_sensor_left
 .text.ir_sensor_right
                0x00000000080030ec       0x20 app/libapp.a(ir_sensors.c.obj)
                0x00000000080030ec                ir_sensor_right
 .text.us_callback
                0x000000000800310c       0x3c app/libapp.a(tcs3200.c.obj)
                0x000000000800310c                us_callback
 .text.color_sensor_init
                0x0000000008003148       0x8c app/libapp.a(tcs3200.c.obj)
                0x0000000008003148                color_sensor_init
 .text.us_get   0x00000000080031d4       0x6c app/libapp.a(tcs3200.c.obj)
                0x00000000080031d4                us_get
 .text.color_get
                0x0000000008003240       0x6c app/libapp.a(tcs3200.c.obj)
                0x0000000008003240                color_get
 .text.echo_us_callback
                0x00000000080032ac       0x3c app/libapp.a(usonic.c.obj)
                0x00000000080032ac                echo_us_callback
 .text.usonic_init
                0x00000000080032e8       0x8c app/libapp.a(usonic.c.obj)
                0x00000000080032e8                usonic_init
 .text.usonic_distance_cm_get
                0x0000000008003374       0x70 app/libapp.a(usonic.c.obj)
                0x0000000008003374                usonic_distance_cm_get
 .text.char_out
                0x00000000080033e4       0x10 zephyr/libzephyr.a(printk.c.obj)
 .text._printk_dec_ulong
                0x00000000080033f4       0x98 zephyr/libzephyr.a(printk.c.obj)
 .text.__printk_hook_install
                0x000000000800348c        0xc zephyr/libzephyr.a(printk.c.obj)
                0x000000000800348c                __printk_hook_install
 .text.vprintk  0x0000000008003498       0x1c zephyr/libzephyr.a(printk.c.obj)
                0x0000000008003498                vprintk
 .text.st_stm32f4_init
                0x00000000080034b4       0x2c zephyr/libzephyr.a(soc.c.obj)
 .text.console_out
                0x00000000080034e0       0x28 zephyr/libzephyr.a(uart_console.c.obj)
 .text.uart_console_hook_install
                0x0000000008003508       0x18 zephyr/libzephyr.a(uart_console.c.obj)
                0x0000000008003508                uart_console_hook_install
 .text.uart_console_init
                0x0000000008003520       0x1c zephyr/libzephyr.a(uart_console.c.obj)
 .text.__stm32_exti_isr
                0x000000000800353c       0x40 zephyr/libzephyr.a(exti_stm32.c.obj)
 .text.stm32_exti_enable
                0x000000000800357c       0x30 zephyr/libzephyr.a(exti_stm32.c.obj)
                0x000000000800357c                stm32_exti_enable
 .text.stm32_exti_disable
                0x00000000080035ac       0x18 zephyr/libzephyr.a(exti_stm32.c.obj)
                0x00000000080035ac                stm32_exti_disable
 .text.stm32_exti_trigger
                0x00000000080035c4       0x30 zephyr/libzephyr.a(exti_stm32.c.obj)
                0x00000000080035c4                stm32_exti_trigger
 .text.stm32_exti_set_callback
                0x00000000080035f4       0x24 zephyr/libzephyr.a(exti_stm32.c.obj)
                0x00000000080035f4                stm32_exti_set_callback
 .text.stm32_exti_unset_callback
                0x0000000008003618       0x18 zephyr/libzephyr.a(exti_stm32.c.obj)
                0x0000000008003618                stm32_exti_unset_callback
 .text.stm32_clock_control_on
                0x0000000008003630       0x70 zephyr/libzephyr.a(clock_stm32_ll_common.c.obj)
 .text.stm32_clock_control_off
                0x00000000080036a0       0x54 zephyr/libzephyr.a(clock_stm32_ll_common.c.obj)
 .text.stm32_clock_control_get_subsys_rate
                0x00000000080036f4       0x24 zephyr/libzephyr.a(clock_stm32_ll_common.c.obj)
 .text.stm32_clock_control_init
                0x0000000008003718       0x84 zephyr/libzephyr.a(clock_stm32_ll_common.c.obj)
 .text.config_enable_default_clocks
                0x000000000800379c       0x20 zephyr/libzephyr.a(clock_stm32f2_f4_f7.c.obj)
                0x000000000800379c                config_enable_default_clocks
 .text.z_pinmux_stm32_set
                0x00000000080037bc       0x5c zephyr/libzephyr.a(pinmux_stm32.c.obj)
                0x00000000080037bc                z_pinmux_stm32_set
 .text.stm32_setup_pins
                0x0000000008003818       0x30 zephyr/libzephyr.a(pinmux_stm32.c.obj)
                0x0000000008003818                stm32_setup_pins
 .text.elapsed  0x0000000008003848       0x4c zephyr/libzephyr.a(cortex_m_systick.c.obj)
 .text.z_clock_isr
                0x0000000008003894       0x50 zephyr/libzephyr.a(cortex_m_systick.c.obj)
                0x0000000008003894                z_clock_isr
 .text.z_clock_driver_init
                0x00000000080038e4       0x38 zephyr/libzephyr.a(cortex_m_systick.c.obj)
                0x00000000080038e4                z_clock_driver_init
 .text.z_clock_set_timeout
                0x000000000800391c       0xa4 zephyr/libzephyr.a(cortex_m_systick.c.obj)
                0x000000000800391c                z_clock_set_timeout
 .text.z_clock_elapsed
                0x00000000080039c0       0x3c zephyr/libzephyr.a(cortex_m_systick.c.obj)
                0x00000000080039c0                z_clock_elapsed
 .text.z_timer_cycle_get_32
                0x00000000080039fc       0x2c zephyr/libzephyr.a(cortex_m_systick.c.obj)
                0x00000000080039fc                z_timer_cycle_get_32
 .text._HandlerModeExit
                0x0000000008003a28       0x1c zephyr/arch/arch/arm/core/libarch__arm__core.a(exc_exit.S.obj)
                0x0000000008003a28                z_arm_exc_exit
                0x0000000008003a28                z_arm_int_exit
 .text.arch_swap
                0x0000000008003a44       0x34 zephyr/arch/arch/arm/core/libarch__arm__core.a(swap.c.obj)
                0x0000000008003a44                arch_swap
 .text.z_arm_pendsv
                0x0000000008003a78       0xb0 zephyr/arch/arch/arm/core/libarch__arm__core.a(swap_helper.S.obj)
                0x0000000008003a78                z_arm_pendsv
 .text.z_arm_svc
                0x0000000008003b28       0x20 zephyr/arch/arch/arm/core/libarch__arm__core.a(swap_helper.S.obj)
                0x0000000008003b28                z_arm_svc
 .text.arch_irq_enable
                0x0000000008003b48       0x20 zephyr/arch/arch/arm/core/libarch__arm__core.a(irq_manage.c.obj)
                0x0000000008003b48                arch_irq_enable
 .text.z_arm_irq_priority_set
                0x0000000008003b68       0x30 zephyr/arch/arch/arm/core/libarch__arm__core.a(irq_manage.c.obj)
                0x0000000008003b68                z_arm_irq_priority_set
 .text.arch_new_thread
                0x0000000008003b98       0x48 zephyr/arch/arch/arm/core/libarch__arm__core.a(thread.c.obj)
                0x0000000008003b98                arch_new_thread
 .text.arch_switch_to_main_thread
                0x0000000008003be0       0x54 zephyr/arch/arch/arm/core/libarch__arm__core.a(thread.c.obj)
                0x0000000008003be0                arch_switch_to_main_thread
 .text.z_arm_cpu_idle_init
                0x0000000008003c34        0xc zephyr/arch/arch/arm/core/libarch__arm__core.a(cpu_idle.S.obj)
                0x0000000008003c34                z_arm_cpu_idle_init
 .text.arch_cpu_idle
                0x0000000008003c40        0xc zephyr/arch/arch/arm/core/libarch__arm__core.a(cpu_idle.S.obj)
                0x0000000008003c40                arch_cpu_idle
 .text.__fault  0x0000000008003c4c       0x14 zephyr/arch/arch/arm/core/libarch__arm__core.a(fault_s.S.obj)
                0x0000000008003c4c                z_arm_bus_fault
                0x0000000008003c4c                z_arm_usage_fault
                0x0000000008003c4c                z_arm_mpu_fault
                0x0000000008003c4c                z_arm_reserved
                0x0000000008003c4c                z_arm_debug_monitor
                0x0000000008003c4c                z_arm_hard_fault
 .text.z_SysNmiOnReset
                0x0000000008003c60        0x8 zephyr/arch/arch/arm/core/libarch__arm__core.a(nmi_on_reset.S.obj)
                0x0000000008003c60                z_SysNmiOnReset
 .text.z_arm_prep_c
                0x0000000008003c68       0x50 zephyr/arch/arch/arm/core/libarch__arm__core.a(prep_c.c.obj)
                0x0000000008003c68                z_arm_prep_c
 .text._isr_wrapper
                0x0000000008003cb8       0x28 zephyr/arch/arch/arm/core/libarch__arm__core.a(isr_wrapper.S.obj)
                0x0000000008003cb8                _isr_wrapper
 .text._reset_section
                0x0000000008003ce0       0x2c zephyr/arch/arch/arm/core/cortex_m/libarch__arm__core__cortex_m.a(reset.S.obj)
                0x0000000008003ce0                z_arm_reset
                0x0000000008003ce0                __start
 .text.mem_manage_fault.isra.2
                0x0000000008003d0c       0x38 zephyr/arch/arch/arm/core/cortex_m/libarch__arm__core__cortex_m.a(fault.c.obj)
 .text.bus_fault.isra.3
                0x0000000008003d44       0x3c zephyr/arch/arch/arm/core/cortex_m/libarch__arm__core__cortex_m.a(fault.c.obj)
 .text.usage_fault.isra.4
                0x0000000008003d80       0x24 zephyr/arch/arch/arm/core/cortex_m/libarch__arm__core__cortex_m.a(fault.c.obj)
 .text.z_arm_fault
                0x0000000008003da4       0xe8 zephyr/arch/arch/arm/core/cortex_m/libarch__arm__core__cortex_m.a(fault.c.obj)
                0x0000000008003da4                z_arm_fault
 .text.z_arm_fault_init
                0x0000000008003e8c       0x10 zephyr/arch/arch/arm/core/cortex_m/libarch__arm__core__cortex_m.a(fault.c.obj)
                0x0000000008003e8c                z_arm_fault_init
 .text.z_arm_int_lib_init
                0x0000000008003e9c       0x18 zephyr/arch/arch/arm/core/cortex_m/libarch__arm__core__cortex_m.a(irq_init.c.obj)
                0x0000000008003e9c                z_arm_int_lib_init
 .text.z_impl_k_thread_abort
                0x0000000008003eb4       0x4c zephyr/arch/arch/arm/core/cortex_m/libarch__arm__core__cortex_m.a(thread_abort.c.obj)
                0x0000000008003eb4                z_impl_k_thread_abort
 .text.z_arm_configure_static_mpu_regions
                0x0000000008003f00       0x38 zephyr/arch/arch/arm/core/cortex_m/mpu/libarch__arm__core__cortex_m__mpu.a(arm_core_mpu.c.obj)
                0x0000000008003f00                z_arm_configure_static_mpu_regions
 .text.mpu_configure_regions
                0x0000000008003f38       0x88 zephyr/arch/arch/arm/core/cortex_m/mpu/libarch__arm__core__cortex_m__mpu.a(arm_mpu.c.obj)
 .text.arm_core_mpu_enable
                0x0000000008003fc0       0x14 zephyr/arch/arch/arm/core/cortex_m/mpu/libarch__arm__core__cortex_m__mpu.a(arm_mpu.c.obj)
                0x0000000008003fc0                arm_core_mpu_enable
 .text.arm_core_mpu_disable
                0x0000000008003fd4       0x10 zephyr/arch/arch/arm/core/cortex_m/mpu/libarch__arm__core__cortex_m__mpu.a(arm_mpu.c.obj)
                0x0000000008003fd4                arm_core_mpu_disable
 .text.arm_mpu_init
                0x0000000008003fe4       0x5c zephyr/arch/arch/arm/core/cortex_m/mpu/libarch__arm__core__cortex_m__mpu.a(arm_mpu.c.obj)
 .text.arm_core_mpu_configure_static_mpu_regions
                0x0000000008004040       0x14 zephyr/arch/arch/arm/core/cortex_m/mpu/libarch__arm__core__cortex_m__mpu.a(arm_mpu.c.obj)
                0x0000000008004040                arm_core_mpu_configure_static_mpu_regions
 .text.arm_core_mpu_configure_dynamic_mpu_regions
                0x0000000008004054       0x2c zephyr/arch/arch/arm/core/cortex_m/mpu/libarch__arm__core__cortex_m__mpu.a(arm_mpu.c.obj)
                0x0000000008004054                arm_core_mpu_configure_dynamic_mpu_regions
 .text.__stdout_hook_install
                0x0000000008004080        0xc zephyr/lib/libc/newlib/liblib__libc__newlib.a(libc-hooks.c.obj)
                0x0000000008004080                __stdout_hook_install
 .text._sbrk    0x000000000800408c       0x40 zephyr/lib/libc/newlib/liblib__libc__newlib.a(libc-hooks.c.obj)
                0x000000000800408c                _sbrk
                0x000000000800408c                sbrk
 .text.pinmux_stm32_init
                0x00000000080040cc       0x14 zephyr/boards/arm/nucleo_f446re/libboards__arm__nucleo_f446re.a(pinmux.c.obj)
 .text.gpio_stm32_init
                0x00000000080040e0       0x24 zephyr/drivers/gpio/libdrivers__gpio.a(gpio_stm32.c.obj)
 .text.gpio_stm32_config
                0x0000000008004104      0x164 zephyr/drivers/gpio/libdrivers__gpio.a(gpio_stm32.c.obj)
 .text.pwm_stm32_pin_set
                0x0000000008004268       0xf8 zephyr/drivers/pwm/libdrivers__pwm.a(pwm_stm32.c.obj)
 .text.pwm_stm32_init
                0x0000000008004360       0x28 zephyr/drivers/pwm/libdrivers__pwm.a(pwm_stm32.c.obj)
 .text.uart_stm32_configure
                0x0000000008004388      0x114 zephyr/drivers/serial/libdrivers__serial.a(uart_stm32.c.obj)
 .text.uart_stm32_init
                0x000000000800449c       0x7c zephyr/drivers/serial/libdrivers__serial.a(uart_stm32.c.obj)
 .text.TIM_OC1_SetConfig
                0x0000000008004518       0x64 modules/stm32/stm32cube/lib..__modules__hal__stm32__stm32cube.a(stm32f4xx_hal_tim.c.obj)
 .text.TIM_OC3_SetConfig
                0x000000000800457c       0x6c modules/stm32/stm32cube/lib..__modules__hal__stm32__stm32cube.a(stm32f4xx_hal_tim.c.obj)
 .text.TIM_OC4_SetConfig
                0x00000000080045e8       0x4c modules/stm32/stm32cube/lib..__modules__hal__stm32__stm32cube.a(stm32f4xx_hal_tim.c.obj)
 .text.TIM_Base_SetConfig
                0x0000000008004634       0xcc modules/stm32/stm32cube/lib..__modules__hal__stm32__stm32cube.a(stm32f4xx_hal_tim.c.obj)
                0x0000000008004634                TIM_Base_SetConfig
 .text.TIM_OC2_SetConfig
                0x0000000008004700       0x6c modules/stm32/stm32cube/lib..__modules__hal__stm32__stm32cube.a(stm32f4xx_hal_tim.c.obj)
                0x0000000008004700                TIM_OC2_SetConfig
 .text.HAL_TIM_OC_Start
                0x000000000800476c       0x40 modules/stm32/stm32cube/lib..__modules__hal__stm32__stm32cube.a(stm32f4xx_hal_tim.c.obj)
                0x000000000800476c                HAL_TIM_OC_Start
 .text.LL_RCC_PLL_ConfigDomain_SYS
                0x00000000080047ac       0x34 modules/stm32/stm32cube/lib..__modules__hal__stm32__stm32cube.a(stm32f4xx_ll_utils.c.obj)
 .text.UTILS_PLL_IsBusy
                0x00000000080047e0       0x28 modules/stm32/stm32cube/lib..__modules__hal__stm32__stm32cube.a(stm32f4xx_ll_utils.c.obj)
 .text.UTILS_SetFlashLatency.part.0
                0x0000000008004808      0x104 modules/stm32/stm32cube/lib..__modules__hal__stm32__stm32cube.a(stm32f4xx_ll_utils.c.obj)
 .text.UTILS_EnablePLLAndSwitchSystem
                0x000000000800490c       0xa0 modules/stm32/stm32cube/lib..__modules__hal__stm32__stm32cube.a(stm32f4xx_ll_utils.c.obj)
 .text.LL_PLL_ConfigSystemClock_HSE
                0x00000000080049ac       0x74 modules/stm32/stm32cube/lib..__modules__hal__stm32__stm32cube.a(stm32f4xx_ll_utils.c.obj)
                0x00000000080049ac                LL_PLL_ConfigSystemClock_HSE
 .text.z_sys_device_do_config_level
                0x0000000008004a20       0x2c zephyr/kernel/libkernel.a(device.c.obj)
                0x0000000008004a20                z_sys_device_do_config_level
 .text.z_impl_device_get_binding
                0x0000000008004a4c       0x4c zephyr/kernel/libkernel.a(device.c.obj)
                0x0000000008004a4c                z_impl_device_get_binding
 .text.z_bss_zero
                0x0000000008004a98       0x14 zephyr/kernel/libkernel.a(init.c.obj)
                0x0000000008004a98                z_bss_zero
 .text.z_data_copy
                0x0000000008004aac       0x34 zephyr/kernel/libkernel.a(init.c.obj)
                0x0000000008004aac                z_data_copy
 .text.bg_thread_main
                0x0000000008004ae0       0x30 zephyr/kernel/libkernel.a(init.c.obj)
 .text.z_cstart
                0x0000000008004b10      0x10c zephyr/kernel/libkernel.a(init.c.obj)
                0x0000000008004b10                z_cstart
 .text.init_static_pools
                0x0000000008004c1c       0x28 zephyr/kernel/libkernel.a(mempool.c.obj)
                0x0000000008004c1c                init_static_pools
 .text.z_reset_time_slice
                0x0000000008004c44       0x2c zephyr/kernel/libkernel.a(sched.c.obj)
                0x0000000008004c44                z_reset_time_slice
 .text.k_sched_time_slice_set
                0x0000000008004c70       0x40 zephyr/kernel/libkernel.a(sched.c.obj)
                0x0000000008004c70                k_sched_time_slice_set
 .text.k_sched_lock
                0x0000000008004cb0       0x28 zephyr/kernel/libkernel.a(sched.c.obj)
                0x0000000008004cb0                k_sched_lock
 .text.z_priq_dumb_remove
                0x0000000008004cd8       0x2c zephyr/kernel/libkernel.a(sched.c.obj)
                0x0000000008004cd8                z_priq_dumb_remove
 .text.update_cache
                0x0000000008004d04       0x3c zephyr/kernel/libkernel.a(sched.c.obj)
 .text.k_sched_unlock
                0x0000000008004d40       0x38 zephyr/kernel/libkernel.a(sched.c.obj)
                0x0000000008004d40                k_sched_unlock
 .text.z_add_thread_to_ready_q
                0x0000000008004d78       0x6c zephyr/kernel/libkernel.a(sched.c.obj)
                0x0000000008004d78                z_add_thread_to_ready_q
 .text.z_move_thread_to_end_of_prio_q
                0x0000000008004de4       0x84 zephyr/kernel/libkernel.a(sched.c.obj)
                0x0000000008004de4                z_move_thread_to_end_of_prio_q
 .text.z_time_slice
                0x0000000008004e68       0x6c zephyr/kernel/libkernel.a(sched.c.obj)
                0x0000000008004e68                z_time_slice
 .text.z_remove_thread_from_ready_q
                0x0000000008004ed4       0x4c zephyr/kernel/libkernel.a(sched.c.obj)
                0x0000000008004ed4                z_remove_thread_from_ready_q
 .text.pend     0x0000000008004f20       0x74 zephyr/kernel/libkernel.a(sched.c.obj)
 .text.z_pend_curr
                0x0000000008004f94       0x28 zephyr/kernel/libkernel.a(sched.c.obj)
                0x0000000008004f94                z_pend_curr
 .text.z_tick_sleep.part.19
                0x0000000008004fbc       0x5c zephyr/kernel/libkernel.a(sched.c.obj)
 .text.z_sched_init
                0x0000000008005018       0x18 zephyr/kernel/libkernel.a(sched.c.obj)
                0x0000000008005018                z_sched_init
 .text.z_impl_k_yield
                0x0000000008005030       0x98 zephyr/kernel/libkernel.a(sched.c.obj)
                0x0000000008005030                z_impl_k_yield
 .text.z_impl_k_sleep
                0x00000000080050c8       0x3c zephyr/kernel/libkernel.a(sched.c.obj)
                0x00000000080050c8                z_impl_k_sleep
 .text.z_impl_k_current_get
                0x0000000008005104        0xc zephyr/kernel/libkernel.a(sched.c.obj)
                0x0000000008005104                z_impl_k_current_get
 .text.z_impl_k_sem_give
                0x0000000008005110       0x4c zephyr/kernel/libkernel.a(sem.c.obj)
                0x0000000008005110                z_impl_k_sem_give
 .text.z_impl_k_sem_take
                0x000000000800515c       0x4c zephyr/kernel/libkernel.a(sem.c.obj)
                0x000000000800515c                z_impl_k_sem_take
 .text.z_impl_k_thread_start
                0x00000000080051a8       0x48 zephyr/kernel/libkernel.a(thread.c.obj)
                0x00000000080051a8                z_impl_k_thread_start
 .text.z_setup_new_thread
                0x00000000080051f0       0x30 zephyr/kernel/libkernel.a(thread.c.obj)
                0x00000000080051f0                z_setup_new_thread
 .text.z_impl_k_thread_suspend
                0x0000000008005220       0x40 zephyr/kernel/libkernel.a(thread.c.obj)
                0x0000000008005220                z_impl_k_thread_suspend
 .text.z_init_static_threads
                0x0000000008005260       0x90 zephyr/kernel/libkernel.a(thread.c.obj)
                0x0000000008005260                z_init_static_threads
 .text.elapsed  0x00000000080052f0       0x14 zephyr/kernel/libkernel.a(timeout.c.obj)
 .text.remove_timeout
                0x0000000008005304       0x28 zephyr/kernel/libkernel.a(timeout.c.obj)
 .text.next_timeout
                0x000000000800532c       0x38 zephyr/kernel/libkernel.a(timeout.c.obj)
 .text.z_add_timeout
                0x0000000008005364       0x84 zephyr/kernel/libkernel.a(timeout.c.obj)
                0x0000000008005364                z_add_timeout
 .text.z_clock_announce
                0x00000000080053e8       0xac zephyr/kernel/libkernel.a(timeout.c.obj)
                0x00000000080053e8                z_clock_announce
 .text.z_tick_get
                0x0000000008005494       0x3c zephyr/kernel/libkernel.a(timeout.c.obj)
                0x0000000008005494                z_tick_get
 .text.gpio_pin_write
                0x00000000080054d0       0x14 app/libapp.a(motors_engine.c.obj)
 .text.gpio_pin_configure.constprop.6
                0x00000000080054e4       0x14 app/libapp.a(motors_engine.c.obj)
 .text.k_sleep  0x00000000080054f8        0x4 app/libapp.a(d_bot_main.c.obj)
 .text.init     0x00000000080054fc       0x2e app/libapp.a(d_bot_main.c.obj)
                0x00000000080054fc                init
 .text.init_setups
                0x000000000800552a        0x6 app/libapp.a(d_bot_main.c.obj)
                0x000000000800552a                init_setups
 .text.follow_line
                0x0000000008005530       0x38 app/libapp.a(d_bot_main.c.obj)
                0x0000000008005530                follow_line
 .text.gpio_pin_write
                0x0000000008005568       0x14 app/libapp.a(tcs3200.c.obj)
 .text.gpio_pin_configure
                0x000000000800557c       0x14 app/libapp.a(tcs3200.c.obj)
 .text.z_sys_mem_pool_base_init
                0x0000000008005590       0x8c zephyr/libzephyr.a(mempool.c.obj)
                0x0000000008005590                z_sys_mem_pool_base_init
 .text.sys_sem_give
                0x000000000800561c        0xa zephyr/libzephyr.a(sem.c.obj)
                0x000000000800561c                sys_sem_give
 .text.sys_sem_take
                0x0000000008005626       0x1e zephyr/libzephyr.a(sem.c.obj)
                0x0000000008005626                sys_sem_take
 .text.z_thread_entry
                0x0000000008005644       0x14 zephyr/libzephyr.a(thread_entry.c.obj)
                0x0000000008005644                z_thread_entry
 .text.arch_printk_char_out
                0x0000000008005658        0x4 zephyr/libzephyr.a(printk.c.obj)
                0x0000000008005658                arch_printk_char_out
 .text.print_err
                0x000000000800565c       0x1c zephyr/libzephyr.a(printk.c.obj)
 .text.z_vprintk
                0x0000000008005678      0x2e0 zephyr/libzephyr.a(printk.c.obj)
                0x0000000008005678                z_vprintk
 .text.printk   0x0000000008005958       0x1a zephyr/libzephyr.a(printk.c.obj)
                0x0000000008005958                printk
 .text._ConfigAbsSyms
                0x0000000008005972        0x2 zephyr/libzephyr.a(configs.c.obj)
                0x0000000008005972                _ConfigAbsSyms
 .text.__stm32_exti_isr_0
                0x0000000008005974        0xa zephyr/libzephyr.a(exti_stm32.c.obj)
 .text.__stm32_exti_isr_1
                0x000000000800597e        0xa zephyr/libzephyr.a(exti_stm32.c.obj)
 .text.__stm32_exti_isr_2
                0x0000000008005988        0xa zephyr/libzephyr.a(exti_stm32.c.obj)
 .text.__stm32_exti_isr_3
                0x0000000008005992        0xa zephyr/libzephyr.a(exti_stm32.c.obj)
 .text.__stm32_exti_isr_4
                0x000000000800599c        0xa zephyr/libzephyr.a(exti_stm32.c.obj)
 .text.__stm32_exti_isr_9_5
                0x00000000080059a6        0xa zephyr/libzephyr.a(exti_stm32.c.obj)
 .text.__stm32_exti_isr_15_10
                0x00000000080059b0        0xa zephyr/libzephyr.a(exti_stm32.c.obj)
 .text.__stm32_exti_isr_16
                0x00000000080059ba        0xa zephyr/libzephyr.a(exti_stm32.c.obj)
 .text.__stm32_exti_isr_18
                0x00000000080059c4        0xa zephyr/libzephyr.a(exti_stm32.c.obj)
 .text.__stm32_exti_isr_21
                0x00000000080059ce        0xa zephyr/libzephyr.a(exti_stm32.c.obj)
 .text.__stm32_exti_isr_22
                0x00000000080059d8        0xa zephyr/libzephyr.a(exti_stm32.c.obj)
 .text.stm32_exti_init
                0x00000000080059e2       0x74 zephyr/libzephyr.a(exti_stm32.c.obj)
 .text.config_pll_init
                0x0000000008005a56       0x12 zephyr/libzephyr.a(clock_stm32f2_f4_f7.c.obj)
                0x0000000008005a56                config_pll_init
 .text.LL_RCC_MSI_Disable
                0x0000000008005a68        0x2 zephyr/libzephyr.a(clock_stm32f2_f4_f7.c.obj)
                0x0000000008005a68                LL_RCC_MSI_Disable
 .text.z_irq_spurious
                0x0000000008005a6a        0x4 zephyr/arch/arch/arm/core/libarch__arm__core.a(irq_manage.c.obj)
                0x0000000008005a6a                z_irq_spurious
 .text.z_arm_fatal_error
                0x0000000008005a6e        0x4 zephyr/arch/arch/arm/core/libarch__arm__core.a(fatal.c.obj)
                0x0000000008005a6e                z_arm_fatal_error
 .text.z_do_kernel_oops
                0x0000000008005a72        0x8 zephyr/arch/arch/arm/core/libarch__arm__core.a(fatal.c.obj)
                0x0000000008005a72                z_do_kernel_oops
 .text.z_arm_nmi
                0x0000000008005a7a        0xe zephyr/arch/arch/arm/core/libarch__arm__core.a(nmi.c.obj)
                0x0000000008005a7a                z_arm_nmi
 .text.z_arm_configure_dynamic_mpu_regions
                0x0000000008005a88       0x10 zephyr/arch/arch/arm/core/cortex_m/mpu/libarch__arm__core__cortex_m__mpu.a(arm_core_mpu.c.obj)
                0x0000000008005a88                z_arm_configure_dynamic_mpu_regions
 .text._stdout_hook_default
                0x0000000008005a98        0x6 zephyr/lib/libc/newlib/liblib__libc__newlib.a(libc-hooks.c.obj)
 .text.gpio_stm32_isr
                0x0000000008005a9e       0x30 zephyr/drivers/gpio/libdrivers__gpio.a(gpio_stm32.c.obj)
 .text.gpio_stm32_write
                0x0000000008005ace       0x22 zephyr/drivers/gpio/libdrivers__gpio.a(gpio_stm32.c.obj)
 .text.gpio_stm32_read
                0x0000000008005af0       0x1e zephyr/drivers/gpio/libdrivers__gpio.a(gpio_stm32.c.obj)
 .text.gpio_stm32_manage_callback
                0x0000000008005b0e       0x56 zephyr/drivers/gpio/libdrivers__gpio.a(gpio_stm32.c.obj)
 .text.gpio_stm32_enable_callback
                0x0000000008005b64       0x1a zephyr/drivers/gpio/libdrivers__gpio.a(gpio_stm32.c.obj)
 .text.gpio_stm32_disable_callback
                0x0000000008005b7e       0x1c zephyr/drivers/gpio/libdrivers__gpio.a(gpio_stm32.c.obj)
 .text.gpio_stm32_flags_to_conf
                0x0000000008005b9a       0x3a zephyr/drivers/gpio/libdrivers__gpio.a(gpio_stm32.c.obj)
                0x0000000008005b9a                gpio_stm32_flags_to_conf
 .text.gpio_stm32_configure
                0x0000000008005bd4      0x106 zephyr/drivers/gpio/libdrivers__gpio.a(gpio_stm32.c.obj)
                0x0000000008005bd4                gpio_stm32_configure
 .text.pwm_stm32_get_cycles_per_sec
                0x0000000008005cda       0x3c zephyr/drivers/pwm/libdrivers__pwm.a(pwm_stm32.c.obj)
 .text.LL_USART_ClearFlag_PE
                0x0000000008005d16       0x12 zephyr/drivers/serial/libdrivers__serial.a(uart_stm32.c.obj)
 .text.uart_stm32_poll_in
                0x0000000008005d28       0x26 zephyr/drivers/serial/libdrivers__serial.a(uart_stm32.c.obj)
 .text.uart_stm32_poll_out
                0x0000000008005d4e       0x16 zephyr/drivers/serial/libdrivers__serial.a(uart_stm32.c.obj)
 .text.uart_stm32_err_check
                0x0000000008005d64       0x4a zephyr/drivers/serial/libdrivers__serial.a(uart_stm32.c.obj)
 .text.uart_stm32_set_baudrate
                0x0000000008005dae       0x42 zephyr/drivers/serial/libdrivers__serial.a(uart_stm32.c.obj)
 .text.uart_stm32_config_get
                0x0000000008005df0       0x6c zephyr/drivers/serial/libdrivers__serial.a(uart_stm32.c.obj)
 .text.HAL_TIM_PWM_MspInit
                0x0000000008005e5c        0x2 modules/stm32/stm32cube/lib..__modules__hal__stm32__stm32cube.a(stm32f4xx_hal_tim.c.obj)
                0x0000000008005e5c                HAL_TIM_PWM_MspInit
 .text.HAL_TIM_PWM_Init
                0x0000000008005e5e       0x34 modules/stm32/stm32cube/lib..__modules__hal__stm32__stm32cube.a(stm32f4xx_hal_tim.c.obj)
                0x0000000008005e5e                HAL_TIM_PWM_Init
 .text.HAL_TIM_PWM_ConfigChannel
                0x0000000008005e92       0xc4 modules/stm32/stm32cube/lib..__modules__hal__stm32__stm32cube.a(stm32f4xx_hal_tim.c.obj)
                0x0000000008005e92                HAL_TIM_PWM_ConfigChannel
 .text.TIM_CCxChannelCmd
                0x0000000008005f56       0x1c modules/stm32/stm32cube/lib..__modules__hal__stm32__stm32cube.a(stm32f4xx_hal_tim.c.obj)
                0x0000000008005f56                TIM_CCxChannelCmd
 .text.HAL_TIM_PWM_Start
                0x0000000008005f72        0x4 modules/stm32/stm32cube/lib..__modules__hal__stm32__stm32cube.a(stm32f4xx_hal_tim.c.obj)
                0x0000000008005f72                HAL_TIM_PWM_Start
 .text.arch_system_halt
                0x0000000008005f76       0x12 zephyr/kernel/libkernel.a(fatal.c.obj)
                0x0000000008005f76                arch_system_halt
 .text.k_sys_fatal_error_handler
                0x0000000008005f88        0x6 zephyr/kernel/libkernel.a(fatal.c.obj)
                0x0000000008005f88                k_sys_fatal_error_handler
 .text.z_fatal_error
                0x0000000008005f8e       0x1e zephyr/kernel/libkernel.a(fatal.c.obj)
                0x0000000008005f8e                z_fatal_error
 .text.z_is_thread_ready
                0x0000000008005fac       0x12 zephyr/kernel/libkernel.a(sched.c.obj)
 .text.z_unpend_thread_no_timeout
                0x0000000008005fbe       0x32 zephyr/kernel/libkernel.a(sched.c.obj)
                0x0000000008005fbe                z_unpend_thread_no_timeout
 .text.z_reschedule
                0x0000000008005ff0       0x16 zephyr/kernel/libkernel.a(sched.c.obj)
                0x0000000008005ff0                z_reschedule
 .text.z_reschedule_irqlock
                0x0000000008006006       0x18 zephyr/kernel/libkernel.a(sched.c.obj)
                0x0000000008006006                z_reschedule_irqlock
 .text.z_reschedule_unlocked
                0x000000000800601e       0x14 zephyr/kernel/libkernel.a(sched.c.obj)
 .text.z_priq_dumb_best
                0x0000000008006032        0xc zephyr/kernel/libkernel.a(sched.c.obj)
                0x0000000008006032                z_priq_dumb_best
 .text.z_thread_timeout
                0x000000000800603e       0x62 zephyr/kernel/libkernel.a(sched.c.obj)
                0x000000000800603e                z_thread_timeout
 .text.z_unpend_first_thread
                0x00000000080060a0       0x5a zephyr/kernel/libkernel.a(sched.c.obj)
                0x00000000080060a0                z_unpend_first_thread
 .text.z_impl_k_usleep
                0x00000000080060fa       0x2c zephyr/kernel/libkernel.a(sched.c.obj)
                0x00000000080060fa                z_impl_k_usleep
 .text.z_is_thread_ready
                0x0000000008006126       0x12 zephyr/kernel/libkernel.a(thread.c.obj)
 .text.z_new_thread_init
                0x0000000008006138       0x1e zephyr/kernel/libkernel.a(thread.c.obj)
                0x0000000008006138                z_new_thread_init
 .text.z_thread_single_suspend
                0x0000000008006156       0x1a zephyr/kernel/libkernel.a(thread.c.obj)
                0x0000000008006156                z_thread_single_suspend
 .text.z_thread_single_abort
                0x0000000008006170       0x3e zephyr/kernel/libkernel.a(thread.c.obj)
                0x0000000008006170                z_thread_single_abort
 .text.z_abort_timeout
                0x00000000080061ae       0x2c zephyr/kernel/libkernel.a(timeout.c.obj)
                0x00000000080061ae                z_abort_timeout
 .text.z_get_next_timeout_expiry
                0x00000000080061da       0x20 zephyr/kernel/libkernel.a(timeout.c.obj)
                0x00000000080061da                z_get_next_timeout_expiry
 .text.z_set_timeout_expiry
                0x00000000080061fa       0x34 zephyr/kernel/libkernel.a(timeout.c.obj)
                0x00000000080061fa                z_set_timeout_expiry
 .text.z_tick_get_32
                0x000000000800622e        0x8 zephyr/kernel/libkernel.a(timeout.c.obj)
                0x000000000800622e                z_tick_get_32
 .text.idle     0x0000000008006236       0x28 zephyr/kernel/libkernel.a(idle.c.obj)
                0x0000000008006236                idle
 .text._OffsetAbsSyms
                0x000000000800625e        0x2 zephyr/CMakeFiles/offsets.dir/arch/arm/core/offsets/offsets.c.obj
                0x000000000800625e                _OffsetAbsSyms
 *(SORT_BY_ALIGNMENT(.gnu.linkonce.t.*))
 *(SORT_BY_ALIGNMENT(.glue_7t))
 .glue_7t       0x0000000008006260        0x0 linker stubs
 *(SORT_BY_ALIGNMENT(.glue_7))
 .glue_7        0x0000000008006260        0x0 linker stubs
 *(SORT_BY_ALIGNMENT(.vfp11_veneer))
 .vfp11_veneer  0x0000000008006260        0x0 linker stubs
 *(SORT_BY_ALIGNMENT(.v4_bx))
 .v4_bx         0x0000000008006260        0x0 linker stubs
                0x0000000008006260                _image_text_end = .

.ARM.exidx      0x0000000008006260        0x8
                0x0000000008006260                __exidx_start = .
 *(SORT_BY_ALIGNMENT(.ARM.exidx*) SORT_BY_ALIGNMENT(gnu.linkonce.armexidx.*))
 .ARM.exidx     0x0000000008006260        0x8 /home/mmo/zephyr/arm-zephyr-eabi/bin/../lib/gcc/arm-zephyr-eabi/8.3.0/thumb/v7e-m+fp/hard/libgcc.a(_udivmoddi4.o)
                0x0000000008006268                __exidx_end = .
                0x0000000008006268                _image_rodata_start = .

sw_isr_table    0x0000000008006268      0x308
                0x0000000008006268                . = ALIGN (0x0)
 *(SORT_BY_ALIGNMENT(.gnu.linkonce.sw_isr_table))
 .gnu.linkonce.sw_isr_table
                0x0000000008006268      0x308 zephyr/CMakeFiles/zephyr_final.dir/isr_tables.c.obj
                0x0000000008006268                _sw_isr_table

app_shmem_regions
                0x0000000008006570        0x0
                0x0000000008006570                __app_shmem_regions_start = .
 *(SORT_BY_NAME(SORT_BY_ALIGNMENT(.app_regions.*)))
                0x0000000008006570                __app_shmem_regions_end = .

devconfig       0x0000000008006570       0xa8
                0x0000000008006570                __devconfig_start = .
 *(SORT_BY_ALIGNMENT(.devconfig.*))
 .devconfig.init
                0x0000000008006570        0xc zephyr/libzephyr.a(soc.c.obj)
 .devconfig.init
                0x000000000800657c        0xc zephyr/libzephyr.a(uart_console.c.obj)
 .devconfig.init
                0x0000000008006588        0xc zephyr/libzephyr.a(exti_stm32.c.obj)
 .devconfig.init
                0x0000000008006594        0xc zephyr/libzephyr.a(clock_stm32_ll_common.c.obj)
 .devconfig.init
                0x00000000080065a0        0xc zephyr/libzephyr.a(sys_clock_init.c.obj)
 .devconfig.init
                0x00000000080065ac        0xc zephyr/arch/arch/arm/core/cortex_m/mpu/libarch__arm__core__cortex_m__mpu.a(arm_mpu.c.obj)
 .devconfig.init
                0x00000000080065b8        0xc zephyr/boards/arm/nucleo_f446re/libboards__arm__nucleo_f446re.a(pinmux.c.obj)
 .devconfig.init
                0x00000000080065c4       0x30 zephyr/drivers/gpio/libdrivers__gpio.a(gpio_stm32.c.obj)
 .devconfig.init
                0x00000000080065f4        0xc zephyr/drivers/pwm/libdrivers__pwm.a(pwm_stm32.c.obj)
 .devconfig.init
                0x0000000008006600        0xc zephyr/drivers/serial/libdrivers__serial.a(uart_stm32.c.obj)
 .devconfig.init
                0x000000000800660c        0xc zephyr/kernel/libkernel.a(mempool.c.obj)
 *(SORT_BY_NAME(SORT_BY_ALIGNMENT(.devconfig*)))
                0x0000000008006618                __devconfig_end = .

net_l2          0x0000000008006618        0x0
                0x0000000008006618                __net_l2_start = .
 *(SORT_BY_ALIGNMENT(.net_l2.init))
 *(SORT_BY_NAME(SORT_BY_ALIGNMENT(.net_l2.init*)))
                0x0000000008006618                __net_l2_end = .

_bt_channels_area
                0x0000000008006618        0x0
                0x0000000008006618                _bt_l2cap_fixed_chan_list_start = .
 *(SORT_BY_NAME(SORT_BY_ALIGNMENT(._bt_l2cap_fixed_chan.static.*)))
                0x0000000008006618                _bt_l2cap_fixed_chan_list_end = .

_bt_services_area
                0x0000000008006618        0x0
                0x0000000008006618                _bt_gatt_service_static_list_start = .
 *(SORT_BY_NAME(SORT_BY_ALIGNMENT(._bt_gatt_service_static.static.*)))
                0x0000000008006618                _bt_gatt_service_static_list_end = .

log_const_sections
                0x0000000008006618        0x0
                0x0000000008006618                __log_const_start = .
 *(SORT_BY_NAME(SORT_BY_ALIGNMENT(.log_const_*)))
                0x0000000008006618                __log_const_end = .

log_backends_sections
                0x0000000008006618        0x0
                0x0000000008006618                __log_backends_start = .
 *(SORT_BY_ALIGNMENT(._log_backend.*))
                0x0000000008006618                __log_backends_end = .

shell_root_cmds_sections
                0x0000000008006618        0x0
                0x0000000008006618                __shell_root_cmds_start = .
 *(SORT_BY_NAME(SORT_BY_ALIGNMENT(.shell_root_cmd_*)))
                0x0000000008006618                __shell_root_cmds_end = .

font_entry_sections
                0x0000000008006618        0x0
                0x0000000008006618                __font_entry_start = .
 *(SORT_BY_NAME(SORT_BY_ALIGNMENT(._cfb_font.*)))
                0x0000000008006618                __font_entry_end = .

rodata          0x0000000008006618      0x4dc
 *(SORT_BY_ALIGNMENT(.rodata))
 .rodata        0x0000000008006618      0x128 /home/mmo/zephyr/arm-zephyr-eabi/arm-zephyr-eabi/lib/thumb/v7e-m+fp/hard/libc.a(lib_a-mprec.o)
                0x0000000008006628                __mprec_tens
                0x00000000080066f0                __mprec_tinytens
                0x0000000008006718                __mprec_bigtens
 .rodata        0x0000000008006740        0x8 zephyr/drivers/gpio/libdrivers__gpio.a(gpio_stm32.c.obj)
 .rodata        0x0000000008006748      0x101 /home/mmo/zephyr/arm-zephyr-eabi/arm-zephyr-eabi/lib/thumb/v7e-m+fp/hard/libc.a(lib_a-ctype_.o)
                0x0000000008006748                _ctype_
 *(SORT_BY_ALIGNMENT(.rodata.*))
 *fill*         0x0000000008006849        0x3 
 .rodata.mpu_config
                0x000000000800684c        0x8 zephyr/libzephyr.a(arm_mpu_regions.c.obj)
                0x000000000800684c                mpu_config
 .rodata.mpu_regions
                0x0000000008006854       0x18 zephyr/libzephyr.a(arm_mpu_regions.c.obj)
 .rodata.ports_enable
                0x000000000800686c       0x2c zephyr/libzephyr.a(pinmux_stm32.c.obj)
 .rodata.pinconf
                0x0000000008006898       0x20 zephyr/boards/arm/nucleo_f446re/libboards__arm__nucleo_f446re.a(pinmux.c.obj)
 .rodata.gpio_stm32_cfg_a
                0x00000000080068b8       0x10 zephyr/drivers/gpio/libdrivers__gpio.a(gpio_stm32.c.obj)
 .rodata.gpio_stm32_cfg_b
                0x00000000080068c8       0x10 zephyr/drivers/gpio/libdrivers__gpio.a(gpio_stm32.c.obj)
 .rodata.gpio_stm32_cfg_c
                0x00000000080068d8       0x10 zephyr/drivers/gpio/libdrivers__gpio.a(gpio_stm32.c.obj)
 .rodata.gpio_stm32_cfg_d
                0x00000000080068e8       0x10 zephyr/drivers/gpio/libdrivers__gpio.a(gpio_stm32.c.obj)
 .rodata.gpio_stm32_driver
                0x00000000080068f8       0x1c zephyr/drivers/gpio/libdrivers__gpio.a(gpio_stm32.c.obj)
 .rodata.pwm_stm32_dev_cfg_2
                0x0000000008006914        0xc zephyr/drivers/pwm/libdrivers__pwm.a(pwm_stm32.c.obj)
 .rodata.pwm_stm32_drv_api_funcs
                0x0000000008006920        0x8 zephyr/drivers/pwm/libdrivers__pwm.a(pwm_stm32.c.obj)
 .rodata.uart_stm32_cfg_USART_2
                0x0000000008006928       0x14 zephyr/drivers/serial/libdrivers__serial.a(uart_stm32.c.obj)
 .rodata.uart_stm32_driver_api
                0x000000000800693c       0x14 zephyr/drivers/serial/libdrivers__serial.a(uart_stm32.c.obj)
 .rodata.config_levels.15623
                0x0000000008006950       0x14 zephyr/kernel/libkernel.a(device.c.obj)
 .rodata._k_neg_eagain
                0x0000000008006964        0x4 zephyr/kernel/libkernel.a(errno.c.obj)
                0x0000000008006964                _k_neg_eagain
 .rodata.CSWTCH.17
                0x0000000008006968        0x6 zephyr/drivers/serial/libdrivers__serial.a(uart_stm32.c.obj)
 .rodata.drive.str1.1
                0x000000000800696e        0xd app/libapp.a(motors_engine.c.obj)
 .rodata.motors_init.str1.1
                0x000000000800697b       0x1d app/libapp.a(motors_engine.c.obj)
 .rodata.speed.str1.1
                0x0000000008006998       0x13 app/libapp.a(motors_engine.c.obj)
 .rodata.find_N.str1.1
                0x00000000080069ab       0x25 app/libapp.a(d_bot_main.c.obj)
 .rodata.main.str1.1
                0x00000000080069d0       0x12 app/libapp.a(d_bot_main.c.obj)
 .rodata.turn_right.str1.1
                0x00000000080069e2        0x9 app/libapp.a(d_bot_main.c.obj)
 .rodata.wait_color_change.str1.1
                0x00000000080069eb        0x9 app/libapp.a(d_bot_main.c.obj)
 .rodata.ir_sensors_init.str1.1
                0x00000000080069f4        0x6 app/libapp.a(ir_sensors.c.obj)
                                         0x17 (size before relaxing)
 .rodata.color_sensor_init.str1.1
                0x00000000080069fa        0x6 app/libapp.a(tcs3200.c.obj)
 .rodata.usonic_init.str1.1
                0x00000000080069fa       0x17 app/libapp.a(usonic.c.obj)
 .rodata.str1.1
                0x00000000080069fa        0x6 zephyr/libzephyr.a(soc.c.obj)
                                          0x1 (size before relaxing)
 .rodata.str1.1
                0x00000000080069fa        0xe zephyr/libzephyr.a(arm_mpu_regions.c.obj)
 .rodata.str1.1
                0x0000000008006a08        0x1 zephyr/libzephyr.a(uart_console.c.obj)
 .rodata.uart_console_init.str1.1
                0x0000000008006a08        0x7 zephyr/libzephyr.a(uart_console.c.obj)
 .rodata.exti_irq_table
                0x0000000008006a0f       0x17 zephyr/libzephyr.a(exti_stm32.c.obj)
                0x0000000008006a0f                exti_irq_table
 .rodata.str1.1
                0x0000000008006a26        0xb zephyr/libzephyr.a(exti_stm32.c.obj)
 .rodata.str1.1
                0x0000000008006a31        0x9 zephyr/libzephyr.a(clock_stm32_ll_common.c.obj)
 .rodata.z_pinmux_stm32_set.str1.1
                0x0000000008006a3a        0x9 zephyr/libzephyr.a(pinmux_stm32.c.obj)
 .rodata.str1.1
                0x0000000008006a3a        0xa zephyr/libzephyr.a(sys_clock_init.c.obj)
 .rodata.str1.1
                0x0000000008006a44        0x1 zephyr/arch/arch/arm/core/cortex_m/mpu/libarch__arm__core__cortex_m__mpu.a(arm_mpu.c.obj)
 .rodata.str1.1
                0x0000000008006a44        0x1 zephyr/boards/arm/nucleo_f446re/libboards__arm__nucleo_f446re.a(pinmux.c.obj)
 .rodata.gpio_stm32_init.str1.1
                0x0000000008006a44        0x9 zephyr/drivers/gpio/libdrivers__gpio.a(gpio_stm32.c.obj)
 .rodata.str1.1
                0x0000000008006a44        0xc zephyr/drivers/gpio/libdrivers__gpio.a(gpio_stm32.c.obj)
                                         0x18 (size before relaxing)
 .rodata.pwm_stm32_init.str1.1
                0x0000000008006a50        0x9 zephyr/drivers/pwm/libdrivers__pwm.a(pwm_stm32.c.obj)
 .rodata.str1.1
                0x0000000008006a50        0x6 zephyr/drivers/pwm/libdrivers__pwm.a(pwm_stm32.c.obj)
 .rodata.str1.1
                0x0000000008006a50        0x7 zephyr/drivers/serial/libdrivers__serial.a(uart_stm32.c.obj)
 .rodata.uart_stm32_init.str1.1
                0x0000000008006a50        0x9 zephyr/drivers/serial/libdrivers__serial.a(uart_stm32.c.obj)
 .rodata.AHBPrescTable
                0x0000000008006a50       0x10 modules/stm32/stm32cube/lib..__modules__hal__stm32__stm32cube.a(system_stm32f4xx.c.obj)
                0x0000000008006a50                AHBPrescTable
 .rodata.bg_thread_main.str1.1
                0x0000000008006a60       0x42 zephyr/kernel/libkernel.a(init.c.obj)
 .rodata.z_cstart.str1.1
                0x0000000008006aa2        0xa zephyr/kernel/libkernel.a(init.c.obj)
 .rodata.str1.1
                0x0000000008006aac        0x1 zephyr/kernel/libkernel.a(mempool.c.obj)
 .rodata.str1.1
                0x0000000008006aac       0x10 /home/mmo/zephyr/arm-zephyr-eabi/arm-zephyr-eabi/lib/thumb/v7e-m+fp/hard/libc.a(lib_a-nano-vfprintf_float.o)
                                         0x12 (size before relaxing)
 .rodata.str1.1
                0x0000000008006abc       0x22 /home/mmo/zephyr/arm-zephyr-eabi/arm-zephyr-eabi/lib/thumb/v7e-m+fp/hard/libc.a(lib_a-nano-vfprintf_i.o)
 .rodata.str1.1
                0x0000000008006ade        0xd /home/mmo/zephyr/arm-zephyr-eabi/arm-zephyr-eabi/lib/thumb/v7e-m+fp/hard/libc.a(lib_a-dtoa.o)
                                          0xf (size before relaxing)
 .rodata.str1.1
                0x0000000008006aeb        0x8 /home/mmo/zephyr/arm-zephyr-eabi/arm-zephyr-eabi/lib/thumb/v7e-m+fp/hard/libc.a(lib_a-locale.o)
                                          0xb (size before relaxing)
 *(SORT_BY_ALIGNMENT(.gnu.linkonce.r.*))
                0x0000000008006af4                . = ALIGN (0x4)
 *fill*         0x0000000008006af3        0x1 
                0x0000000008006af4                _image_rodata_end = .
                0x0000000008006b00                . = ALIGN (_region_min_align)
                0x0000000008008000                . = ALIGN ((0x1 << LOG2CEIL ((_image_rodata_end - _image_rom_start))))
                0x0000000008008000                _image_rom_end = .
                0x0000000020000000                . = 0x20000000
                0x0000000020000000                . = ALIGN (_region_min_align)
                0x0000000020000000                _image_ram_start = .

.ramfunc        0x0000000020000000        0x0 load address 0x0000000008006af4
                0x0000000020000000                . = ALIGN (_region_min_align)
                0x0000000020000000                . = ALIGN ((0x1 << LOG2CEIL (_ramfunc_ram_size)))
                0x0000000020000000                _ramfunc_ram_start = .
 *(SORT_BY_ALIGNMENT(.ramfunc))
 *(SORT_BY_ALIGNMENT(.ramfunc.*))
                0x0000000020000000                . = ALIGN (_region_min_align)
                0x0000000020000000                . = ALIGN ((0x1 << LOG2CEIL (_ramfunc_ram_size)))
                0x0000000020000000                _ramfunc_ram_end = .
                0x0000000000000000                _ramfunc_ram_size = (_ramfunc_ram_end - _ramfunc_ram_start)
                0x0000000008006af4                _ramfunc_rom_start = LOADADDR (.ramfunc)

bss             0x0000000020000000      0x350
                0x0000000020000000                . = ALIGN (0x4)
                0x0000000020000000                __bss_start = .
                0x0000000020000000                __kernel_ram_start = .
 *(SORT_BY_ALIGNMENT(.bss))
 .bss           0x0000000020000000        0x8 /home/mmo/zephyr/arm-zephyr-eabi/arm-zephyr-eabi/lib/thumb/v7e-m+fp/hard/libc.a(lib_a-nano-mallocr.o)
                0x0000000020000000                __malloc_free_list
                0x0000000020000004                __malloc_sbrk_start
 *(SORT_BY_ALIGNMENT(.bss.*))
 .bss.curr_tick
                0x0000000020000008        0x8 zephyr/kernel/libkernel.a(timeout.c.obj)
 .bss.portb     0x0000000020000010        0x4 app/libapp.a(motors_engine.c.obj)
 .bss.pwm_2     0x0000000020000014        0x4 app/libapp.a(motors_engine.c.obj)
 .bss.port_a    0x0000000020000018        0x4 app/libapp.a(ir_sensors.c.obj)
 .bss.blue      0x000000002000001c        0x4 app/libapp.a(tcs3200.c.obj)
 .bss.count_cb  0x0000000020000020        0x4 app/libapp.a(tcs3200.c.obj)
 .bss.gpio_cb   0x0000000020000024        0xc app/libapp.a(tcs3200.c.obj)
 .bss.green     0x0000000020000030        0x4 app/libapp.a(tcs3200.c.obj)
 .bss.port_a    0x0000000020000034        0x4 app/libapp.a(tcs3200.c.obj)
 .bss.red       0x0000000020000038        0x4 app/libapp.a(tcs3200.c.obj)
 .bss.start_cycles_cb
                0x000000002000003c        0x4 app/libapp.a(tcs3200.c.obj)
 .bss.us_spent_cb
                0x0000000020000040        0x4 app/libapp.a(tcs3200.c.obj)
 .bss.a_port    0x0000000020000044        0x4 app/libapp.a(usonic.c.obj)
 .bss.count_cb  0x0000000020000048        0x4 app/libapp.a(usonic.c.obj)
 .bss.echo_us_cb
                0x000000002000004c        0x4 app/libapp.a(usonic.c.obj)
 .bss.gpio_cb   0x0000000020000050        0xc app/libapp.a(usonic.c.obj)
 .bss.start_cycles_cb
                0x000000002000005c        0x4 app/libapp.a(usonic.c.obj)
 .bss.uart_console_dev
                0x0000000020000060        0x4 zephyr/libzephyr.a(uart_console.c.obj)
 .bss.exti_data
                0x0000000020000064       0xb8 zephyr/libzephyr.a(exti_stm32.c.obj)
 .bss.announced_cycles
                0x000000002000011c        0x4 zephyr/libzephyr.a(cortex_m_systick.c.obj)
 .bss.cycle_count
                0x0000000020000120        0x4 zephyr/libzephyr.a(cortex_m_systick.c.obj)
 .bss.last_load
                0x0000000020000124        0x4 zephyr/libzephyr.a(cortex_m_systick.c.obj)
 .bss.overflow_cyc
                0x0000000020000128        0x4 zephyr/libzephyr.a(cortex_m_systick.c.obj)
 .bss.heap_sz   0x000000002000012c        0x4 zephyr/lib/libc/newlib/liblib__libc__newlib.a(libc-hooks.c.obj)
 .bss.gpio_stm32_data_a
                0x0000000020000130        0xc zephyr/drivers/gpio/libdrivers__gpio.a(gpio_stm32.c.obj)
 .bss.gpio_stm32_data_b
                0x000000002000013c        0xc zephyr/drivers/gpio/libdrivers__gpio.a(gpio_stm32.c.obj)
 .bss.gpio_stm32_data_c
                0x0000000020000148        0xc zephyr/drivers/gpio/libdrivers__gpio.a(gpio_stm32.c.obj)
 .bss.gpio_stm32_data_d
                0x0000000020000154        0xc zephyr/drivers/gpio/libdrivers__gpio.a(gpio_stm32.c.obj)
 .bss.pwm_stm32_dev_data_2
                0x0000000020000160       0x48 zephyr/drivers/pwm/libdrivers__pwm.a(pwm_stm32.c.obj)
 .bss.z_idle_thread
                0x00000000200001a8       0xb0 zephyr/kernel/libkernel.a(init.c.obj)
                0x00000000200001a8                z_idle_thread
 .bss.z_main_thread
                0x0000000020000258       0xb0 zephyr/kernel/libkernel.a(init.c.obj)
                0x0000000020000258                z_main_thread
 .bss._kernel   0x0000000020000308       0x30 zephyr/kernel/libkernel.a(sched.c.obj)
                0x0000000020000308                _kernel
 .bss.pending_current
                0x0000000020000338        0x4 zephyr/kernel/libkernel.a(sched.c.obj)
 .bss.slice_max_prio
                0x000000002000033c        0x4 zephyr/kernel/libkernel.a(sched.c.obj)
 .bss.slice_time
                0x0000000020000340        0x4 zephyr/kernel/libkernel.a(sched.c.obj)
 .bss.announce_remaining
                0x0000000020000344        0x4 zephyr/kernel/libkernel.a(timeout.c.obj)
 .bss.n_counter
                0x0000000020000348        0x1 app/libapp.a(d_bot_main.c.obj)
                0x0000000020000348                n_counter
 .bss.static_regions_num
                0x0000000020000349        0x1 zephyr/arch/arch/arm/core/cortex_m/mpu/libarch__arm__core__cortex_m__mpu.a(arm_mpu.c.obj)
 .bss.lock      0x000000002000034a        0x0 zephyr/kernel/libkernel.a(sem.c.obj)
 .bss.lock      0x000000002000034a        0x0 zephyr/kernel/libkernel.a(thread.c.obj)
 *(SORT_BY_ALIGNMENT(COMMON))
 *fill*         0x000000002000034a        0x2 
 COMMON         0x000000002000034c        0x4 /home/mmo/zephyr/arm-zephyr-eabi/arm-zephyr-eabi/lib/thumb/v7e-m+fp/hard/libc.a(lib_a-reent.o)
                0x000000002000034c                errno
 *(SORT_BY_ALIGNMENT(.kernel_bss.*))
                0x0000000020000350                __bss_end = ALIGN (0x4)

noinit          0x0000000020000350      0xd40
 *(SORT_BY_ALIGNMENT(.noinit))
 *(SORT_BY_ALIGNMENT(.noinit.*))
 .noinit."ZEPHYR_BASE/kernel/init.c".3
                0x0000000020000350      0x400 zephyr/kernel/libkernel.a(init.c.obj)
                0x0000000020000350                z_main_stack
 .noinit."ZEPHYR_BASE/kernel/init.c".4
                0x0000000020000750      0x140 zephyr/kernel/libkernel.a(init.c.obj)
                0x0000000020000750                z_idle_stack
 .noinit."ZEPHYR_BASE/kernel/init.c".5
                0x0000000020000890      0x800 zephyr/kernel/libkernel.a(init.c.obj)
                0x0000000020000890                _interrupt_stack
 *(SORT_BY_ALIGNMENT(.kernel_noinit.*))

datas           0x0000000020001090      0x19f load address 0x0000000008006af4
                0x0000000020001090                __data_ram_start = .
 *(SORT_BY_ALIGNMENT(.data))
 .data          0x0000000020001090      0x16c /home/mmo/zephyr/arm-zephyr-eabi/arm-zephyr-eabi/lib/thumb/v7e-m+fp/hard/libc.a(lib_a-locale.o)
                0x0000000020001090                __global_locale
 *(SORT_BY_ALIGNMENT(.data.*))
 .data._char_out
                0x00000000200011fc        0x4 zephyr/libzephyr.a(printk.c.obj)
                0x00000000200011fc                _char_out
 .data.stm32_clock_control_api
                0x0000000020001200       0x14 zephyr/libzephyr.a(clock_stm32_ll_common.c.obj)
 .data._stdout_hook
                0x0000000020001214        0x4 zephyr/lib/libc/newlib/liblib__libc__newlib.a(libc-hooks.c.obj)
 .data.uart_stm32_data_USART_2
                0x0000000020001218        0x8 zephyr/drivers/serial/libdrivers__serial.a(uart_stm32.c.obj)
 .data.SystemCoreClock
                0x0000000020001220        0x4 modules/stm32/stm32cube/lib..__modules__hal__stm32__stm32cube.a(system_stm32f4xx.c.obj)
                0x0000000020001220                SystemCoreClock
 .data.timeout_list
                0x0000000020001224        0x8 zephyr/kernel/libkernel.a(timeout.c.obj)
 .data.mapN     0x000000002000122c        0x3 app/libapp.a(d_bot_main.c.obj)
                0x000000002000122c                mapN
 *(SORT_BY_ALIGNMENT(.kernel.*))
                0x0000000008006af4                __data_rom_start = LOADADDR (datas)

initlevel       0x0000000020001230       0xa8 load address 0x0000000008006c94
                0x0000000020001230                __device_init_start = .
                0x0000000020001230                __device_PRE_KERNEL_1_start = .
 *(SORT_BY_NAME(SORT_BY_ALIGNMENT(.init_PRE_KERNEL_1[0-9])))
 .init_PRE_KERNEL_10
                0x0000000020001230        0xc zephyr/libzephyr.a(soc.c.obj)
 .init_PRE_KERNEL_11
                0x000000002000123c        0xc zephyr/libzephyr.a(clock_stm32_ll_common.c.obj)
 .init_PRE_KERNEL_12
                0x0000000020001248        0xc zephyr/boards/arm/nucleo_f446re/libboards__arm__nucleo_f446re.a(pinmux.c.obj)
 *(SORT_BY_NAME(SORT_BY_ALIGNMENT(.init_PRE_KERNEL_1[1-9][0-9])))
 .init_PRE_KERNEL_130
                0x0000000020001254        0xc zephyr/kernel/libkernel.a(mempool.c.obj)
 .init_PRE_KERNEL_140
                0x0000000020001260        0xc zephyr/arch/arch/arm/core/cortex_m/mpu/libarch__arm__core__cortex_m__mpu.a(arm_mpu.c.obj)
 .init_PRE_KERNEL_150
                0x000000002000126c        0xc zephyr/libzephyr.a(exti_stm32.c.obj)
 .init_PRE_KERNEL_150
                0x0000000020001278        0xc zephyr/drivers/serial/libdrivers__serial.a(uart_stm32.c.obj)
 .init_PRE_KERNEL_160
                0x0000000020001284        0xc zephyr/libzephyr.a(uart_console.c.obj)
                0x0000000020001290                __device_PRE_KERNEL_2_start = .
 *(SORT_BY_NAME(SORT_BY_ALIGNMENT(.init_PRE_KERNEL_2[0-9])))
 .init_PRE_KERNEL_20
                0x0000000020001290        0xc zephyr/libzephyr.a(sys_clock_init.c.obj)
 *(SORT_BY_NAME(SORT_BY_ALIGNMENT(.init_PRE_KERNEL_2[1-9][0-9])))
                0x000000002000129c                __device_POST_KERNEL_start = .
 *(SORT_BY_NAME(SORT_BY_ALIGNMENT(.init_POST_KERNEL[0-9])))
 *(SORT_BY_NAME(SORT_BY_ALIGNMENT(.init_POST_KERNEL[1-9][0-9])))
 .init_POST_KERNEL40
                0x000000002000129c       0x30 zephyr/drivers/gpio/libdrivers__gpio.a(gpio_stm32.c.obj)
 .init_POST_KERNEL50
                0x00000000200012cc        0xc zephyr/drivers/pwm/libdrivers__pwm.a(pwm_stm32.c.obj)
                0x00000000200012d8                __device_APPLICATION_start = .
 *(SORT_BY_NAME(SORT_BY_ALIGNMENT(.init_APPLICATION[0-9])))
 *(SORT_BY_NAME(SORT_BY_ALIGNMENT(.init_APPLICATION[1-9][0-9])))
                0x00000000200012d8                __device_init_end = .

initlevel_error
                0x000000002000122f        0x0
 *(SORT_BY_NAME(SORT_BY_ALIGNMENT(.init_[_A-Z0-9]*)))
                0x0000000000000001                ASSERT ((SIZEOF (initlevel_error) == 0x0), Undefined initialization levels used.)

initshell       0x00000000200012d8        0x0 load address 0x0000000008006d3c
                0x00000000200012d8                __shell_module_start = .
 *(SORT_BY_ALIGNMENT(.shell_module_*))
                0x00000000200012d8                __shell_module_end = .
                0x00000000200012d8                __shell_cmd_start = .
 *(SORT_BY_ALIGNMENT(.shell_cmd_*))
                0x00000000200012d8                __shell_cmd_end = .

log_dynamic_sections
                0x00000000200012d8        0x0 load address 0x0000000008006d3c
                0x00000000200012d8                __log_dynamic_start = .
 *(SORT_BY_NAME(SORT_BY_ALIGNMENT(.log_dynamic_*)))
                0x00000000200012d8                __log_dynamic_end = .

_static_thread_area
                0x00000000200012d8        0x0 load address 0x0000000008006d3c
                0x00000000200012d8                __static_thread_data_list_start = .
 *(SORT_BY_NAME(SORT_BY_ALIGNMENT(.__static_thread_data.static.*)))
                0x00000000200012d8                __static_thread_data_list_end = .

_k_timer_area   0x00000000200012d8        0x0 load address 0x0000000008006d3c
                0x00000000200012d8                _k_timer_list_start = .
 *(SORT_BY_ALIGNMENT(._k_timer.static.*))
                0x00000000200012d8                _k_timer_list_end = .

_k_mem_slab_area
                0x00000000200012d8        0x0 load address 0x0000000008006d3c
                0x00000000200012d8                _k_mem_slab_list_start = .
 *(SORT_BY_ALIGNMENT(._k_mem_slab.static.*))
                0x00000000200012d8                _k_mem_slab_list_end = .

_k_mem_pool_area
                0x00000000200012d8        0x0 load address 0x0000000008006d3c
                0x00000000200012d8                _k_mem_pool_list_start = .
 *(SORT_BY_ALIGNMENT(._k_mem_pool.static.*))
                0x00000000200012d8                _k_mem_pool_list_end = .

_k_sem_area     0x00000000200012d8       0x10 load address 0x0000000008006d3c
                0x00000000200012d8                _k_sem_list_start = .
 *(SORT_BY_ALIGNMENT(._k_sem.static.*))
 *(SORT_BY_ALIGNMENT(._sys_sem.static.*))
 ._sys_sem.static.heap_sem
                0x00000000200012d8       0x10 zephyr/lib/libc/newlib/liblib__libc__newlib.a(libc-hooks.c.obj)
                0x00000000200012e8                _k_sem_list_end = .

_k_mutex_area   0x00000000200012e8       0x14 load address 0x0000000008006d4c
                0x00000000200012e8                _k_mutex_list_start = .
 *(SORT_BY_ALIGNMENT(._k_mutex.static.*))
 ._k_mutex.static.fdtable_lock
                0x00000000200012e8       0x14 zephyr/libzephyr.a(fdtable.c.obj)
                0x00000000200012fc                _k_mutex_list_end = .

_k_queue_area   0x00000000200012fc        0x0 load address 0x0000000008006d60
                0x00000000200012fc                _k_queue_list_start = .
 *(SORT_BY_ALIGNMENT(._k_queue.static.*))
 *(SORT_BY_ALIGNMENT(._k_fifo.static.*))
 *(SORT_BY_ALIGNMENT(._k_lifo.static.*))
                0x00000000200012fc                _k_queue_list_end = .

_k_stack_area   0x00000000200012fc        0x0 load address 0x0000000008006d60
                0x00000000200012fc                _k_stack_list_start = .
 *(SORT_BY_ALIGNMENT(._k_stack.static.*))
                0x00000000200012fc                _k_stack_list_end = .

_k_msgq_area    0x00000000200012fc        0x0 load address 0x0000000008006d60
                0x00000000200012fc                _k_msgq_list_start = .
 *(SORT_BY_ALIGNMENT(._k_msgq.static.*))
                0x00000000200012fc                _k_msgq_list_end = .

_k_mbox_area    0x00000000200012fc        0x0 load address 0x0000000008006d60
                0x00000000200012fc                _k_mbox_list_start = .
 *(SORT_BY_ALIGNMENT(._k_mbox.static.*))
                0x00000000200012fc                _k_mbox_list_end = .

_k_pipe_area    0x00000000200012fc        0x0 load address 0x0000000008006d60
                0x00000000200012fc                _k_pipe_list_start = .
 *(SORT_BY_ALIGNMENT(._k_pipe.static.*))
                0x00000000200012fc                _k_pipe_list_end = .

_net_buf_pool_area
                0x00000000200012fc        0x0 load address 0x0000000008006d60
                0x00000000200012fc                _net_buf_pool_list = .
 *(SORT_BY_NAME(SORT_BY_ALIGNMENT(._net_buf_pool.static.*)))

net_if          0x00000000200012fc        0x0 load address 0x0000000008006d60
                0x00000000200012fc                __net_if_start = .
 *(SORT_BY_ALIGNMENT(.net_if.*))
 *(SORT_BY_NAME(SORT_BY_ALIGNMENT(.net_if.*)))
                0x00000000200012fc                __net_if_end = .

net_if_dev      0x00000000200012fc        0x0 load address 0x0000000008006d60
                0x00000000200012fc                __net_if_dev_start = .
 *(SORT_BY_ALIGNMENT(.net_if_dev.*))
 *(SORT_BY_NAME(SORT_BY_ALIGNMENT(.net_if_dev.*)))
                0x00000000200012fc                __net_if_dev_end = .

net_l2_data     0x00000000200012fc        0x0 load address 0x0000000008006d60
                0x00000000200012fc                __net_l2_data_start = .
 *(SORT_BY_ALIGNMENT(.net_l2.data))
 *(SORT_BY_NAME(SORT_BY_ALIGNMENT(.net_l2.data*)))
                0x00000000200012fc                __net_l2_data_end = .

priv_stacks_noinit
                0x00000000200012fc        0x0 load address 0x0000000008006d60
                0x00000000200012fc                z_priv_stacks_ram_start = .
 *(SORT_BY_ALIGNMENT(.priv_stacks.noinit))
                0x00000000200012fc                z_priv_stacks_ram_end = .
                0x00000000200012fc                __data_ram_end = .
                0x00000000200012fc                _image_ram_end = .
                0x00000000200012fc                _end = .
                0x0000000020020000                __kernel_ram_end = 0x20020000
                0x0000000000020000                __kernel_ram_size = (__kernel_ram_end - __kernel_ram_start)

.stab
 *(SORT_BY_ALIGNMENT(.stab))

.stabstr
 *(SORT_BY_ALIGNMENT(.stabstr))

.stab.excl
 *(SORT_BY_ALIGNMENT(.stab.excl))

.stab.exclstr
 *(SORT_BY_ALIGNMENT(.stab.exclstr))

.stab.index
 *(SORT_BY_ALIGNMENT(.stab.index))

.stab.indexstr
 *(SORT_BY_ALIGNMENT(.stab.indexstr))

.gnu.build.attributes
 *(SORT_BY_ALIGNMENT(.gnu.build.attributes) SORT_BY_ALIGNMENT(.gnu.build.attributes.*))

.comment        0x0000000000000000       0x2b
 *(SORT_BY_ALIGNMENT(.comment))
 .comment       0x0000000000000000       0x2b zephyr/CMakeFiles/zephyr_final.dir/isr_tables.c.obj
                                         0x2c (size before relaxing)
 .comment       0x000000000000002b       0x2c app/libapp.a(motors_engine.c.obj)
 .comment       0x000000000000002b       0x2c app/libapp.a(d_bot_main.c.obj)
 .comment       0x000000000000002b       0x2c app/libapp.a(ir_sensors.c.obj)
 .comment       0x000000000000002b       0x2c app/libapp.a(tcs3200.c.obj)
 .comment       0x000000000000002b       0x2c app/libapp.a(usonic.c.obj)
 .comment       0x000000000000002b       0x2c zephyr/libzephyr.a(fdtable.c.obj)
 .comment       0x000000000000002b       0x2c zephyr/libzephyr.a(mempool.c.obj)
 .comment       0x000000000000002b       0x2c zephyr/libzephyr.a(sem.c.obj)
 .comment       0x000000000000002b       0x2c zephyr/libzephyr.a(thread_entry.c.obj)
 .comment       0x000000000000002b       0x2c zephyr/libzephyr.a(printk.c.obj)
 .comment       0x000000000000002b       0x2c zephyr/libzephyr.a(configs.c.obj)
 .comment       0x000000000000002b       0x2c zephyr/libzephyr.a(soc.c.obj)
 .comment       0x000000000000002b       0x2c zephyr/libzephyr.a(arm_mpu_regions.c.obj)
 .comment       0x000000000000002b       0x2c zephyr/libzephyr.a(uart_console.c.obj)
 .comment       0x000000000000002b       0x2c zephyr/libzephyr.a(exti_stm32.c.obj)
 .comment       0x000000000000002b       0x2c zephyr/libzephyr.a(clock_stm32_ll_common.c.obj)
 .comment       0x000000000000002b       0x2c zephyr/libzephyr.a(clock_stm32f2_f4_f7.c.obj)
 .comment       0x000000000000002b       0x2c zephyr/libzephyr.a(pinmux_stm32.c.obj)
 .comment       0x000000000000002b       0x2c zephyr/libzephyr.a(sys_clock_init.c.obj)
 .comment       0x000000000000002b       0x2c zephyr/libzephyr.a(cortex_m_systick.c.obj)
 .comment       0x000000000000002b       0x2c zephyr/arch/common/libarch__common.a(isr_tables.c.obj)
 .comment       0x000000000000002b       0x2c zephyr/arch/arch/arm/core/libarch__arm__core.a(swap.c.obj)
 .comment       0x000000000000002b       0x2c zephyr/arch/arch/arm/core/libarch__arm__core.a(irq_manage.c.obj)
 .comment       0x000000000000002b       0x2c zephyr/arch/arch/arm/core/libarch__arm__core.a(thread.c.obj)
 .comment       0x000000000000002b       0x2c zephyr/arch/arch/arm/core/libarch__arm__core.a(fatal.c.obj)
 .comment       0x000000000000002b       0x2c zephyr/arch/arch/arm/core/libarch__arm__core.a(nmi.c.obj)
 .comment       0x000000000000002b       0x2c zephyr/arch/arch/arm/core/libarch__arm__core.a(prep_c.c.obj)
 .comment       0x000000000000002b       0x2c zephyr/arch/arch/arm/core/cortex_m/libarch__arm__core__cortex_m.a(fault.c.obj)
 .comment       0x000000000000002b       0x2c zephyr/arch/arch/arm/core/cortex_m/libarch__arm__core__cortex_m.a(irq_init.c.obj)
 .comment       0x000000000000002b       0x2c zephyr/arch/arch/arm/core/cortex_m/libarch__arm__core__cortex_m.a(thread_abort.c.obj)
 .comment       0x000000000000002b       0x2c zephyr/arch/arch/arm/core/cortex_m/mpu/libarch__arm__core__cortex_m__mpu.a(arm_core_mpu.c.obj)
 .comment       0x000000000000002b       0x2c zephyr/arch/arch/arm/core/cortex_m/mpu/libarch__arm__core__cortex_m__mpu.a(arm_mpu.c.obj)
 .comment       0x000000000000002b       0x2c zephyr/lib/libc/newlib/liblib__libc__newlib.a(libc-hooks.c.obj)
 .comment       0x000000000000002b       0x2c zephyr/boards/arm/nucleo_f446re/libboards__arm__nucleo_f446re.a(pinmux.c.obj)
 .comment       0x000000000000002b       0x2c zephyr/drivers/gpio/libdrivers__gpio.a(gpio_stm32.c.obj)
 .comment       0x000000000000002b       0x2c zephyr/drivers/pwm/libdrivers__pwm.a(pwm_stm32.c.obj)
 .comment       0x000000000000002b       0x2c zephyr/drivers/serial/libdrivers__serial.a(uart_stm32.c.obj)
 .comment       0x000000000000002b       0x2c modules/stm32/stm32cube/lib..__modules__hal__stm32__stm32cube.a(system_stm32f4xx.c.obj)
 .comment       0x000000000000002b       0x2c modules/stm32/stm32cube/lib..__modules__hal__stm32__stm32cube.a(stm32f4xx_hal_tim.c.obj)
 .comment       0x000000000000002b       0x2c modules/stm32/stm32cube/lib..__modules__hal__stm32__stm32cube.a(stm32f4xx_ll_utils.c.obj)
 .comment       0x000000000000002b       0x2c zephyr/kernel/libkernel.a(device.c.obj)
 .comment       0x000000000000002b       0x2c zephyr/kernel/libkernel.a(errno.c.obj)
 .comment       0x000000000000002b       0x2c zephyr/kernel/libkernel.a(fatal.c.obj)
 .comment       0x000000000000002b       0x2c zephyr/kernel/libkernel.a(init.c.obj)
 .comment       0x000000000000002b       0x2c zephyr/kernel/libkernel.a(mempool.c.obj)
 .comment       0x000000000000002b       0x2c zephyr/kernel/libkernel.a(sched.c.obj)
 .comment       0x000000000000002b       0x2c zephyr/kernel/libkernel.a(sem.c.obj)
 .comment       0x000000000000002b       0x2c zephyr/kernel/libkernel.a(thread.c.obj)
 .comment       0x000000000000002b       0x2c zephyr/kernel/libkernel.a(timeout.c.obj)
 .comment       0x000000000000002b       0x2c zephyr/kernel/libkernel.a(idle.c.obj)
 .comment       0x000000000000002b       0x2c zephyr/CMakeFiles/offsets.dir/arch/arm/core/offsets/offsets.c.obj
 .comment       0x000000000000002b       0x2c /home/mmo/zephyr/arm-zephyr-eabi/bin/../lib/gcc/arm-zephyr-eabi/8.3.0/thumb/v7e-m+fp/hard/libgcc.a(_udivmoddi4.o)
 .comment       0x000000000000002b       0x2c /home/mmo/zephyr/arm-zephyr-eabi/arm-zephyr-eabi/lib/thumb/v7e-m+fp/hard/libc.a(lib_a-memcpy-stub.o)
 .comment       0x000000000000002b       0x2c /home/mmo/zephyr/arm-zephyr-eabi/arm-zephyr-eabi/lib/thumb/v7e-m+fp/hard/libc.a(lib_a-memset.o)
 .comment       0x000000000000002b       0x2c /home/mmo/zephyr/arm-zephyr-eabi/arm-zephyr-eabi/lib/thumb/v7e-m+fp/hard/libc.a(lib_a-nano-vfprintf_float.o)
 .comment       0x000000000000002b       0x2c /home/mmo/zephyr/arm-zephyr-eabi/arm-zephyr-eabi/lib/thumb/v7e-m+fp/hard/libc.a(lib_a-nano-vfprintf_i.o)
 .comment       0x000000000000002b       0x2c /home/mmo/zephyr/arm-zephyr-eabi/arm-zephyr-eabi/lib/thumb/v7e-m+fp/hard/libc.a(lib_a-dtoa.o)
 .comment       0x000000000000002b       0x2c /home/mmo/zephyr/arm-zephyr-eabi/arm-zephyr-eabi/lib/thumb/v7e-m+fp/hard/libc.a(lib_a-localeconv.o)
 .comment       0x000000000000002b       0x2c /home/mmo/zephyr/arm-zephyr-eabi/arm-zephyr-eabi/lib/thumb/v7e-m+fp/hard/libc.a(lib_a-mprec.o)
 .comment       0x000000000000002b       0x2c /home/mmo/zephyr/arm-zephyr-eabi/arm-zephyr-eabi/lib/thumb/v7e-m+fp/hard/libc.a(lib_a-nano-callocr.o)
 .comment       0x000000000000002b       0x2c /home/mmo/zephyr/arm-zephyr-eabi/arm-zephyr-eabi/lib/thumb/v7e-m+fp/hard/libc.a(lib_a-nano-mallocr.o)
 .comment       0x000000000000002b       0x2c /home/mmo/zephyr/arm-zephyr-eabi/arm-zephyr-eabi/lib/thumb/v7e-m+fp/hard/libc.a(lib_a-sbrkr.o)
 .comment       0x000000000000002b       0x2c /home/mmo/zephyr/arm-zephyr-eabi/arm-zephyr-eabi/lib/thumb/v7e-m+fp/hard/libc.a(lib_a-locale.o)
 .comment       0x000000000000002b       0x2c /home/mmo/zephyr/arm-zephyr-eabi/arm-zephyr-eabi/lib/thumb/v7e-m+fp/hard/libc.a(lib_a-mbtowc_r.o)
 .comment       0x000000000000002b       0x2c /home/mmo/zephyr/arm-zephyr-eabi/arm-zephyr-eabi/lib/thumb/v7e-m+fp/hard/libc.a(lib_a-mlock.o)
 .comment       0x000000000000002b       0x2c /home/mmo/zephyr/arm-zephyr-eabi/arm-zephyr-eabi/lib/thumb/v7e-m+fp/hard/libc.a(lib_a-reent.o)
 .comment       0x000000000000002b       0x2c /home/mmo/zephyr/arm-zephyr-eabi/arm-zephyr-eabi/lib/thumb/v7e-m+fp/hard/libc.a(lib_a-wctomb_r.o)
 .comment       0x000000000000002b       0x2c /home/mmo/zephyr/arm-zephyr-eabi/arm-zephyr-eabi/lib/thumb/v7e-m+fp/hard/libc.a(lib_a-ctype_.o)

.debug
 *(SORT_BY_ALIGNMENT(.debug))

.line
 *(SORT_BY_ALIGNMENT(.line))

.debug_srcinfo
 *(SORT_BY_ALIGNMENT(.debug_srcinfo))

.debug_sfnames
 *(SORT_BY_ALIGNMENT(.debug_sfnames))

.debug_aranges  0x0000000000000000     0x14c0
 *(SORT_BY_ALIGNMENT(.debug_aranges))
 .debug_aranges
                0x0000000000000000       0x20 zephyr/arch/arch/arm/core/libarch__arm__core.a(exc_exit.S.obj)
 .debug_aranges
                0x0000000000000020       0x28 zephyr/arch/arch/arm/core/libarch__arm__core.a(swap_helper.S.obj)
 .debug_aranges
                0x0000000000000048       0x30 zephyr/arch/arch/arm/core/libarch__arm__core.a(cpu_idle.S.obj)
 .debug_aranges
                0x0000000000000078       0x20 zephyr/arch/arch/arm/core/libarch__arm__core.a(fault_s.S.obj)
 .debug_aranges
                0x0000000000000098       0x20 zephyr/arch/arch/arm/core/libarch__arm__core.a(nmi_on_reset.S.obj)
 .debug_aranges
                0x00000000000000b8       0x20 zephyr/arch/arch/arm/core/libarch__arm__core.a(isr_wrapper.S.obj)
 .debug_aranges
                0x00000000000000d8       0x20 zephyr/arch/arch/arm/core/cortex_m/libarch__arm__core__cortex_m.a(reset.S.obj)
 .debug_aranges
                0x00000000000000f8       0x20 /home/mmo/zephyr/arm-zephyr-eabi/bin/../lib/gcc/arm-zephyr-eabi/8.3.0/thumb/v7e-m+fp/hard/libgcc.a(_arm_addsubdf3.o)
 .debug_aranges
                0x0000000000000118       0x20 /home/mmo/zephyr/arm-zephyr-eabi/bin/../lib/gcc/arm-zephyr-eabi/8.3.0/thumb/v7e-m+fp/hard/libgcc.a(_arm_muldivdf3.o)
 .debug_aranges
                0x0000000000000138       0x20 /home/mmo/zephyr/arm-zephyr-eabi/bin/../lib/gcc/arm-zephyr-eabi/8.3.0/thumb/v7e-m+fp/hard/libgcc.a(_arm_cmpdf2.o)
 .debug_aranges
                0x0000000000000158       0x20 /home/mmo/zephyr/arm-zephyr-eabi/bin/../lib/gcc/arm-zephyr-eabi/8.3.0/thumb/v7e-m+fp/hard/libgcc.a(_aeabi_uldivmod.o)
 .debug_aranges
                0x0000000000000178       0x20 /home/mmo/zephyr/arm-zephyr-eabi/bin/../lib/gcc/arm-zephyr-eabi/8.3.0/thumb/v7e-m+fp/hard/libgcc.a(_dvmd_tls.o)
 .debug_aranges
                0x0000000000000198       0x20 /home/mmo/zephyr/arm-zephyr-eabi/arm-zephyr-eabi/lib/thumb/v7e-m+fp/hard/libc.a(lib_a-strcmp.o)
 .debug_aranges
                0x00000000000001b8       0x20 /home/mmo/zephyr/arm-zephyr-eabi/arm-zephyr-eabi/lib/thumb/v7e-m+fp/hard/libc.a(lib_a-strlen.o)
 .debug_aranges
                0x00000000000001d8       0x20 /home/mmo/zephyr/arm-zephyr-eabi/arm-zephyr-eabi/lib/thumb/v7e-m+fp/hard/libc.a(lib_a-memchr.o)
 .debug_aranges
                0x00000000000001f8       0x20 /home/mmo/zephyr/arm-zephyr-eabi/bin/../lib/gcc/arm-zephyr-eabi/8.3.0/thumb/v7e-m+fp/hard/libgcc.a(_arm_unorddf2.o)
 .debug_aranges
                0x0000000000000218       0x20 /home/mmo/zephyr/arm-zephyr-eabi/bin/../lib/gcc/arm-zephyr-eabi/8.3.0/thumb/v7e-m+fp/hard/libgcc.a(_arm_fixdfsi.o)
 .debug_aranges
                0x0000000000000238       0x18 zephyr/CMakeFiles/zephyr_final.dir/isr_tables.c.obj
 .debug_aranges
                0x0000000000000250       0x48 app/libapp.a(motors_engine.c.obj)
 .debug_aranges
                0x0000000000000298       0x58 app/libapp.a(d_bot_main.c.obj)
 .debug_aranges
                0x00000000000002f0       0x30 app/libapp.a(ir_sensors.c.obj)
 .debug_aranges
                0x0000000000000320       0x48 app/libapp.a(tcs3200.c.obj)
 .debug_aranges
                0x0000000000000368       0x30 app/libapp.a(usonic.c.obj)
 .debug_aranges
                0x0000000000000398       0x50 zephyr/libzephyr.a(fdtable.c.obj)
 .debug_aranges
                0x00000000000003e8       0x68 zephyr/libzephyr.a(mempool.c.obj)
 .debug_aranges
                0x0000000000000450       0x38 zephyr/libzephyr.a(sem.c.obj)
 .debug_aranges
                0x0000000000000488       0x20 zephyr/libzephyr.a(thread_entry.c.obj)
 .debug_aranges
                0x00000000000004a8       0x80 zephyr/libzephyr.a(printk.c.obj)
 .debug_aranges
                0x0000000000000528       0x20 zephyr/libzephyr.a(configs.c.obj)
 .debug_aranges
                0x0000000000000548       0x20 zephyr/libzephyr.a(soc.c.obj)
 .debug_aranges
                0x0000000000000568       0x18 zephyr/libzephyr.a(arm_mpu_regions.c.obj)
 .debug_aranges
                0x0000000000000580       0x30 zephyr/libzephyr.a(uart_console.c.obj)
 .debug_aranges
                0x00000000000005b0       0xa8 zephyr/libzephyr.a(exti_stm32.c.obj)
 .debug_aranges
                0x0000000000000658       0x38 zephyr/libzephyr.a(clock_stm32_ll_common.c.obj)
 .debug_aranges
                0x0000000000000690       0x30 zephyr/libzephyr.a(clock_stm32f2_f4_f7.c.obj)
 .debug_aranges
                0x00000000000006c0       0x28 zephyr/libzephyr.a(pinmux_stm32.c.obj)
 .debug_aranges
                0x00000000000006e8       0x40 zephyr/libzephyr.a(sys_clock_init.c.obj)
 .debug_aranges
                0x0000000000000728       0x58 zephyr/libzephyr.a(cortex_m_systick.c.obj)
 .debug_aranges
                0x0000000000000780       0x18 zephyr/arch/common/libarch__common.a(isr_tables.c.obj)
 .debug_aranges
                0x0000000000000798       0x20 zephyr/arch/arch/arm/core/libarch__arm__core.a(swap.c.obj)
 .debug_aranges
                0x00000000000007b8       0x40 zephyr/arch/arch/arm/core/libarch__arm__core.a(irq_manage.c.obj)
 .debug_aranges
                0x00000000000007f8       0x30 zephyr/arch/arch/arm/core/libarch__arm__core.a(thread.c.obj)
 .debug_aranges
                0x0000000000000828       0x30 zephyr/arch/arch/arm/core/libarch__arm__core.a(fatal.c.obj)
 .debug_aranges
                0x0000000000000858       0x20 zephyr/arch/arch/arm/core/libarch__arm__core.a(nmi.c.obj)
 .debug_aranges
                0x0000000000000878       0x20 zephyr/arch/arch/arm/core/libarch__arm__core.a(prep_c.c.obj)
 .debug_aranges
                0x0000000000000898       0x40 zephyr/arch/arch/arm/core/cortex_m/libarch__arm__core__cortex_m.a(fault.c.obj)
 .debug_aranges
                0x00000000000008d8       0x20 zephyr/arch/arch/arm/core/cortex_m/libarch__arm__core__cortex_m.a(irq_init.c.obj)
 .debug_aranges
                0x00000000000008f8       0x20 zephyr/arch/arch/arm/core/cortex_m/libarch__arm__core__cortex_m.a(thread_abort.c.obj)
 .debug_aranges
                0x0000000000000918       0x28 zephyr/arch/arch/arm/core/cortex_m/mpu/libarch__arm__core__cortex_m__mpu.a(arm_core_mpu.c.obj)
 .debug_aranges
                0x0000000000000940       0x48 zephyr/arch/arch/arm/core/cortex_m/mpu/libarch__arm__core__cortex_m__mpu.a(arm_mpu.c.obj)
 .debug_aranges
                0x0000000000000988       0xa0 zephyr/lib/libc/newlib/liblib__libc__newlib.a(libc-hooks.c.obj)
 .debug_aranges
                0x0000000000000a28       0x20 zephyr/boards/arm/nucleo_f446re/libboards__arm__nucleo_f446re.a(pinmux.c.obj)
 .debug_aranges
                0x0000000000000a48       0x68 zephyr/drivers/gpio/libdrivers__gpio.a(gpio_stm32.c.obj)
 .debug_aranges
                0x0000000000000ab0       0x30 zephyr/drivers/pwm/libdrivers__pwm.a(pwm_stm32.c.obj)
 .debug_aranges
                0x0000000000000ae0       0x58 zephyr/drivers/serial/libdrivers__serial.a(uart_stm32.c.obj)
 .debug_aranges
                0x0000000000000b38       0x28 modules/stm32/stm32cube/lib..__modules__hal__stm32__stm32cube.a(system_stm32f4xx.c.obj)
 .debug_aranges
                0x0000000000000b60      0x278 modules/stm32/stm32cube/lib..__modules__hal__stm32__stm32cube.a(stm32f4xx_hal_tim.c.obj)
 .debug_aranges
                0x0000000000000dd8       0x60 modules/stm32/stm32cube/lib..__modules__hal__stm32__stm32cube.a(stm32f4xx_ll_utils.c.obj)
 .debug_aranges
                0x0000000000000e38       0x30 zephyr/kernel/libkernel.a(device.c.obj)
 .debug_aranges
                0x0000000000000e68       0x20 zephyr/kernel/libkernel.a(errno.c.obj)
 .debug_aranges
                0x0000000000000e88       0x38 zephyr/kernel/libkernel.a(fatal.c.obj)
 .debug_aranges
                0x0000000000000ec0       0x48 zephyr/kernel/libkernel.a(init.c.obj)
 .debug_aranges
                0x0000000000000f08       0x50 zephyr/kernel/libkernel.a(mempool.c.obj)
 .debug_aranges
                0x0000000000000f58      0x188 zephyr/kernel/libkernel.a(sched.c.obj)
 .debug_aranges
                0x00000000000010e0       0x30 zephyr/kernel/libkernel.a(sem.c.obj)
 .debug_aranges
                0x0000000000001110       0xd8 zephyr/kernel/libkernel.a(thread.c.obj)
 .debug_aranges
                0x00000000000011e8       0x78 zephyr/kernel/libkernel.a(timeout.c.obj)
 .debug_aranges
                0x0000000000001260       0x28 zephyr/kernel/libkernel.a(idle.c.obj)
 .debug_aranges
                0x0000000000001288       0x20 zephyr/CMakeFiles/offsets.dir/arch/arm/core/offsets/offsets.c.obj
 .debug_aranges
                0x00000000000012a8       0x20 /home/mmo/zephyr/arm-zephyr-eabi/bin/../lib/gcc/arm-zephyr-eabi/8.3.0/thumb/v7e-m+fp/hard/libgcc.a(_udivmoddi4.o)
 .debug_aranges
                0x00000000000012c8       0x20 /home/mmo/zephyr/arm-zephyr-eabi/arm-zephyr-eabi/lib/thumb/v7e-m+fp/hard/libc.a(lib_a-memcpy-stub.o)
 .debug_aranges
                0x00000000000012e8       0x20 /home/mmo/zephyr/arm-zephyr-eabi/arm-zephyr-eabi/lib/thumb/v7e-m+fp/hard/libc.a(lib_a-memset.o)
 .debug_aranges
                0x0000000000001308       0x20 /home/mmo/zephyr/arm-zephyr-eabi/arm-zephyr-eabi/lib/thumb/v7e-m+fp/hard/libc.a(lib_a-nano-vfprintf_float.o)
 .debug_aranges
                0x0000000000001328       0x20 /home/mmo/zephyr/arm-zephyr-eabi/arm-zephyr-eabi/lib/thumb/v7e-m+fp/hard/libc.a(lib_a-nano-vfprintf_i.o)
 .debug_aranges
                0x0000000000001348       0x20 /home/mmo/zephyr/arm-zephyr-eabi/arm-zephyr-eabi/lib/thumb/v7e-m+fp/hard/libc.a(lib_a-dtoa.o)
 .debug_aranges
                0x0000000000001368       0x20 /home/mmo/zephyr/arm-zephyr-eabi/arm-zephyr-eabi/lib/thumb/v7e-m+fp/hard/libc.a(lib_a-localeconv.o)
 .debug_aranges
                0x0000000000001388       0x20 /home/mmo/zephyr/arm-zephyr-eabi/arm-zephyr-eabi/lib/thumb/v7e-m+fp/hard/libc.a(lib_a-mprec.o)
 .debug_aranges
                0x00000000000013a8       0x20 /home/mmo/zephyr/arm-zephyr-eabi/arm-zephyr-eabi/lib/thumb/v7e-m+fp/hard/libc.a(lib_a-nano-callocr.o)
 .debug_aranges